2026-05-03T19:34:53.873Z [info]: Commit Tag: $GIT_SHA 
2026-05-03T19:34:54.190Z [info]: Starting Jellyseerr version 2.7.3 
2026-05-03T19:34:54.795Z [info][Notifications]: Registered notification agents 
2026-05-03T19:34:54.842Z [info][Jobs]: Scheduled jobs loaded 
2026-05-03T19:34:54.897Z [info][Server]: Server ready on port 5055 
2026-05-03T19:35:00.007Z [info][Jobs]: Starting scheduled job: Jellyfin Recently Added Scan 
2026-05-03T19:35:00.007Z [info][Jellyfin Sync]: Jellyfin Sync Starting {"sessionId":"03d199c6-67d5-4214-994b-c81cce5945be"}
2026-05-03T19:35:00.010Z [info][Jellyfin Sync]: Beginning to process recently added for library: Movies 
2026-05-03T19:35:00.040Z [error][Jellyfin API]: Something went wrong while getting library content from the Jellyfin server: Request failed with status code 503 {"error":503}
2026-05-03T19:35:00.040Z [error][Jellyfin Sync]: Sync interrupted {"errorMessage":""}
2026-05-03T19:35:27.127Z [info]: Commit Tag: $GIT_SHA 
2026-05-03T19:35:27.248Z [info]: Starting Jellyseerr version 2.7.3 
2026-05-03T19:35:27.461Z [info][Notifications]: Registered notification agents 
2026-05-03T19:35:27.472Z [info][Jobs]: Scheduled jobs loaded 
2026-05-03T19:35:27.530Z [info][Server]: Server ready on port 5055 
2026-05-03T19:37:08.119Z [info][Media Request]: Request has an override quality profile ID: 4 {"requestId":26,"mediaId":23}
2026-05-03T19:37:08.124Z [info][Notifications]: Sending notification(s) for MEDIA_AUTO_APPROVED {"subject":"Sniper: No Nation (2026)"}
2026-05-03T19:37:08.127Z [info][Media Request]: Sent request to Radarr {"requestId":26,"mediaId":23}
2026-05-03T19:37:08.316Z [info][Radarr]: Radarr accepted request 
2026-05-03T19:40:00.011Z [info][Jobs]: Starting scheduled job: Jellyfin Recently Added Scan 
2026-05-03T19:40:00.012Z [info][Jellyfin Sync]: Jellyfin Sync Starting {"sessionId":"204778d3-9852-4945-bab1-814d2324a365"}
2026-05-03T19:40:00.017Z [info][Jellyfin Sync]: Beginning to process recently added for library: Movies 
2026-05-03T19:40:04.184Z [info][Jellyfin Sync]: Beginning to process recently added for library: Shows 
2026-05-03T19:40:08.205Z [info][Jellyfin Sync]: Recently Added Scan Complete 
2026-05-03T19:45:00.007Z [info][Jobs]: Starting scheduled job: Jellyfin Recently Added Scan 
2026-05-03T19:45:00.008Z [info][Jellyfin Sync]: Jellyfin Sync Starting {"sessionId":"418f1db7-96c5-480d-bb8e-df5d7ab91ada"}
2026-05-03T19:45:00.013Z [info][Jellyfin Sync]: Beginning to process recently added for library: Movies 
2026-05-03T19:45:04.061Z [info][Jellyfin Sync]: Beginning to process recently added for library: Shows 
2026-05-03T19:45:08.081Z [info][Jellyfin Sync]: Recently Added Scan Complete 
2026-05-03T19:50:00.008Z [info][Jobs]: Starting scheduled job: Jellyfin Recently Added Scan 
2026-05-03T19:50:00.009Z [info][Jellyfin Sync]: Jellyfin Sync Starting {"sessionId":"7069fff3-0bd9-4a11-8ce5-9880eaee353c"}
2026-05-03T19:50:00.011Z [info][Jellyfin Sync]: Beginning to process recently added for library: Movies 
2026-05-03T19:50:04.137Z [info][Jellyfin Sync]: Beginning to process recently added for library: Shows 
2026-05-03T19:50:08.157Z [info][Jellyfin Sync]: Recently Added Scan Complete 
2026-05-04T00:36:30.951Z [info]: Commit Tag: $GIT_SHA 
2026-05-04T00:36:31.131Z [info]: Starting Jellyseerr version 2.7.3 
2026-05-04T00:36:31.490Z [info][Notifications]: Registered notification agents 
2026-05-04T00:36:31.507Z [info][Jobs]: Scheduled jobs loaded 
2026-05-04T00:36:31.589Z [info][Server]: Server ready on port 5055 
2026-05-04T00:40:00.049Z [info][Jobs]: Starting scheduled job: Jellyfin Recently Added Scan 
2026-05-04T00:40:00.054Z [info][Jellyfin Sync]: Jellyfin Sync Starting {"sessionId":"d35fe87a-bc3c-4e8d-bf55-9417d78200a8"}
2026-05-04T00:40:00.069Z [info][Jellyfin Sync]: Beginning to process recently added for library: Movies 
2026-05-04T00:40:04.469Z [info][Jellyfin Sync]: Beginning to process recently added for library: Shows 
2026-05-04T00:40:08.543Z [info][Jellyfin Sync]: Recently Added Scan Complete 
2026-05-04T00:45:00.053Z [info][Jobs]: Starting scheduled job: Jellyfin Recently Added Scan 
2026-05-04T00:45:00.056Z [info][Jellyfin Sync]: Jellyfin Sync Starting {"sessionId":"e1c3267b-b6e2-440e-99ed-45c4ac988a4b"}
2026-05-04T00:45:00.069Z [info][Jellyfin Sync]: Beginning to process recently added for library: Movies 
2026-05-04T00:45:00.247Z [info][Jellyfin Sync]: Request for Vaazha exists. New media types set to AVAILABLE 
2026-05-04T00:45:00.255Z [info][Notifications]: Sending notification(s) for MEDIA_AVAILABLE {"subject":"Vaazha (2024)"}
2026-05-04T00:45:04.253Z [info][Jellyfin Sync]: Beginning to process recently added for library: Shows 
2026-05-04T00:45:08.261Z [info][Jellyfin Sync]: Recently Added Scan Complete 
2026-05-04T00:50:00.016Z [info][Jobs]: Starting scheduled job: Jellyfin Recently Added Scan 
2026-05-04T00:50:00.018Z [info][Jellyfin Sync]: Jellyfin Sync Starting {"sessionId":"eafbd3a3-80b1-4bb5-a6cf-07431cb370bd"}
2026-05-04T00:50:00.044Z [info][Jellyfin Sync]: Beginning to process recently added for library: Movies 
2026-05-04T00:50:04.173Z [info][Jellyfin Sync]: Beginning to process recently added for library: Shows 
2026-05-04T00:50:08.195Z [info][Jellyfin Sync]: Recently Added Scan Complete 
2026-05-04T00:55:00.038Z [info][Jobs]: Starting scheduled job: Jellyfin Recently Added Scan 
2026-05-04T00:55:00.040Z [info][Jellyfin Sync]: Jellyfin Sync Starting {"sessionId":"53b7d91c-2320-44ec-827a-7ef68adb8ac1"}
2026-05-04T00:55:00.050Z [info][Jellyfin Sync]: Beginning to process recently added for library: Movies 
2026-05-04T00:55:04.185Z [info][Jellyfin Sync]: Beginning to process recently added for library: Shows 
2026-05-04T00:55:08.209Z [info][Jellyfin Sync]: Recently Added Scan Complete 
2026-05-04T01:00:00.024Z [info][Jobs]: Starting scheduled job: Jellyfin Recently Added Scan 
2026-05-04T01:00:00.028Z [info][Jellyfin Sync]: Jellyfin Sync Starting {"sessionId":"06e0f444-f6e6-49e4-b32a-154a68f0e568"}
2026-05-04T01:00:00.037Z [info][Jobs]: Starting scheduled job: Media Availability Sync 
2026-05-04T01:00:00.039Z [info][Availability Sync]: Starting availability sync... 
2026-05-04T01:00:00.044Z [info][Jobs]: Starting scheduled job: Sonarr Scan 
2026-05-04T01:00:00.044Z [info][Sonarr Scan]: Scan starting {"sessionId":"5df9f3eb-2db0-4639-8c66-92e27bd3d49f"}
2026-05-04T01:00:00.045Z [info][Sonarr Scan]: Sonarr scan complete 
2026-05-04T01:00:00.047Z [info][Jobs]: Starting scheduled job: Radarr Scan 
2026-05-04T01:00:00.047Z [info][Radarr Scan]: Scan starting {"sessionId":"1f9cfd6d-cde4-4f09-80ac-015b8b783a0e"}
2026-05-04T01:00:00.047Z [info][Radarr Scan]: Radarr scan complete 
2026-05-04T01:00:00.050Z [info][Jobs]: Starting scheduled job: Jellyfin Full Scan 
2026-05-04T01:00:00.050Z [info][Jellyfin Sync]: Jellyfin Sync Starting {"sessionId":"1a0721b7-8253-44d8-ac5a-a32e81bd080f"}
2026-05-04T01:00:00.052Z [info][Jellyfin Sync]: Beginning to process recently added for library: Movies 
2026-05-04T01:00:00.057Z [info][Jellyfin Sync]: Beginning to process library: Movies 
2026-05-04T01:00:00.135Z [info][AvailabilitySync]: The non-4K show [TMDB ID 124364] still exists. Preventing removal. 
2026-05-04T01:00:00.139Z [info][AvailabilitySync]: The non-4K movie [TMDB ID 1383072] still exists. Preventing removal. 
2026-05-04T01:00:00.143Z [info][AvailabilitySync]: The non-4K movie [TMDB ID 1226863] still exists. Preventing removal. 
2026-05-04T01:00:00.146Z [info][AvailabilitySync]: The non-4K movie [TMDB ID 980477] still exists. Preventing removal. 
2026-05-04T01:00:00.149Z [info][AvailabilitySync]: The non-4K movie [TMDB ID 615453] still exists. Preventing removal. 
2026-05-04T01:00:00.151Z [info][AvailabilitySync]: The non-4K movie [TMDB ID 438631] still exists. Preventing removal. 
2026-05-04T01:00:00.153Z [info][AvailabilitySync]: The non-4K movie [TMDB ID 1189518] still exists. Preventing removal. 
2026-05-04T01:00:00.154Z [info][Availability Sync]: Availability sync complete. 
2026-05-04T01:00:00.266Z [error][Jellyfin Sync]: Failed to process Jellyfin item, id: 3a2ba261750c319f917b38a267fc776f {"errorMessage":"Unable to find TMDb ID","jellyfinitem":{"Name":"TestMovie (2024)","ServerId":"3b7bf31d74a4418a8d9b202fcb638c73","Id":"3a2ba261750c319f917b38a267fc776f","Container":"mov,mp4,m4a,3gp,3g2,mj2","ChannelId":null,"RunTimeTicks":4064420860,"ProductionYear":2024,"IsFolder":false,"Type":"Movie","VideoType":"VideoFile","ImageTags":{"Primary":"a1815cbd2c8f5f94729fac19613700bd"},"BackdropImageTags":[],"ImageBlurHashes":{"Primary":{"a1815cbd2c8f5f94729fac19613700bd":"W9BU]k$%5T-nxawg1Os;AHJU^O$k9zoz^Oa$kC=_}q%1=x$%NeXS"}},"LocationType":"FileSystem","MediaType":"Video"}}
2026-05-04T01:00:04.180Z [info][Jellyfin Sync]: Beginning to process recently added for library: Shows 
2026-05-04T01:00:04.284Z [info][Jellyfin Sync]: Beginning to process library: Shows 
2026-05-04T01:00:08.197Z [info][Jellyfin Sync]: Recently Added Scan Complete 
2026-05-04T01:00:08.352Z [info][Jellyfin Sync]: Full Scan Complete 
2026-05-04T01:05:00.028Z [info][Jobs]: Starting scheduled job: Jellyfin Recently Added Scan 
2026-05-04T01:05:00.031Z [info][Jellyfin Sync]: Jellyfin Sync Starting {"sessionId":"baa7b5db-39dd-4d3b-af3f-62a2d90a5713"}
2026-05-04T01:05:00.042Z [info][Jellyfin Sync]: Beginning to process recently added for library: Movies 
2026-05-04T01:05:04.103Z [info][Jellyfin Sync]: Beginning to process recently added for library: Shows 
2026-05-04T01:05:08.118Z [info][Jellyfin Sync]: Recently Added Scan Complete 
2026-05-04T01:10:00.013Z [info][Jobs]: Starting scheduled job: Jellyfin Recently Added Scan 
2026-05-04T01:10:00.014Z [info][Jellyfin Sync]: Jellyfin Sync Starting {"sessionId":"3758b40f-88a2-4538-baff-738c50ecd765"}
2026-05-04T01:10:00.019Z [info][Jellyfin Sync]: Beginning to process recently added for library: Movies 
2026-05-04T01:10:04.135Z [info][Jellyfin Sync]: Beginning to process recently added for library: Shows 
2026-05-04T01:10:08.141Z [info][Jellyfin Sync]: Recently Added Scan Complete 
2026-05-04T01:14:04.510Z [error][Media]: [Radarr] Failed to remove movie: Request failed with status code 404 
2026-05-04T01:14:06.313Z [error][Media]: [Radarr] Failed to remove movie: Request failed with status code 404 
2026-05-04T01:15:00.010Z [info][Jobs]: Starting scheduled job: Jellyfin Recently Added Scan 
2026-05-04T01:15:00.011Z [info][Jellyfin Sync]: Jellyfin Sync Starting {"sessionId":"5f254b19-1ade-408b-b0f0-fb270e72bc10"}
2026-05-04T01:15:00.017Z [info][Jellyfin Sync]: Beginning to process recently added for library: Movies 
2026-05-04T01:15:04.078Z [info][Jellyfin Sync]: Beginning to process recently added for library: Shows 
2026-05-04T01:15:08.096Z [info][Jellyfin Sync]: Recently Added Scan Complete 
2026-05-04T01:26:58.893Z [info]: Commit Tag: $GIT_SHA 
2026-05-04T01:26:59.083Z [info]: Starting Jellyseerr version 2.7.3 
2026-05-04T01:26:59.401Z [info][Notifications]: Registered notification agents 
2026-05-04T01:26:59.420Z [info][Jobs]: Scheduled jobs loaded 
2026-05-04T01:26:59.507Z [info][Server]: Server ready on port 5055 
2026-05-04T01:37:41.738Z [info]: Commit Tag: $GIT_SHA 
2026-05-04T01:37:41.902Z [info]: Starting Jellyseerr version 2.7.3 
2026-05-04T01:37:42.197Z [info][Notifications]: Registered notification agents 
2026-05-04T01:37:42.212Z [info][Jobs]: Scheduled jobs loaded 
2026-05-04T01:37:42.277Z [info][Server]: Server ready on port 5055 
2026-05-04T01:38:16.631Z [info][API]: Found matching Jellyfin user; updating user with Jellyfin {"ip":"::ffff:172.20.0.17","jellyfinUsername":"Sandeep"}
2026-05-04T02:33:59.964Z [info]: Commit Tag: $GIT_SHA 
2026-05-04T02:34:00.207Z [info]: Starting Jellyseerr version 2.7.3 
2026-05-04T02:34:00.659Z [info][Notifications]: Registered notification agents 
2026-05-04T02:34:00.685Z [info][Jobs]: Scheduled jobs loaded 
2026-05-04T02:34:00.743Z [info][Server]: Server ready on port 5055 
2026-05-04T02:35:00.010Z [info][Jobs]: Starting scheduled job: Jellyfin Recently Added Scan 
2026-05-04T02:35:00.011Z [info][Jellyfin Sync]: Jellyfin Sync Starting {"sessionId":"cabe0c12-3a6d-4191-af1c-c1132a604546"}
2026-05-04T02:35:00.015Z [info][Jellyfin Sync]: Beginning to process recently added for library: Movies 
2026-05-04T02:35:04.451Z [info][Jellyfin Sync]: Beginning to process recently added for library: Shows 
2026-05-04T02:35:08.523Z [info][Jellyfin Sync]: Recently Added Scan Complete 
