{"Protocol":0,"Id":"df07b371a368c4f750ac3bfd013b42b4","Path":"/data/media/movies/Ne Zha 2 (2025)/Ne Zha 2 2025 1080p Chinese WEB-DL HEVC x265 5.1 BONE.mkv","EncoderPath":null,"EncoderProtocol":null,"Type":0,"Container":"mkv","Size":2083164888,"Name":"Ne Zha 2 2025 1080p Chinese WEB-DL HEVC x265 5.1 BONE","IsRemote":false,"ETag":"8f7b9d4c21b953ec524d830f9a2db004","RunTimeTicks":86387410000,"ReadAtNativeFramerate":false,"IgnoreDts":false,"IgnoreIndex":false,"GenPtsInput":false,"SupportsTranscoding":true,"SupportsDirectStream":true,"SupportsDirectPlay":true,"IsInfiniteStream":false,"UseMostCompatibleTranscodingProfile":false,"RequiresOpening":false,"OpenToken":null,"RequiresClosing":false,"LiveStreamId":null,"BufferMs":null,"RequiresLooping":false,"SupportsProbing":true,"VideoType":0,"IsoType":null,"Video3DFormat":null,"MediaStreams":[{"Codec":"hevc","CodecTag":null,"Language":null,"ColorRange":null,"ColorSpace":"bt709","ColorTransfer":"bt709","ColorPrimaries":"bt709","DvVersionMajor":null,"DvVersionMinor":null,"DvProfile":null,"DvLevel":null,"RpuPresentFlag":null,"ElPresentFlag":null,"BlPresentFlag":null,"DvBlSignalCompatibilityId":null,"Rotation":null,"Comment":null,"TimeBase":"1/1000","CodecTimeBase":null,"Title":null,"Hdr10PlusPresentFlag":null,"VideoRange":1,"VideoRangeType":1,"VideoDoViTitle":null,"AudioSpatialFormat":0,"LocalizedUndefined":null,"LocalizedDefault":null,"LocalizedForced":null,"LocalizedExternal":null,"LocalizedHearingImpaired":null,"DisplayTitle":"1080p HEVC SDR","NalLengthSize":null,"IsInterlaced":false,"IsAVC":false,"ChannelLayout":null,"BitRate":1929137,"BitDepth":8,"RefFrames":1,"PacketLength":null,"Channels":null,"SampleRate":null,"IsDefault":true,"IsForced":false,"IsHearingImpaired":false,"Height":804,"Width":1920,"AverageFrameRate":24,"RealFrameRate":24,"ReferenceFrameRate":24,"Profile":"Main","Type":1,"AspectRatio":"2.40:1","Index":0,"Score":null,"IsExternal":false,"DeliveryMethod":null,"DeliveryUrl":null,"IsExternalUrl":null,"IsTextSubtitleStream":false,"SupportsExternalStream":false,"Path":null,"PixelFormat":"yuv420p","Level":120,"IsAnamorphic":false},{"Codec":"aac","CodecTag":null,"Language":"zho","ColorRange":null,"ColorSpace":null,"ColorTransfer":null,"ColorPrimaries":null,"DvVersionMajor":null,"DvVersionMinor":null,"DvProfile":null,"DvLevel":null,"RpuPresentFlag":null,"ElPresentFlag":null,"BlPresentFlag":null,"DvBlSignalCompatibilityId":null,"Rotation":null,"Comment":null,"TimeBase":"1/1000","CodecTimeBase":null,"Title":"\u675C\u6BD4\u97F3\u6548,\u666E\u901A\u8BDD","Hdr10PlusPresentFlag":null,"VideoRange":0,"VideoRangeType":0,"VideoDoViTitle":null,"AudioSpatialFormat":0,"LocalizedUndefined":null,"LocalizedDefault":"Default","LocalizedForced":null,"LocalizedExternal":"External","LocalizedHearingImpaired":null,"DisplayTitle":"\u675C\u6BD4\u97F3\u6548,\u666E\u901A\u8BDD - Chinese - AAC - 5.1 - Default","NalLengthSize":null,"IsInterlaced":false,"IsAVC":false,"ChannelLayout":"5.1","BitRate":320000,"BitDepth":null,"RefFrames":null,"PacketLength":null,"Channels":6,"SampleRate":48000,"IsDefault":true,"IsForced":false,"IsHearingImpaired":false,"Height":null,"Width":null,"AverageFrameRate":null,"RealFrameRate":null,"ReferenceFrameRate":null,"Profile":"LC","Type":0,"AspectRatio":null,"Index":1,"Score":null,"IsExternal":false,"DeliveryMethod":null,"DeliveryUrl":null,"IsExternalUrl":null,"IsTextSubtitleStream":false,"SupportsExternalStream":false,"Path":null,"PixelFormat":null,"Level":0,"IsAnamorphic":null},{"Codec":"ass","CodecTag":null,"Language":"eng","ColorRange":null,"ColorSpace":null,"ColorTransfer":null,"ColorPrimaries":null,"DvVersionMajor":null,"DvVersionMinor":null,"DvProfile":null,"DvLevel":null,"RpuPresentFlag":null,"ElPresentFlag":null,"BlPresentFlag":null,"DvBlSignalCompatibilityId":null,"Rotation":null,"Comment":null,"TimeBase":"1/1000","CodecTimeBase":null,"Title":null,"Hdr10PlusPresentFlag":null,"VideoRange":0,"VideoRangeType":0,"VideoDoViTitle":null,"AudioSpatialFormat":0,"LocalizedUndefined":"Undefined","LocalizedDefault":"Default","LocalizedForced":"Forced","LocalizedExternal":"External","LocalizedHearingImpaired":"Hearing Impaired","DisplayTitle":"English - ASS","NalLengthSize":null,"IsInterlaced":false,"IsAVC":false,"ChannelLayout":null,"BitRate":null,"BitDepth":null,"RefFrames":null,"PacketLength":null,"Channels":null,"SampleRate":null,"IsDefault":false,"IsForced":false,"IsHearingImpaired":false,"Height":0,"Width":0,"AverageFrameRate":null,"RealFrameRate":null,"ReferenceFrameRate":null,"Profile":null,"Type":2,"AspectRatio":null,"Index":2,"Score":null,"IsExternal":false,"DeliveryMethod":null,"DeliveryUrl":null,"IsExternalUrl":null,"IsTextSubtitleStream":true,"SupportsExternalStream":true,"Path":null,"PixelFormat":null,"Level":0,"IsAnamorphic":null},{"Codec":"ass","CodecTag":null,"Language":"zho","ColorRange":null,"ColorSpace":null,"ColorTransfer":null,"ColorPrimaries":null,"DvVersionMajor":null,"DvVersionMinor":null,"DvProfile":null,"DvLevel":null,"RpuPresentFlag":null,"ElPresentFlag":null,"BlPresentFlag":null,"DvBlSignalCompatibilityId":null,"Rotation":null,"Comment":null,"TimeBase":"1/1000","CodecTimeBase":null,"Title":"\u7B80\u4F53\u4E2D\u6587","Hdr10PlusPresentFlag":null,"VideoRange":0,"VideoRangeType":0,"VideoDoViTitle":null,"AudioSpatialFormat":0,"LocalizedUndefined":"Undefined","LocalizedDefault":"Default","LocalizedForced":"Forced","LocalizedExternal":"External","LocalizedHearingImpaired":"Hearing Impaired","DisplayTitle":"\u7B80\u4F53\u4E2D\u6587 - Chinese - ASS","NalLengthSize":null,"IsInterlaced":false,"IsAVC":false,"ChannelLayout":null,"BitRate":null,"BitDepth":null,"RefFrames":null,"PacketLength":null,"Channels":null,"SampleRate":null,"IsDefault":false,"IsForced":false,"IsHearingImpaired":false,"Height":0,"Width":0,"AverageFrameRate":null,"RealFrameRate":null,"ReferenceFrameRate":null,"Profile":null,"Type":2,"AspectRatio":null,"Index":3,"Score":null,"IsExternal":false,"DeliveryMethod":null,"DeliveryUrl":null,"IsExternalUrl":null,"IsTextSubtitleStream":true,"SupportsExternalStream":true,"Path":null,"PixelFormat":null,"Level":0,"IsAnamorphic":null}],"MediaAttachments":[],"Formats":[],"Bitrate":2249137,"FallbackMaxStreamingBitrate":null,"Timestamp":null,"RequiredHttpHeaders":{},"TranscodingUrl":null,"TranscodingSubProtocol":0,"TranscodingContainer":null,"AnalyzeDurationMs":null,"DefaultAudioStreamIndex":null,"DefaultSubtitleStreamIndex":null,"HasSegments":false}

/usr/lib/jellyfin-ffmpeg/ffmpeg -analyzeduration 200M -probesize 1G  -i file:"/data/media/movies/Ne Zha 2 (2025)/Ne Zha 2 2025 1080p Chinese WEB-DL HEVC x265 5.1 BONE.mkv" -map_metadata -1 -map_chapters -1 -threads 0 -map 0:0 -map 0:1 -codec:v:0 libx264 -preset veryfast -crf 23 -maxrate 8038070 -bufsize 16076140 -profile:v:0 high -level 51 -x264opts:0 subme=0:me_range=16:rc_lookahead=10:me=hex:open_gop=0 -force_key_frames:0 "expr:gte(t,n_forced*3)" -sc_threshold:v:0 0 -vf "setparams=color_primaries=bt709:color_trc=bt709:colorspace=bt709,scale=trunc(min(max(iw\,ih*a)\,min(1920\,1280*a))/2)*2:trunc(min(max(iw/a\,ih)\,min(1920/a\,1280))/2)*2,format=yuv420p,subtitles=f='/config/data/data/subtitles/df/df07b371-a368-c4f7-50ac-3bfd013b42b4/2.ass':fontsdir='/config/data/data/attachments/df/df07b371-a368-c4f7-50ac-3bfd013b42b4'" -start_at_zero -codec:a:0 copy -copyts -avoid_negative_ts disabled -max_muxing_queue_size 2048 -f hls -max_delay 5000000 -hls_time 3 -hls_segment_type mpegts -start_number 0 -hls_segment_filename "/config/cache/transcodes/e29222e76729f032467e0a962c8ff449%d.ts" -hls_playlist_type vod -hls_list_size 0 -y "/config/cache/transcodes/e29222e76729f032467e0a962c8ff449.m3u8"


ffmpeg version 7.1.3-Jellyfin Copyright (c) 2000-2025 the FFmpeg developers
  built with gcc 13 (Ubuntu 13.3.0-6ubuntu2~24.04.1)
  configuration: --prefix=/usr/lib/jellyfin-ffmpeg --target-os=linux --extra-version=Jellyfin --disable-doc --disable-ffplay --disable-static --disable-libxcb --disable-sdl2 --disable-xlib --enable-lto=auto --enable-gpl --enable-version3 --enable-shared --enable-gmp --enable-gnutls --enable-chromaprint --enable-opencl --enable-libdrm --enable-libxml2 --enable-libass --enable-libfreetype --enable-libfribidi --enable-libfontconfig --enable-libharfbuzz --enable-libbluray --enable-libmp3lame --enable-libopus --enable-libtheora --enable-libvorbis --enable-libopenmpt --enable-libdav1d --enable-libsvtav1 --enable-libwebp --enable-libvpx --enable-libx264 --enable-libx265 --enable-libzvbi --enable-libzimg --enable-libfdk-aac --arch=arm64 --cross-prefix=/usr/bin/aarch64-linux-gnu- --toolchain=hardened --enable-cross-compile --enable-rkmpp --enable-rkrga --enable-ffnvcodec --enable-cuda --enable-cuda-llvm --enable-cuvid --enable-nvdec --enable-nvenc
  libavutil      59. 39.100 / 59. 39.100
  libavcodec     61. 19.101 / 61. 19.101
  libavformat    61.  7.100 / 61.  7.100
  libavdevice    61.  3.100 / 61.  3.100
  libavfilter    10.  4.100 / 10.  4.100
  libswscale      8.  3.100 /  8.  3.100
  libswresample   5.  3.100 /  5.  3.100
  libpostproc    58.  3.100 / 58.  3.100
Input #0, matroska,webm, from 'file:/data/media/movies/Ne Zha 2 (2025)/Ne Zha 2 2025 1080p Chinese WEB-DL HEVC x265 5.1 BONE.mkv':
  Metadata:
    creation_time   : 2025-08-03T21:09:19.000000Z
    ENCODER         : Lavf61.7.100
  Duration: 02:23:58.74, start: -0.021000, bitrate: 1929 kb/s
  Stream #0:0: Video: hevc (Main), yuv420p(tv, bt709), 1920x804 [SAR 1:1 DAR 160:67], 24 fps, 24 tbr, 1k tbn (default)
      Metadata:
        DURATION        : 02:23:58.667000000
  Stream #0:1(chi): Audio: aac (LC), 48000 Hz, 5.1, fltp (default)
      Metadata:
        title           : 杜比音效,普通话
        DURATION        : 02:23:58.741000000
  Stream #0:2(eng): Subtitle: ass (ssa)
      Metadata:
        DURATION        : 02:21:45.256000000
  Stream #0:3(chi): Subtitle: ass (ssa)
      Metadata:
        title           : 简体中文
        DURATION        : 02:21:45.333000000
[Parsed_subtitles_3 @ 0xaaaac92d08d0] libass API version: 0x1704000
[Parsed_subtitles_3 @ 0xaaaac92d08d0] libass source: commit: 0.17.4-0-gbbb3c7f1570a4a021e52683f3fbdf74fe492ae84
[Parsed_subtitles_3 @ 0xaaaac92d08d0] Shaper: FriBidi 1.0.16 (SIMPLE) HarfBuzz-ng 10.4.0 (COMPLEX)
[Parsed_subtitles_3 @ 0xaaaac92d08d0] Using font provider fontconfig
Stream mapping:
  Stream #0:0 -> #0:0 (hevc (native) -> h264 (libx264))
  Stream #0:1 -> #0:1 (copy)
Press [q] to stop, [?] for help
[Parsed_subtitles_3 @ 0xffff6c0108b0] libass API version: 0x1704000
[Parsed_subtitles_3 @ 0xffff6c0108b0] libass source: commit: 0.17.4-0-gbbb3c7f1570a4a021e52683f3fbdf74fe492ae84
[Parsed_subtitles_3 @ 0xffff6c0108b0] Shaper: FriBidi 1.0.16 (SIMPLE) HarfBuzz-ng 10.4.0 (COMPLEX)
[Parsed_subtitles_3 @ 0xffff6c0108b0] Using font provider fontconfig
[libx264 @ 0xaaaac92a11b0] using SAR=1/1
[libx264 @ 0xaaaac92a11b0] using cpu capabilities: ARMv8 NEON
[libx264 @ 0xaaaac92a11b0] profile High, level 5.1, 4:2:0, 8-bit
[libx264 @ 0xaaaac92a11b0] 264 - core 164 r3108 31e19f9 - H.264/MPEG-4 AVC codec - Copyleft 2003-2023 - http://www.videolan.org/x264.html - options: cabac=1 ref=1 deblock=1:0:0 analyse=0x3:0x113 me=hex subme=0 psy=1 psy_rd=1.00:0.00 mixed_ref=0 me_range=16 chroma_me=1 trellis=0 8x8dct=1 cqm=0 deadzone=21,11 fast_pskip=1 chroma_qp_offset=0 threads=12 lookahead_threads=2 sliced_threads=0 nr=0 decimate=1 interlaced=0 bluray_compat=0 constrained_intra=0 bframes=3 b_pyramid=2 b_adapt=1 b_bias=0 direct=1 weightb=1 open_gop=0 weightp=1 keyint=250 keyint_min=24 scenecut=0 intra_refresh=0 rc_lookahead=10 rc=crf mbtree=1 crf=23.0 qcomp=0.60 qpmin=0 qpmax=69 qpstep=4 vbv_maxrate=8038 vbv_bufsize=16076 crf_max=0.0 nal_hrd=none filler=0 ip_ratio=1.40 aq=1:1.00
Output #0, hls, to '/config/cache/transcodes/e29222e76729f032467e0a962c8ff449.m3u8':
  Metadata:
    encoder         : Lavf61.7.100
  Stream #0:0: Video: h264, yuv420p(tv, bt709, progressive), 1920x804 [SAR 1:1 DAR 160:67], q=2-31, 24 fps, 90k tbn (default)
      Metadata:
        encoder         : Lavc61.19.101 libx264
      Side data:
        cpb: bitrate max/min/avg: 8038000/0/0 buffer size: 16076000 vbv_delay: N/A
  Stream #0:1: Audio: aac (LC), 48000 Hz, 5.1, fltp (default)
[hls @ 0xaaaac92d24c0] Opening '/config/cache/transcodes/e29222e76729f032467e0a962c8ff4490.ts' for writing
[hls @ 0xaaaac92d24c0] Opening '/config/cache/transcodes/e29222e76729f032467e0a962c8ff4491.ts' for writing
frame=  165 fps=0.0 q=28.0 size=N/A time=00:00:00.00 bitrate=N/A speed=   0x    
[hls @ 0xaaaac92d24c0] Opening '/config/cache/transcodes/e29222e76729f032467e0a962c8ff4492.ts' for writing
frame=  240 fps=239 q=28.0 size=N/A time=00:00:03.12 bitrate=N/A speed=3.11x    
[hls @ 0xaaaac92d24c0] Opening '/config/cache/transcodes/e29222e76729f032467e0a962c8ff4493.ts' for writing
[hls @ 0xaaaac92d24c0] Opening '/config/cache/transcodes/e29222e76729f032467e0a962c8ff4494.ts' for writing


[q] command received. Exiting.

[hls @ 0xaaaac92d24c0] Opening '/config/cache/transcodes/e29222e76729f032467e0a962c8ff4495.ts' for writing
[hls @ 0xaaaac92d24c0] Opening '/config/cache/transcodes/e29222e76729f032467e0a962c8ff4496.ts' for writing
[out#0/hls @ 0xaaaac92c3630] video:9743KiB audio:564KiB subtitle:0KiB other streams:0KiB global headers:0KiB muxing overhead: unknown
frame=  437 fps=267 q=-1.0 Lsize=N/A time=00:00:11.23 bitrate=N/A dup=1 drop=0 speed=6.88x    
[libx264 @ 0xaaaac92a11b0] frame I:7     Avg QP:14.09  size: 42698
[libx264 @ 0xaaaac92a11b0] frame P:167   Avg QP:19.77  size: 26744
[libx264 @ 0xaaaac92a11b0] frame B:263   Avg QP:23.05  size: 19814
[libx264 @ 0xaaaac92a11b0] consecutive B-frames: 10.8% 23.8%  9.6% 55.8%
[libx264 @ 0xaaaac92a11b0] mb I  I16..4: 61.8% 24.1% 14.1%
[libx264 @ 0xaaaac92a11b0] mb P  I16..4: 16.3% 21.2%  6.3%  P16..4:  6.0%  3.3%  2.0%  0.0%  0.0%    skip:44.9%
[libx264 @ 0xaaaac92a11b0] mb B  I16..4:  4.9% 16.5%  2.4%  B16..8: 10.3%  6.1%  1.1%  direct: 3.7%  skip:54.9%  L0:42.7% L1:43.9% BI:13.5%
[libx264 @ 0xaaaac92a11b0] 8x8 transform intra:56.4% inter:34.6%
[libx264 @ 0xaaaac92a11b0] coded y,uvDC,uvAC intra: 41.0% 52.5% 16.2% inter: 6.8% 13.4% 0.8%
[libx264 @ 0xaaaac92a11b0] i16 v,h,dc,p: 54% 25%  7% 14%
[libx264 @ 0xaaaac92a11b0] i8 v,h,dc,ddl,ddr,vr,hd,vl,hu: 17% 18% 18%  5% 10%  8%  8%  7% 10%
[libx264 @ 0xaaaac92a11b0] i4 v,h,dc,ddl,ddr,vr,hd,vl,hu: 25% 23% 14%  4%  9%  6%  6%  5%  8%
[libx264 @ 0xaaaac92a11b0] i8c dc,h,v,p: 43% 24% 20% 14%
[libx264 @ 0xaaaac92a11b0] Weighted P-Frames: Y:22.8% UV:22.2%
[libx264 @ 0xaaaac92a11b0] kb/s:4383.17