{"Protocol":0,"Id":"50a8ef6508e171600e4c610ef4c6aab1","Path":"/data/media/movies/Ne Zha (2019)/[Anime Land] Ne Zha (2019) (Dual Audio) (UHD BDRip 1080p HEVC HDR10 DTS\u002BAC3) CHINESE [AAB64623].mkv","EncoderPath":null,"EncoderProtocol":null,"Type":0,"Container":"mkv","Size":5711117507,"Name":"[Anime Land] Ne Zha (2019) (Dual Audio) (UHD BDRip 1080p HEVC HDR10 DTS\u002BAC3) CHINESE [AAB64623]","IsRemote":false,"ETag":"8e425c477f02cb3d2f614f69c9866891","RunTimeTicks":66075310000,"ReadAtNativeFramerate":false,"IgnoreDts":false,"IgnoreIndex":false,"GenPtsInput":false,"SupportsTranscoding":true,"SupportsDirectStream":true,"SupportsDirectPlay":true,"IsInfiniteStream":false,"UseMostCompatibleTranscodingProfile":false,"RequiresOpening":false,"OpenToken":null,"RequiresClosing":false,"LiveStreamId":null,"BufferMs":null,"RequiresLooping":false,"SupportsProbing":true,"VideoType":0,"IsoType":null,"Video3DFormat":null,"MediaStreams":[{"Codec":"hevc","CodecTag":null,"Language":"zho","ColorRange":null,"ColorSpace":"bt2020nc","ColorTransfer":"smpte2084","ColorPrimaries":"bt2020","DvVersionMajor":null,"DvVersionMinor":null,"DvProfile":null,"DvLevel":null,"RpuPresentFlag":null,"ElPresentFlag":null,"BlPresentFlag":null,"DvBlSignalCompatibilityId":null,"Rotation":null,"Comment":null,"TimeBase":"1/1000","CodecTimeBase":null,"Title":"X265 HDR10 1080p By Omar","Hdr10PlusPresentFlag":null,"VideoRange":2,"VideoRangeType":2,"VideoDoViTitle":null,"AudioSpatialFormat":0,"LocalizedUndefined":null,"LocalizedDefault":null,"LocalizedForced":null,"LocalizedExternal":null,"LocalizedHearingImpaired":null,"DisplayTitle":"X265 HDR10 1080p By Omar - HEVC","NalLengthSize":null,"IsInterlaced":false,"IsAVC":false,"ChannelLayout":null,"BitRate":6914676,"BitDepth":10,"RefFrames":1,"PacketLength":null,"Channels":null,"SampleRate":null,"IsDefault":true,"IsForced":false,"IsHearingImpaired":false,"Height":804,"Width":1920,"AverageFrameRate":24,"RealFrameRate":24,"ReferenceFrameRate":24,"Profile":"Main 10","Type":1,"AspectRatio":"2.40:1","Index":0,"Score":null,"IsExternal":false,"DeliveryMethod":null,"DeliveryUrl":null,"IsExternalUrl":null,"IsTextSubtitleStream":false,"SupportsExternalStream":false,"Path":null,"PixelFormat":"yuv420p10le","Level":153,"IsAnamorphic":false},{"Codec":"dts","CodecTag":null,"Language":"zho","ColorRange":null,"ColorSpace":null,"ColorTransfer":null,"ColorPrimaries":null,"DvVersionMajor":null,"DvVersionMinor":null,"DvProfile":null,"DvLevel":null,"RpuPresentFlag":null,"ElPresentFlag":null,"BlPresentFlag":null,"DvBlSignalCompatibilityId":null,"Rotation":null,"Comment":null,"TimeBase":"1/1000","CodecTimeBase":null,"Title":"DTS Core 1509 Kbps 5.1 (Untouched)","Hdr10PlusPresentFlag":null,"VideoRange":0,"VideoRangeType":0,"VideoDoViTitle":null,"AudioSpatialFormat":0,"LocalizedUndefined":null,"LocalizedDefault":"Default","LocalizedForced":null,"LocalizedExternal":"External","LocalizedHearingImpaired":null,"DisplayTitle":"DTS Core 1509 Kbps 5.1 (Untouched) - Chinese - Default","NalLengthSize":null,"IsInterlaced":false,"IsAVC":false,"ChannelLayout":"5.1","BitRate":1536000,"BitDepth":null,"RefFrames":null,"PacketLength":null,"Channels":6,"SampleRate":48000,"IsDefault":true,"IsForced":false,"IsHearingImpaired":false,"Height":null,"Width":null,"AverageFrameRate":null,"RealFrameRate":null,"ReferenceFrameRate":null,"Profile":"DTS","Type":0,"AspectRatio":null,"Index":1,"Score":null,"IsExternal":false,"DeliveryMethod":null,"DeliveryUrl":null,"IsExternalUrl":null,"IsTextSubtitleStream":false,"SupportsExternalStream":false,"Path":null,"PixelFormat":null,"Level":0,"IsAnamorphic":null},{"Codec":"ac3","CodecTag":null,"Language":"eng","ColorRange":null,"ColorSpace":null,"ColorTransfer":null,"ColorPrimaries":null,"DvVersionMajor":null,"DvVersionMinor":null,"DvProfile":null,"DvLevel":null,"RpuPresentFlag":null,"ElPresentFlag":null,"BlPresentFlag":null,"DvBlSignalCompatibilityId":null,"Rotation":null,"Comment":null,"TimeBase":"1/1000","CodecTimeBase":null,"Title":"AC3 640 Kbps 5.1 (Untouched)","Hdr10PlusPresentFlag":null,"VideoRange":0,"VideoRangeType":0,"VideoDoViTitle":null,"AudioSpatialFormat":0,"LocalizedUndefined":null,"LocalizedDefault":"Default","LocalizedForced":null,"LocalizedExternal":"External","LocalizedHearingImpaired":null,"DisplayTitle":"AC3 640 Kbps 5.1 (Untouched) - English - Dolby Digital","NalLengthSize":null,"IsInterlaced":false,"IsAVC":false,"ChannelLayout":"5.1","BitRate":640000,"BitDepth":null,"RefFrames":null,"PacketLength":null,"Channels":6,"SampleRate":48000,"IsDefault":false,"IsForced":false,"IsHearingImpaired":false,"Height":null,"Width":null,"AverageFrameRate":null,"RealFrameRate":null,"ReferenceFrameRate":null,"Profile":null,"Type":0,"AspectRatio":null,"Index":2,"Score":null,"IsExternal":false,"DeliveryMethod":null,"DeliveryUrl":null,"IsExternalUrl":null,"IsTextSubtitleStream":false,"SupportsExternalStream":false,"Path":null,"PixelFormat":null,"Level":0,"IsAnamorphic":null},{"Codec":"PGSSUB","CodecTag":null,"Language":"eng","ColorRange":null,"ColorSpace":null,"ColorTransfer":null,"ColorPrimaries":null,"DvVersionMajor":null,"DvVersionMinor":null,"DvProfile":null,"DvLevel":null,"RpuPresentFlag":null,"ElPresentFlag":null,"BlPresentFlag":null,"DvBlSignalCompatibilityId":null,"Rotation":null,"Comment":null,"TimeBase":"1/1000","CodecTimeBase":null,"Title":"ENGLISH-PGS Sub 1 (Untouched)","Hdr10PlusPresentFlag":null,"VideoRange":0,"VideoRangeType":0,"VideoDoViTitle":null,"AudioSpatialFormat":0,"LocalizedUndefined":"Undefined","LocalizedDefault":"Default","LocalizedForced":"Forced","LocalizedExternal":"External","LocalizedHearingImpaired":"Hearing Impaired","DisplayTitle":"ENGLISH-PGS Sub 1 (Untouched) - Default - PGSSUB","NalLengthSize":null,"IsInterlaced":false,"IsAVC":false,"ChannelLayout":null,"BitRate":null,"BitDepth":null,"RefFrames":null,"PacketLength":null,"Channels":null,"SampleRate":null,"IsDefault":true,"IsForced":false,"IsHearingImpaired":false,"Height":1080,"Width":1920,"AverageFrameRate":null,"RealFrameRate":null,"ReferenceFrameRate":null,"Profile":null,"Type":2,"AspectRatio":null,"Index":3,"Score":null,"IsExternal":false,"DeliveryMethod":null,"DeliveryUrl":null,"IsExternalUrl":null,"IsTextSubtitleStream":false,"SupportsExternalStream":true,"Path":null,"PixelFormat":null,"Level":0,"IsAnamorphic":null},{"Codec":"PGSSUB","CodecTag":null,"Language":"eng","ColorRange":null,"ColorSpace":null,"ColorTransfer":null,"ColorPrimaries":null,"DvVersionMajor":null,"DvVersionMinor":null,"DvProfile":null,"DvLevel":null,"RpuPresentFlag":null,"ElPresentFlag":null,"BlPresentFlag":null,"DvBlSignalCompatibilityId":null,"Rotation":null,"Comment":null,"TimeBase":"1/1000","CodecTimeBase":null,"Title":"ENGLISH-PGS Sub 2 (Untouched)","Hdr10PlusPresentFlag":null,"VideoRange":0,"VideoRangeType":0,"VideoDoViTitle":null,"AudioSpatialFormat":0,"LocalizedUndefined":"Undefined","LocalizedDefault":"Default","LocalizedForced":"Forced","LocalizedExternal":"External","LocalizedHearingImpaired":"Hearing Impaired","DisplayTitle":"ENGLISH-PGS Sub 2 (Untouched) - PGSSUB","NalLengthSize":null,"IsInterlaced":false,"IsAVC":false,"ChannelLayout":null,"BitRate":null,"BitDepth":null,"RefFrames":null,"PacketLength":null,"Channels":null,"SampleRate":null,"IsDefault":false,"IsForced":false,"IsHearingImpaired":false,"Height":1080,"Width":1920,"AverageFrameRate":null,"RealFrameRate":null,"ReferenceFrameRate":null,"Profile":null,"Type":2,"AspectRatio":null,"Index":4,"Score":null,"IsExternal":false,"DeliveryMethod":null,"DeliveryUrl":null,"IsExternalUrl":null,"IsTextSubtitleStream":false,"SupportsExternalStream":true,"Path":null,"PixelFormat":null,"Level":0,"IsAnamorphic":null}],"MediaAttachments":[],"Formats":[],"Bitrate":9090676,"FallbackMaxStreamingBitrate":null,"Timestamp":null,"RequiredHttpHeaders":{},"TranscodingUrl":null,"TranscodingSubProtocol":0,"TranscodingContainer":null,"AnalyzeDurationMs":null,"DefaultAudioStreamIndex":null,"DefaultSubtitleStreamIndex":null,"HasSegments":false}

/usr/lib/jellyfin-ffmpeg/ffmpeg -analyzeduration 200M -probesize 1G -ss 00:07:24.000 -noaccurate_seek  -canvas_size 1920x1080 -i file:"/data/media/movies/Ne Zha (2019)/[Anime Land] Ne Zha (2019) (Dual Audio) (UHD BDRip 1080p HEVC HDR10 DTS+AC3) CHINESE [AAB64623].mkv" -map_metadata -1 -map_chapters -1 -threads 0 -map 0:0 -map 0:2 -map -0:0 -codec:v:0 libx264 -preset veryfast -crf 23 -maxrate 11524460 -bufsize 23048920 -profile:v:0 high -level 51 -x264opts:0 subme=0:me_range=16:rc_lookahead=10:me=hex:open_gop=0 -force_key_frames:0 "expr:gte(t,n_forced*3)" -sc_threshold:v:0 0 -filter_complex "[0:3]scale,scale=-1:804:fast_bilinear,crop,pad=max(1920\,iw):max(804\,ih):(ow-iw)/2:(oh-ih)/2:black@0,crop=1920:804[sub];[0:0]setparams=color_primaries=bt2020:color_trc=smpte2084:colorspace=bt2020nc,scale=trunc(min(max(iw\,ih*a)\,min(1920\,804*a))/2)*2:trunc(min(max(iw/a\,ih)\,min(1920/a\,804))/2)*2,tonemapx=tonemap=bt2390:desat=0:peak=100:t=bt709:m=bt709:p=bt709:format=yuv420p[main];[main][sub]overlay=eof_action=pass:repeatlast=0" -start_at_zero -codec:a:0 libfdk_aac -ac 2 -ab 256000 -af "volume=2" -copyts -avoid_negative_ts disabled -max_muxing_queue_size 2048 -f hls -max_delay 5000000 -hls_time 3 -hls_segment_type fmp4 -hls_fmp4_init_filename "e899344ab2dd0f4abbf5a436b7195957-1.mp4" -start_number 148 -hls_segment_filename "/config/cache/transcodes/e899344ab2dd0f4abbf5a436b7195957%d.mp4" -hls_playlist_type vod -hls_list_size 0 -hls_segment_options movflags=+frag_discont -y "/config/cache/transcodes/e899344ab2dd0f4abbf5a436b7195957.m3u8"


ffmpeg version 7.1.3-Jellyfin Copyright (c) 2000-2025 the FFmpeg developers
  built with gcc 13 (Ubuntu 13.3.0-6ubuntu2~24.04.1)
  configuration: --prefix=/usr/lib/jellyfin-ffmpeg --target-os=linux --extra-version=Jellyfin --disable-doc --disable-ffplay --disable-static --disable-libxcb --disable-sdl2 --disable-xlib --enable-lto=auto --enable-gpl --enable-version3 --enable-shared --enable-gmp --enable-gnutls --enable-chromaprint --enable-opencl --enable-libdrm --enable-libxml2 --enable-libass --enable-libfreetype --enable-libfribidi --enable-libfontconfig --enable-libharfbuzz --enable-libbluray --enable-libmp3lame --enable-libopus --enable-libtheora --enable-libvorbis --enable-libopenmpt --enable-libdav1d --enable-libsvtav1 --enable-libwebp --enable-libvpx --enable-libx264 --enable-libx265 --enable-libzvbi --enable-libzimg --enable-libfdk-aac --arch=arm64 --cross-prefix=/usr/bin/aarch64-linux-gnu- --toolchain=hardened --enable-cross-compile --enable-rkmpp --enable-rkrga --enable-ffnvcodec --enable-cuda --enable-cuda-llvm --enable-cuvid --enable-nvdec --enable-nvenc
  libavutil      59. 39.100 / 59. 39.100
  libavcodec     61. 19.101 / 61. 19.101
  libavformat    61.  7.100 / 61.  7.100
  libavdevice    61.  3.100 / 61.  3.100
  libavfilter    10.  4.100 / 10.  4.100
  libswscale      8.  3.100 /  8.  3.100
  libswresample   5.  3.100 /  5.  3.100
  libpostproc    58.  3.100 / 58.  3.100
[tonemapx @ 0xaaaac48deb00] Using CPU capability: NEON
Input #0, matroska,webm, from 'file:/data/media/movies/Ne Zha (2019)/[Anime Land] Ne Zha (2019) (Dual Audio) (UHD BDRip 1080p HEVC HDR10 DTS+AC3) CHINESE [AAB64623].mkv':
  Metadata:
    title           : [Anime Land] Ne Zha (2019) (Dual Audio) (UHD BDRip 1080p HEVC HDR10 DTS+AC3) CHINESE [Encode By Omar]
    encoder         : libebml v1.3.10 + libmatroska v1.5.2
    creation_time   : 2020-03-14T14:25:45.000000Z
  Duration: 01:50:07.53, start: 0.000000, bitrate: 6914 kb/s
  Chapters:
    Chapter #0:0: start 0.000000, end 356.458000
      Metadata:
        title           : Chapter 01
    Chapter #0:1: start 356.458000, end 939.958000
      Metadata:
        title           : Chapter 02
    Chapter #0:2: start 939.958000, end 1546.125000
      Metadata:
        title           : Chapter 03
    Chapter #0:3: start 1546.125000, end 2142.875000
      Metadata:
        title           : Chapter 04
    Chapter #0:4: start 2142.875000, end 2510.208000
      Metadata:
        title           : Chapter 05
    Chapter #0:5: start 2510.208000, end 3131.833000
      Metadata:
        title           : Chapter 06
    Chapter #0:6: start 3131.833000, end 3658.917000
      Metadata:
        title           : Chapter 07
    Chapter #0:7: start 3658.917000, end 4097.250000
      Metadata:
        title           : Chapter 08
    Chapter #0:8: start 4097.250000, end 4595.167000
      Metadata:
        title           : Chapter 09
    Chapter #0:9: start 4595.167000, end 5045.667000
      Metadata:
        title           : Chapter 10
    Chapter #0:10: start 5045.667000, end 6202.500000
      Metadata:
        title           : Chapter 11
    Chapter #0:11: start 6202.500000, end 6607.531000
      Metadata:
        title           : Chapter 12
  Stream #0:0(chi): Video: hevc (Main 10), yuv420p10le(tv, bt2020nc/bt2020/smpte2084), 1920x804, SAR 1:1 DAR 160:67, 24 fps, 24 tbr, 1k tbn (default)
      Metadata:
        title           : X265 HDR10 1080p By Omar
        BPS-eng         : 4729774
        DURATION-eng    : 01:50:07.500000000
        NUMBER_OF_FRAMES-eng: 158580
        NUMBER_OF_BYTES-eng: 3906497933
        _STATISTICS_WRITING_APP-eng: mkvmerge v43.0.0 ('The Quartermaster') 64-bit
        _STATISTICS_WRITING_DATE_UTC-eng: 2020-03-14 14:25:45
        _STATISTICS_TAGS-eng: BPS DURATION NUMBER_OF_FRAMES NUMBER_OF_BYTES
  Stream #0:1(chi): Audio: dts (dca) (DTS), 48000 Hz, 5.1(side), fltp, 1536 kb/s (default)
      Metadata:
        title           : DTS Core 1509 Kbps 5.1 (Untouched)
        BPS-eng         : 1508999
        DURATION-eng    : 01:50:07.531000000
        NUMBER_OF_FRAMES-eng: 619456
        NUMBER_OF_BYTES-eng: 1246345472
        _STATISTICS_WRITING_APP-eng: mkvmerge v43.0.0 ('The Quartermaster') 64-bit
        _STATISTICS_WRITING_DATE_UTC-eng: 2020-03-14 14:25:45
        _STATISTICS_TAGS-eng: BPS DURATION NUMBER_OF_FRAMES NUMBER_OF_BYTES
  Stream #0:2(eng): Audio: ac3, 48000 Hz, 5.1(side), fltp, 640 kb/s
      Metadata:
        title           : AC3 640 Kbps 5.1 (Untouched)
        BPS-eng         : 640000
        DURATION-eng    : 01:50:07.520000000
        NUMBER_OF_FRAMES-eng: 206485
        NUMBER_OF_BYTES-eng: 528601600
        _STATISTICS_WRITING_APP-eng: mkvmerge v43.0.0 ('The Quartermaster') 64-bit
        _STATISTICS_WRITING_DATE_UTC-eng: 2020-03-14 14:25:45
        _STATISTICS_TAGS-eng: BPS DURATION NUMBER_OF_FRAMES NUMBER_OF_BYTES
  Stream #0:3(eng): Subtitle: hdmv_pgs_subtitle (pgssub), 1920x1080 (default)
      Metadata:
        title           : ENGLISH-PGS Sub 1 (Untouched)
        BPS-eng         : 47221
        DURATION-eng    : 01:47:53.292000000
        NUMBER_OF_FRAMES-eng: 2940
        NUMBER_OF_BYTES-eng: 38210158
        _STATISTICS_WRITING_APP-eng: mkvmerge v43.0.0 ('The Quartermaster') 64-bit
        _STATISTICS_WRITING_DATE_UTC-eng: 2020-03-14 14:25:45
        _STATISTICS_TAGS-eng: BPS DURATION NUMBER_OF_FRAMES NUMBER_OF_BYTES
  Stream #0:4(eng): Subtitle: hdmv_pgs_subtitle (pgssub), 1920x1080
      Metadata:
        title           : ENGLISH-PGS Sub 2 (Untouched)
        BPS-eng         : 35237
        DURATION-eng    : 01:47:52.583000000
        NUMBER_OF_FRAMES-eng: 2451
        NUMBER_OF_BYTES-eng: 28509671
        _STATISTICS_WRITING_APP-eng: mkvmerge v43.0.0 ('The Quartermaster') 64-bit
        _STATISTICS_WRITING_DATE_UTC-eng: 2020-03-14 14:25:45
        _STATISTICS_TAGS-eng: BPS DURATION NUMBER_OF_FRAMES NUMBER_OF_BYTES
Stream mapping:
  Stream #0:0 (hevc) -> setparams:default
  Stream #0:3 (pgssub) -> scale:default
  overlay:default -> Stream #0:0 (libx264)
  Stream #0:2 -> #0:1 (ac3 (native) -> aac (libfdk_aac))
Press [q] to stop, [?] for help
[tonemapx @ 0xffff74032900] Using CPU capability: NEON
[libx264 @ 0xaaaac48d0560] using SAR=960/959
[libx264 @ 0xaaaac48d0560] using cpu capabilities: ARMv8 NEON
[libx264 @ 0xaaaac48d0560] profile High, level 5.1, 4:2:0, 8-bit
[libx264 @ 0xaaaac48d0560] 264 - core 164 r3108 31e19f9 - H.264/MPEG-4 AVC codec - Copyleft 2003-2023 - http://www.videolan.org/x264.html - options: cabac=1 ref=1 deblock=1:0:0 analyse=0x3:0x113 me=hex subme=0 psy=1 psy_rd=1.00:0.00 mixed_ref=0 me_range=16 chroma_me=1 trellis=0 8x8dct=1 cqm=0 deadzone=21,11 fast_pskip=1 chroma_qp_offset=0 threads=12 lookahead_threads=2 sliced_threads=0 nr=0 decimate=1 interlaced=0 bluray_compat=0 constrained_intra=0 bframes=3 b_pyramid=2 b_adapt=1 b_bias=0 direct=1 weightb=1 open_gop=0 weightp=1 keyint=250 keyint_min=24 scenecut=0 intra_refresh=0 rc_lookahead=10 rc=crf mbtree=1 crf=23.0 qcomp=0.60 qpmin=0 qpmax=69 qpstep=4 vbv_maxrate=11524 vbv_bufsize=23048 crf_max=0.0 nal_hrd=none filler=0 ip_ratio=1.40 aq=1:1.00
[hls @ 0xaaaaca003e40] Opening '/config/cache/transcodes/e899344ab2dd0f4abbf5a436b7195957-1.mp4' for writing
Output #0, hls, to '/config/cache/transcodes/e899344ab2dd0f4abbf5a436b7195957.m3u8':
  Metadata:
    encoder         : Lavf61.7.100
  Stream #0:0: Video: h264, yuv420p(tv, bt709, progressive), 1918x804 [SAR 960:959 DAR 160:67], q=2-31, 24 fps, 12288 tbn
      Metadata:
        encoder         : Lavc61.19.101 libx264
      Side data:
        cpb: bitrate max/min/avg: 11524000/0/0 buffer size: 23048000 vbv_delay: N/A
  Stream #0:1: Audio: aac, 48000 Hz, stereo, s16, 256 kb/s
      Metadata:
        encoder         : Lavc61.19.101 libfdk_aac
      Side data:
        cpb: bitrate max/min/avg: 256000/256000/256000 buffer size: 0 vbv_delay: N/A
frame=   15 fps=0.0 q=28.0 size=N/A time=00:00:00.00 bitrate=N/A speed=   0x    
frame=   60 fps= 60 q=28.0 size=N/A time=00:00:01.91 bitrate=N/A speed=1.91x    
[hls @ 0xaaaaca003e40] Opening '/config/cache/transcodes/e899344ab2dd0f4abbf5a436b7195957148.mp4' for writing
frame=  105 fps= 70 q=28.0 size=N/A time=00:00:03.75 bitrate=N/A speed= 2.5x    
frame=  143 fps= 71 q=28.0 size=N/A time=00:00:05.33 bitrate=N/A speed=2.66x    
[hls @ 0xaaaaca003e40] Opening '/config/cache/transcodes/e899344ab2dd0f4abbf5a436b7195957149.mp4' for writing
frame=  186 fps= 74 q=28.0 size=N/A time=00:00:07.12 bitrate=N/A speed=2.84x    
[hls @ 0xaaaaca003e40] Opening '/config/cache/transcodes/e899344ab2dd0f4abbf5a436b7195957150.mp4' for writing
frame=  229 fps= 76 q=28.0 size=N/A time=00:00:08.91 bitrate=N/A speed=2.97x    
frame=  276 fps= 79 q=28.0 size=N/A time=00:00:10.87 bitrate=N/A speed= 3.1x    
[hls @ 0xaaaaca003e40] Opening '/config/cache/transcodes/e899344ab2dd0f4abbf5a436b7195957151.mp4' for writing
frame=  319 fps= 80 q=28.0 size=N/A time=00:00:12.66 bitrate=N/A speed=3.16x    
frame=  356 fps= 79 q=28.0 size=N/A time=00:00:14.20 bitrate=N/A speed=3.15x    
[hls @ 0xaaaaca003e40] Opening '/config/cache/transcodes/e899344ab2dd0f4abbf5a436b7195957152.mp4' for writing
frame=  400 fps= 80 q=28.0 size=N/A time=00:00:16.04 bitrate=N/A speed= 3.2x    
[hls @ 0xaaaaca003e40] Opening '/config/cache/transcodes/e899344ab2dd0f4abbf5a436b7195957153.mp4' for writing
frame=  451 fps= 82 q=28.0 size=N/A time=00:00:18.16 bitrate=N/A speed= 3.3x    
frame=  499 fps= 83 q=28.0 size=N/A time=00:00:20.16 bitrate=N/A speed=3.35x    
[hls @ 0xaaaaca003e40] Opening '/config/cache/transcodes/e899344ab2dd0f4abbf5a436b7195957154.mp4' for writing
frame=  549 fps= 84 q=28.0 size=N/A time=00:00:22.25 bitrate=N/A speed=3.42x    
[hls @ 0xaaaaca003e40] Opening '/config/cache/transcodes/e899344ab2dd0f4abbf5a436b7195957155.mp4' for writing
frame=  612 fps= 87 q=28.0 size=N/A time=00:00:24.87 bitrate=N/A speed=3.55x    
[hls @ 0xaaaaca003e40] Opening '/config/cache/transcodes/e899344ab2dd0f4abbf5a436b7195957156.mp4' for writing
frame=  701 fps= 93 q=28.0 size=N/A time=00:00:28.62 bitrate=N/A speed=3.81x    
[hls @ 0xaaaaca003e40] Opening '/config/cache/transcodes/e899344ab2dd0f4abbf5a436b7195957157.mp4' for writing
frame=  787 fps= 98 q=28.0 size=N/A time=00:00:32.16 bitrate=N/A speed=4.01x    
[hls @ 0xaaaaca003e40] Opening '/config/cache/transcodes/e899344ab2dd0f4abbf5a436b7195957158.mp4' for writing
[hls @ 0xaaaaca003e40] Opening '/config/cache/transcodes/e899344ab2dd0f4abbf5a436b7195957159.mp4' for writing
frame=  874 fps=103 q=28.0 size=N/A time=00:00:35.79 bitrate=N/A speed= 4.2x    
[hls @ 0xaaaaca003e40] Opening '/config/cache/transcodes/e899344ab2dd0f4abbf5a436b7195957160.mp4' for writing
frame=  971 fps=108 q=28.0 size=N/A time=00:00:39.83 bitrate=N/A speed=4.42x    
[hls @ 0xaaaaca003e40] Opening '/config/cache/transcodes/e899344ab2dd0f4abbf5a436b7195957161.mp4' for writing
frame= 1073 fps=113 q=28.0 size=N/A time=00:00:44.08 bitrate=N/A speed=4.63x    
[hls @ 0xaaaaca003e40] Opening '/config/cache/transcodes/e899344ab2dd0f4abbf5a436b7195957162.mp4' for writing
frame= 1149 fps=115 q=28.0 size=N/A time=00:00:47.25 bitrate=N/A speed=4.71x    
[hls @ 0xaaaaca003e40] Opening '/config/cache/transcodes/e899344ab2dd0f4abbf5a436b7195957163.mp4' for writing
[hls @ 0xaaaaca003e40] Opening '/config/cache/transcodes/e899344ab2dd0f4abbf5a436b7195957164.mp4' for writing
frame= 1237 fps=118 q=28.0 size=N/A time=00:00:50.91 bitrate=N/A speed=4.84x    
[hls @ 0xaaaaca003e40] Opening '/config/cache/transcodes/e899344ab2dd0f4abbf5a436b7195957165.mp4' for writing
frame= 1339 fps=121 q=28.0 size=N/A time=00:00:55.16 bitrate=N/A speed=   5x    
[hls @ 0xaaaaca003e40] Opening '/config/cache/transcodes/e899344ab2dd0f4abbf5a436b7195957166.mp4' for writing
[hls @ 0xaaaaca003e40] Opening '/config/cache/transcodes/e899344ab2dd0f4abbf5a436b7195957167.mp4' for writing
frame= 1441 fps=125 q=28.0 size=N/A time=00:00:59.41 bitrate=N/A speed=5.16x    
[hls @ 0xaaaaca003e40] Opening '/config/cache/transcodes/e899344ab2dd0f4abbf5a436b7195957168.mp4' for writing
frame= 1534 fps=128 q=28.0 size=N/A time=00:01:03.29 bitrate=N/A speed=5.26x    
[hls @ 0xaaaaca003e40] Opening '/config/cache/transcodes/e899344ab2dd0f4abbf5a436b7195957169.mp4' for writing
frame= 1629 fps=130 q=28.0 size=N/A time=00:01:07.25 bitrate=N/A speed=5.37x    
[hls @ 0xaaaaca003e40] Opening '/config/cache/transcodes/e899344ab2dd0f4abbf5a436b7195957170.mp4' for writing
[hls @ 0xaaaaca003e40] Opening '/config/cache/transcodes/e899344ab2dd0f4abbf5a436b7195957171.mp4' for writing
frame= 1730 fps=133 q=28.0 size=N/A time=00:01:11.45 bitrate=N/A speed=5.48x    
[hls @ 0xaaaaca003e40] Opening '/config/cache/transcodes/e899344ab2dd0f4abbf5a436b7195957172.mp4' for writing
frame= 1837 fps=136 q=28.0 size=N/A time=00:01:15.91 bitrate=N/A speed=5.61x    
[hls @ 0xaaaaca003e40] Opening '/config/cache/transcodes/e899344ab2dd0f4abbf5a436b7195957173.mp4' for writing
frame= 1929 fps=137 q=28.0 size=N/A time=00:01:19.75 bitrate=N/A speed=5.68x    
[hls @ 0xaaaaca003e40] Opening '/config/cache/transcodes/e899344ab2dd0f4abbf5a436b7195957174.mp4' for writing
[hls @ 0xaaaaca003e40] Opening '/config/cache/transcodes/e899344ab2dd0f4abbf5a436b7195957175.mp4' for writing
frame= 2028 fps=140 q=28.0 size=N/A time=00:01:23.87 bitrate=N/A speed=5.77x    
[hls @ 0xaaaaca003e40] Opening '/config/cache/transcodes/e899344ab2dd0f4abbf5a436b7195957176.mp4' for writing
frame= 2110 fps=140 q=28.0 size=N/A time=00:01:27.29 bitrate=N/A speed=5.81x    
[hls @ 0xaaaaca003e40] Opening '/config/cache/transcodes/e899344ab2dd0f4abbf5a436b7195957177.mp4' for writing
frame= 2179 fps=140 q=28.0 size=N/A time=00:01:30.16 bitrate=N/A speed= 5.8x    
[hls @ 0xaaaaca003e40] Opening '/config/cache/transcodes/e899344ab2dd0f4abbf5a436b7195957178.mp4' for writing
frame= 2259 fps=141 q=28.0 size=N/A time=00:01:33.50 bitrate=N/A speed=5.83x    
[hls @ 0xaaaaca003e40] Opening '/config/cache/transcodes/e899344ab2dd0f4abbf5a436b7195957179.mp4' for writing
frame= 2345 fps=142 q=28.0 size=N/A time=00:01:37.08 bitrate=N/A speed=5.87x    
[hls @ 0xaaaaca003e40] Opening '/config/cache/transcodes/e899344ab2dd0f4abbf5a436b7195957180.mp4' for writing
frame= 2448 fps=144 q=28.0 size=N/A time=00:01:41.37 bitrate=N/A speed=5.95x    
[hls @ 0xaaaaca003e40] Opening '/config/cache/transcodes/e899344ab2dd0f4abbf5a436b7195957181.mp4' for writing
[hls @ 0xaaaaca003e40] Opening '/config/cache/transcodes/e899344ab2dd0f4abbf5a436b7195957182.mp4' for writing
frame= 2535 fps=145 q=28.0 size=N/A time=00:01:45.00 bitrate=N/A speed=5.99x    
[hls @ 0xaaaaca003e40] Opening '/config/cache/transcodes/e899344ab2dd0f4abbf5a436b7195957183.mp4' for writing
frame= 2617 fps=145 q=28.0 size=N/A time=00:01:48.41 bitrate=N/A speed=6.01x    
[hls @ 0xaaaaca003e40] Opening '/config/cache/transcodes/e899344ab2dd0f4abbf5a436b7195957184.mp4' for writing
[hls @ 0xaaaaca003e40] Opening '/config/cache/transcodes/e899344ab2dd0f4abbf5a436b7195957185.mp4' for writing
[hls @ 0xaaaaca003e40] Opening '/config/cache/transcodes/e899344ab2dd0f4abbf5a436b7195957186.mp4' for writing
frame= 2822 fps=148 q=28.0 size=N/A time=00:01:56.95 bitrate=N/A speed=6.14x    
[hls @ 0xaaaaca003e40] Opening '/config/cache/transcodes/e899344ab2dd0f4abbf5a436b7195957187.mp4' for writing
frame= 2930 fps=150 q=28.0 size=N/A time=00:02:01.45 bitrate=N/A speed=6.22x    
[hls @ 0xaaaaca003e40] Opening '/config/cache/transcodes/e899344ab2dd0f4abbf5a436b7195957188.mp4' for writing
frame= 3013 fps=150 q=28.0 size=N/A time=00:02:04.91 bitrate=N/A speed=6.23x    
[hls @ 0xaaaaca003e40] Opening '/config/cache/transcodes/e899344ab2dd0f4abbf5a436b7195957189.mp4' for writing
[hls @ 0xaaaaca003e40] Opening '/config/cache/transcodes/e899344ab2dd0f4abbf5a436b7195957190.mp4' for writing
frame= 3100 fps=151 q=28.0 size=N/A time=00:02:08.54 bitrate=N/A speed=6.26x    
[hls @ 0xaaaaca003e40] Opening '/config/cache/transcodes/e899344ab2dd0f4abbf5a436b7195957191.mp4' for writing
frame= 3196 fps=152 q=28.0 size=N/A time=00:02:12.54 bitrate=N/A speed= 6.3x    
[hls @ 0xaaaaca003e40] Opening '/config/cache/transcodes/e899344ab2dd0f4abbf5a436b7195957192.mp4' for writing
frame= 3283 fps=152 q=28.0 size=N/A time=00:02:16.16 bitrate=N/A speed=6.32x    
[hls @ 0xaaaaca003e40] Opening '/config/cache/transcodes/e899344ab2dd0f4abbf5a436b7195957193.mp4' for writing
[hls @ 0xaaaaca003e40] Opening '/config/cache/transcodes/e899344ab2dd0f4abbf5a436b7195957194.mp4' for writing
frame= 3386 fps=154 q=28.0 size=N/A time=00:02:20.45 bitrate=N/A speed=6.37x    
[hls @ 0xaaaaca003e40] Opening '/config/cache/transcodes/e899344ab2dd0f4abbf5a436b7195957195.mp4' for writing
frame= 3480 fps=154 q=28.0 size=N/A time=00:02:24.37 bitrate=N/A speed= 6.4x    
[hls @ 0xaaaaca003e40] Opening '/config/cache/transcodes/e899344ab2dd0f4abbf5a436b7195957196.mp4' for writing
frame= 3563 fps=155 q=28.0 size=N/A time=00:02:27.83 bitrate=N/A speed=6.41x    
[hls @ 0xaaaaca003e40] Opening '/config/cache/transcodes/e899344ab2dd0f4abbf5a436b7195957197.mp4' for writing
frame= 3645 fps=155 q=28.0 size=N/A time=00:02:31.25 bitrate=N/A speed=6.42x    
[hls @ 0xaaaaca003e40] Opening '/config/cache/transcodes/e899344ab2dd0f4abbf5a436b7195957198.mp4' for writing
frame= 3741 fps=156 q=28.0 size=N/A time=00:02:35.25 bitrate=N/A speed=6.46x    
[hls @ 0xaaaaca003e40] Opening '/config/cache/transcodes/e899344ab2dd0f4abbf5a436b7195957199.mp4' for writing
[hls @ 0xaaaaca003e40] Opening '/config/cache/transcodes/e899344ab2dd0f4abbf5a436b7195957200.mp4' for writing
frame= 3824 fps=156 q=28.0 size=N/A time=00:02:38.70 bitrate=N/A speed=6.46x    
[hls @ 0xaaaaca003e40] Opening '/config/cache/transcodes/e899344ab2dd0f4abbf5a436b7195957201.mp4' for writing
frame= 3931 fps=157 q=28.0 size=N/A time=00:02:43.16 bitrate=N/A speed=6.51x    
[hls @ 0xaaaaca003e40] Opening '/config/cache/transcodes/e899344ab2dd0f4abbf5a436b7195957202.mp4' for writing
frame= 4026 fps=158 q=28.0 size=N/A time=00:02:47.12 bitrate=N/A speed=6.54x    
[hls @ 0xaaaaca003e40] Opening '/config/cache/transcodes/e899344ab2dd0f4abbf5a436b7195957203.mp4' for writing
frame= 4103 fps=157 q=28.0 size=N/A time=00:02:50.33 bitrate=N/A speed=6.54x    
[hls @ 0xaaaaca003e40] Opening '/config/cache/transcodes/e899344ab2dd0f4abbf5a436b7195957204.mp4' for writing
[hls @ 0xaaaaca003e40] Opening '/config/cache/transcodes/e899344ab2dd0f4abbf5a436b7195957205.mp4' for writing
frame= 4186 fps=158 q=28.0 size=N/A time=00:02:53.79 bitrate=N/A speed=6.54x    
[hls @ 0xaaaaca003e40] Opening '/config/cache/transcodes/e899344ab2dd0f4abbf5a436b7195957206.mp4' for writing
frame= 4278 fps=158 q=28.0 size=N/A time=00:02:57.62 bitrate=N/A speed=6.56x    
[hls @ 0xaaaaca003e40] Opening '/config/cache/transcodes/e899344ab2dd0f4abbf5a436b7195957207.mp4' for writing
frame= 4370 fps=159 q=28.0 size=N/A time=00:03:01.45 bitrate=N/A speed=6.58x    
[hls @ 0xaaaaca003e40] Opening '/config/cache/transcodes/e899344ab2dd0f4abbf5a436b7195957208.mp4' for writing
frame= 4454 fps=159 q=25.0 size=N/A time=00:03:04.95 bitrate=N/A speed=6.59x    
[hls @ 0xaaaaca003e40] Opening '/config/cache/transcodes/e899344ab2dd0f4abbf5a436b7195957209.mp4' for writing
[hls @ 0xaaaaca003e40] Opening '/config/cache/transcodes/e899344ab2dd0f4abbf5a436b7195957210.mp4' for writing
frame= 4558 fps=160 q=28.0 size=N/A time=00:03:09.29 bitrate=N/A speed=6.63x    
[hls @ 0xaaaaca003e40] Opening '/config/cache/transcodes/e899344ab2dd0f4abbf5a436b7195957211.mp4' for writing
frame= 4644 fps=160 q=28.0 size=N/A time=00:03:12.87 bitrate=N/A speed=6.64x    
[hls @ 0xaaaaca003e40] Opening '/config/cache/transcodes/e899344ab2dd0f4abbf5a436b7195957212.mp4' for writing
frame= 4730 fps=160 q=28.0 size=N/A time=00:03:16.45 bitrate=N/A speed=6.65x    
[hls @ 0xaaaaca003e40] Opening '/config/cache/transcodes/e899344ab2dd0f4abbf5a436b7195957213.mp4' for writing
frame= 4811 fps=160 q=28.0 size=N/A time=00:03:19.83 bitrate=N/A speed=6.65x    
[hls @ 0xaaaaca003e40] Opening '/config/cache/transcodes/e899344ab2dd0f4abbf5a436b7195957214.mp4' for writing
[hls @ 0xaaaaca003e40] Opening '/config/cache/transcodes/e899344ab2dd0f4abbf5a436b7195957215.mp4' for writing
frame= 4900 fps=160 q=28.0 size=N/A time=00:03:23.54 bitrate=N/A speed=6.66x    
[hls @ 0xaaaaca003e40] Opening '/config/cache/transcodes/e899344ab2dd0f4abbf5a436b7195957216.mp4' for writing
frame= 4975 fps=160 q=28.0 size=N/A time=00:03:26.66 bitrate=N/A speed=6.65x    
[hls @ 0xaaaaca003e40] Opening '/config/cache/transcodes/e899344ab2dd0f4abbf5a436b7195957217.mp4' for writing
frame= 5047 fps=160 q=28.0 size=N/A time=00:03:29.66 bitrate=N/A speed=6.64x    
[hls @ 0xaaaaca003e40] Opening '/config/cache/transcodes/e899344ab2dd0f4abbf5a436b7195957218.mp4' for writing
frame= 5118 fps=160 q=28.0 size=N/A time=00:03:32.62 bitrate=N/A speed=6.63x    
[hls @ 0xaaaaca003e40] Opening '/config/cache/transcodes/e899344ab2dd0f4abbf5a436b7195957219.mp4' for writing
frame= 5225 fps=160 q=28.0 size=N/A time=00:03:37.08 bitrate=N/A speed=6.66x    
[hls @ 0xaaaaca003e40] Opening '/config/cache/transcodes/e899344ab2dd0f4abbf5a436b7195957220.mp4' for writing
frame= 5299 fps=160 q=28.0 size=N/A time=00:03:40.20 bitrate=N/A speed=6.66x    
[hls @ 0xaaaaca003e40] Opening '/config/cache/transcodes/e899344ab2dd0f4abbf5a436b7195957221.mp4' for writing
frame= 5382 fps=160 q=28.0 size=N/A time=00:03:43.62 bitrate=N/A speed=6.66x    
[hls @ 0xaaaaca003e40] Opening '/config/cache/transcodes/e899344ab2dd0f4abbf5a436b7195957222.mp4' for writing
frame= 5466 fps=160 q=28.0 size=N/A time=00:03:47.12 bitrate=N/A speed=6.67x    
[hls @ 0xaaaaca003e40] Opening '/config/cache/transcodes/e899344ab2dd0f4abbf5a436b7195957223.mp4' for writing
[hls @ 0xaaaaca003e40] Opening '/config/cache/transcodes/e899344ab2dd0f4abbf5a436b7195957224.mp4' for writing
frame= 5550 fps=161 q=28.0 size=N/A time=00:03:50.62 bitrate=N/A speed=6.67x    
[hls @ 0xaaaaca003e40] Opening '/config/cache/transcodes/e899344ab2dd0f4abbf5a436b7195957225.mp4' for writing
frame= 5634 fps=161 q=28.0 size=N/A time=00:03:54.12 bitrate=N/A speed=6.67x    
[hls @ 0xaaaaca003e40] Opening '/config/cache/transcodes/e899344ab2dd0f4abbf5a436b7195957226.mp4' for writing
frame= 5723 fps=161 q=28.0 size=N/A time=00:03:57.83 bitrate=N/A speed=6.68x    
[hls @ 0xaaaaca003e40] Opening '/config/cache/transcodes/e899344ab2dd0f4abbf5a436b7195957227.mp4' for writing
frame= 5817 fps=161 q=28.0 size=N/A time=00:04:01.75 bitrate=N/A speed= 6.7x    
[hls @ 0xaaaaca003e40] Opening '/config/cache/transcodes/e899344ab2dd0f4abbf5a436b7195957228.mp4' for writing
[hls @ 0xaaaaca003e40] Opening '/config/cache/transcodes/e899344ab2dd0f4abbf5a436b7195957229.mp4' for writing
frame= 5919 fps=162 q=28.0 size=N/A time=00:04:06.00 bitrate=N/A speed=6.72x    
[hls @ 0xaaaaca003e40] Opening '/config/cache/transcodes/e899344ab2dd0f4abbf5a436b7195957230.mp4' for writing
frame= 6012 fps=162 q=28.0 size=N/A time=00:04:09.87 bitrate=N/A speed=6.74x    
[hls @ 0xaaaaca003e40] Opening '/config/cache/transcodes/e899344ab2dd0f4abbf5a436b7195957231.mp4' for writing
frame= 6098 fps=162 q=28.0 size=N/A time=00:04:13.45 bitrate=N/A speed=6.74x    
[hls @ 0xaaaaca003e40] Opening '/config/cache/transcodes/e899344ab2dd0f4abbf5a436b7195957232.mp4' for writing
frame= 6174 fps=162 q=28.0 size=N/A time=00:04:16.62 bitrate=N/A speed=6.74x    
[hls @ 0xaaaaca003e40] Opening '/config/cache/transcodes/e899344ab2dd0f4abbf5a436b7195957233.mp4' for writing
frame= 6251 fps=162 q=28.0 size=N/A time=00:04:19.83 bitrate=N/A speed=6.73x    
[hls @ 0xaaaaca003e40] Opening '/config/cache/transcodes/e899344ab2dd0f4abbf5a436b7195957234.mp4' for writing
[hls @ 0xaaaaca003e40] Opening '/config/cache/transcodes/e899344ab2dd0f4abbf5a436b7195957235.mp4' for writing
frame= 6343 fps=162 q=28.0 size=N/A time=00:04:23.66 bitrate=N/A speed=6.75x    
[hls @ 0xaaaaca003e40] Opening '/config/cache/transcodes/e899344ab2dd0f4abbf5a436b7195957236.mp4' for writing
frame= 6423 fps=162 q=28.0 size=N/A time=00:04:27.04 bitrate=N/A speed=6.75x    
[hls @ 0xaaaaca003e40] Opening '/config/cache/transcodes/e899344ab2dd0f4abbf5a436b7195957237.mp4' for writing
frame= 6486 fps=162 q=28.0 size=N/A time=00:04:29.62 bitrate=N/A speed=6.73x    
[hls @ 0xaaaaca003e40] Opening '/config/cache/transcodes/e899344ab2dd0f4abbf5a436b7195957238.mp4' for writing
frame= 6563 fps=162 q=28.0 size=N/A time=00:04:32.83 bitrate=N/A speed=6.72x    
[hls @ 0xaaaaca003e40] Opening '/config/cache/transcodes/e899344ab2dd0f4abbf5a436b7195957239.mp4' for writing
frame= 6644 fps=162 q=28.0 size=N/A time=00:04:36.20 bitrate=N/A speed=6.72x    
[hls @ 0xaaaaca003e40] Opening '/config/cache/transcodes/e899344ab2dd0f4abbf5a436b7195957240.mp4' for writing
frame= 6719 fps=162 q=28.0 size=N/A time=00:04:39.33 bitrate=N/A speed=6.72x    
[hls @ 0xaaaaca003e40] Opening '/config/cache/transcodes/e899344ab2dd0f4abbf5a436b7195957241.mp4' for writing
frame= 6807 fps=162 q=28.0 size=N/A time=00:04:43.00 bitrate=N/A speed=6.72x    
[hls @ 0xaaaaca003e40] Opening '/config/cache/transcodes/e899344ab2dd0f4abbf5a436b7195957242.mp4' for writing
frame= 6892 fps=162 q=28.0 size=N/A time=00:04:46.54 bitrate=N/A speed=6.73x    
[hls @ 0xaaaaca003e40] Opening '/config/cache/transcodes/e899344ab2dd0f4abbf5a436b7195957243.mp4' for writing
frame= 6964 fps=162 q=28.0 size=N/A time=00:04:49.54 bitrate=N/A speed=6.72x    
[hls @ 0xaaaaca003e40] Opening '/config/cache/transcodes/e899344ab2dd0f4abbf5a436b7195957244.mp4' for writing
frame= 7040 fps=161 q=28.0 size=N/A time=00:04:52.75 bitrate=N/A speed=6.71x    
[hls @ 0xaaaaca003e40] Opening '/config/cache/transcodes/e899344ab2dd0f4abbf5a436b7195957245.mp4' for writing
frame= 7107 fps=161 q=28.0 size=N/A time=00:04:55.50 bitrate=N/A speed= 6.7x    
[hls @ 0xaaaaca003e40] Opening '/config/cache/transcodes/e899344ab2dd0f4abbf5a436b7195957246.mp4' for writing
frame= 7178 fps=161 q=28.0 size=N/A time=00:04:58.45 bitrate=N/A speed=6.69x    
[hls @ 0xaaaaca003e40] Opening '/config/cache/transcodes/e899344ab2dd0f4abbf5a436b7195957247.mp4' for writing
frame= 7246 fps=161 q=28.0 size=N/A time=00:05:01.29 bitrate=N/A speed=6.68x    
[hls @ 0xaaaaca003e40] Opening '/config/cache/transcodes/e899344ab2dd0f4abbf5a436b7195957248.mp4' for writing
frame= 7331 fps=161 q=28.0 size=N/A time=00:05:04.83 bitrate=N/A speed=6.68x    
[hls @ 0xaaaaca003e40] Opening '/config/cache/transcodes/e899344ab2dd0f4abbf5a436b7195957249.mp4' for writing
[hls @ 0xaaaaca003e40] Opening '/config/cache/transcodes/e899344ab2dd0f4abbf5a436b7195957250.mp4' for writing
frame= 7422 fps=161 q=28.0 size=N/A time=00:05:08.62 bitrate=N/A speed=6.69x    
[hls @ 0xaaaaca003e40] Opening '/config/cache/transcodes/e899344ab2dd0f4abbf5a436b7195957251.mp4' for writing
frame= 7491 fps=161 q=28.0 size=N/A time=00:05:11.54 bitrate=N/A speed=6.68x    
[hls @ 0xaaaaca003e40] Opening '/config/cache/transcodes/e899344ab2dd0f4abbf5a436b7195957252.mp4' for writing
frame= 7576 fps=161 q=28.0 size=N/A time=00:05:15.04 bitrate=N/A speed=6.69x    
[hls @ 0xaaaaca003e40] Opening '/config/cache/transcodes/e899344ab2dd0f4abbf5a436b7195957253.mp4' for writing
frame= 7654 fps=161 q=28.0 size=N/A time=00:05:18.29 bitrate=N/A speed=6.69x    
[hls @ 0xaaaaca003e40] Opening '/config/cache/transcodes/e899344ab2dd0f4abbf5a436b7195957254.mp4' for writing
frame= 7721 fps=160 q=28.0 size=N/A time=00:05:21.08 bitrate=N/A speed=6.67x    
[hls @ 0xaaaaca003e40] Opening '/config/cache/transcodes/e899344ab2dd0f4abbf5a436b7195957255.mp4' for writing
frame= 7798 fps=160 q=28.0 size=N/A time=00:05:24.29 bitrate=N/A speed=6.67x    
[hls @ 0xaaaaca003e40] Opening '/config/cache/transcodes/e899344ab2dd0f4abbf5a436b7195957256.mp4' for writing
frame= 7867 fps=160 q=28.0 size=N/A time=00:05:27.16 bitrate=N/A speed=6.66x    
[hls @ 0xaaaaca003e40] Opening '/config/cache/transcodes/e899344ab2dd0f4abbf5a436b7195957257.mp4' for writing
frame= 7936 fps=160 q=28.0 size=N/A time=00:05:30.04 bitrate=N/A speed=6.65x    
[hls @ 0xaaaaca003e40] Opening '/config/cache/transcodes/e899344ab2dd0f4abbf5a436b7195957258.mp4' for writing
frame= 8008 fps=160 q=28.0 size=N/A time=00:05:33.04 bitrate=N/A speed=6.65x    
[hls @ 0xaaaaca003e40] Opening '/config/cache/transcodes/e899344ab2dd0f4abbf5a436b7195957259.mp4' for writing
frame= 8087 fps=160 q=28.0 size=N/A time=00:05:36.33 bitrate=N/A speed=6.65x    
[hls @ 0xaaaaca003e40] Opening '/config/cache/transcodes/e899344ab2dd0f4abbf5a436b7195957260.mp4' for writing
frame= 8168 fps=160 q=28.0 size=N/A time=00:05:39.75 bitrate=N/A speed=6.65x    
[hls @ 0xaaaaca003e40] Opening '/config/cache/transcodes/e899344ab2dd0f4abbf5a436b7195957261.mp4' for writing
frame= 8257 fps=160 q=28.0 size=N/A time=00:05:43.41 bitrate=N/A speed=6.65x    
[hls @ 0xaaaaca003e40] Opening '/config/cache/transcodes/e899344ab2dd0f4abbf5a436b7195957262.mp4' for writing
frame= 8344 fps=160 q=28.0 size=N/A time=00:05:47.08 bitrate=N/A speed=6.66x    
[hls @ 0xaaaaca003e40] Opening '/config/cache/transcodes/e899344ab2dd0f4abbf5a436b7195957263.mp4' for writing
frame= 8416 fps=160 q=28.0 size=N/A time=00:05:50.04 bitrate=N/A speed=6.65x    
[hls @ 0xaaaaca003e40] Opening '/config/cache/transcodes/e899344ab2dd0f4abbf5a436b7195957264.mp4' for writing
frame= 8492 fps=160 q=28.0 size=N/A time=00:05:53.20 bitrate=N/A speed=6.65x    
[hls @ 0xaaaaca003e40] Opening '/config/cache/transcodes/e899344ab2dd0f4abbf5a436b7195957265.mp4' for writing
frame= 8554 fps=160 q=28.0 size=N/A time=00:05:55.79 bitrate=N/A speed=6.64x    
[hls @ 0xaaaaca003e40] Opening '/config/cache/transcodes/e899344ab2dd0f4abbf5a436b7195957266.mp4' for writing
frame= 8618 fps=159 q=28.0 size=N/A time=00:05:58.45 bitrate=N/A speed=6.62x    
[hls @ 0xaaaaca003e40] Opening '/config/cache/transcodes/e899344ab2dd0f4abbf5a436b7195957267.mp4' for writing
frame= 8696 fps=159 q=28.0 size=N/A time=00:06:01.70 bitrate=N/A speed=6.62x    
[hls @ 0xaaaaca003e40] Opening '/config/cache/transcodes/e899344ab2dd0f4abbf5a436b7195957268.mp4' for writing
frame= 8772 fps=159 q=28.0 size=N/A time=00:06:04.87 bitrate=N/A speed=6.62x    
[hls @ 0xaaaaca003e40] Opening '/config/cache/transcodes/e899344ab2dd0f4abbf5a436b7195957269.mp4' for writing
[hls @ 0xaaaaca003e40] Opening '/config/cache/transcodes/e899344ab2dd0f4abbf5a436b7195957270.mp4' for writing
frame= 8860 fps=159 q=28.0 size=N/A time=00:06:08.54 bitrate=N/A speed=6.63x    
[hls @ 0xaaaaca003e40] Opening '/config/cache/transcodes/e899344ab2dd0f4abbf5a436b7195957271.mp4' for writing
frame= 8938 fps=159 q=28.0 size=N/A time=00:06:11.79 bitrate=N/A speed=6.62x    
[hls @ 0xaaaaca003e40] Opening '/config/cache/transcodes/e899344ab2dd0f4abbf5a436b7195957272.mp4' for writing
frame= 9019 fps=159 q=28.0 size=N/A time=00:06:15.16 bitrate=N/A speed=6.63x    
[hls @ 0xaaaaca003e40] Opening '/config/cache/transcodes/e899344ab2dd0f4abbf5a436b7195957273.mp4' for writing
frame= 9104 fps=159 q=28.0 size=N/A time=00:06:18.70 bitrate=N/A speed=6.63x    
[hls @ 0xaaaaca003e40] Opening '/config/cache/transcodes/e899344ab2dd0f4abbf5a436b7195957274.mp4' for writing
frame= 9188 fps=159 q=28.0 size=N/A time=00:06:22.20 bitrate=N/A speed=6.63x    
[hls @ 0xaaaaca003e40] Opening '/config/cache/transcodes/e899344ab2dd0f4abbf5a436b7195957275.mp4' for writing
frame= 9270 fps=159 q=28.0 size=N/A time=00:06:25.62 bitrate=N/A speed=6.63x    
[hls @ 0xaaaaca003e40] Opening '/config/cache/transcodes/e899344ab2dd0f4abbf5a436b7195957276.mp4' for writing
frame= 9358 fps=160 q=28.0 size=N/A time=00:06:29.29 bitrate=N/A speed=6.64x    
[hls @ 0xaaaaca003e40] Opening '/config/cache/transcodes/e899344ab2dd0f4abbf5a436b7195957277.mp4' for writing
[hls @ 0xaaaaca003e40] Opening '/config/cache/transcodes/e899344ab2dd0f4abbf5a436b7195957278.mp4' for writing
frame= 9454 fps=160 q=28.0 size=N/A time=00:06:33.29 bitrate=N/A speed=6.65x    
[hls @ 0xaaaaca003e40] Opening '/config/cache/transcodes/e899344ab2dd0f4abbf5a436b7195957279.mp4' for writing
frame= 9551 fps=160 q=28.0 size=N/A time=00:06:37.33 bitrate=N/A speed=6.66x    
[hls @ 0xaaaaca003e40] Opening '/config/cache/transcodes/e899344ab2dd0f4abbf5a436b7195957280.mp4' for writing
frame= 9639 fps=160 q=28.0 size=N/A time=00:06:41.00 bitrate=N/A speed=6.67x    
[hls @ 0xaaaaca003e40] Opening '/config/cache/transcodes/e899344ab2dd0f4abbf5a436b7195957281.mp4' for writing
[hls @ 0xaaaaca003e40] Opening '/config/cache/transcodes/e899344ab2dd0f4abbf5a436b7195957282.mp4' for writing
frame= 9731 fps=160 q=28.0 size=N/A time=00:06:44.83 bitrate=N/A speed=6.68x    
[hls @ 0xaaaaca003e40] Opening '/config/cache/transcodes/e899344ab2dd0f4abbf5a436b7195957283.mp4' for writing
frame= 9823 fps=161 q=28.0 size=N/A time=00:06:48.66 bitrate=N/A speed=6.68x    
[hls @ 0xaaaaca003e40] Opening '/config/cache/transcodes/e899344ab2dd0f4abbf5a436b7195957284.mp4' for writing
[hls @ 0xaaaaca003e40] Opening '/config/cache/transcodes/e899344ab2dd0f4abbf5a436b7195957285.mp4' for writing
frame= 9941 fps=161 q=28.0 size=N/A time=00:06:53.58 bitrate=N/A speed=6.71x    
[hls @ 0xaaaaca003e40] Opening '/config/cache/transcodes/e899344ab2dd0f4abbf5a436b7195957286.mp4' for writing
frame=10054 fps=162 q=28.0 size=N/A time=00:06:58.29 bitrate=N/A speed=6.73x    
[hls @ 0xaaaaca003e40] Opening '/config/cache/transcodes/e899344ab2dd0f4abbf5a436b7195957287.mp4' for writing
frame=10136 fps=162 q=28.0 size=N/A time=00:07:01.70 bitrate=N/A speed=6.73x    
[hls @ 0xaaaaca003e40] Opening '/config/cache/transcodes/e899344ab2dd0f4abbf5a436b7195957288.mp4' for writing
frame=10223 fps=162 q=28.0 size=N/A time=00:07:05.33 bitrate=N/A speed=6.74x    
[hls @ 0xaaaaca003e40] Opening '/config/cache/transcodes/e899344ab2dd0f4abbf5a436b7195957289.mp4' for writing
[hls @ 0xaaaaca003e40] Opening '/config/cache/transcodes/e899344ab2dd0f4abbf5a436b7195957290.mp4' for writing
frame=10310 fps=162 q=28.0 size=N/A time=00:07:08.95 bitrate=N/A speed=6.74x    
[hls @ 0xaaaaca003e40] Opening '/config/cache/transcodes/e899344ab2dd0f4abbf5a436b7195957291.mp4' for writing
frame=10409 fps=162 q=28.0 size=N/A time=00:07:13.08 bitrate=N/A speed=6.75x    
[hls @ 0xaaaaca003e40] Opening '/config/cache/transcodes/e899344ab2dd0f4abbf5a436b7195957292.mp4' for writing
frame=10504 fps=162 q=28.0 size=N/A time=00:07:17.04 bitrate=N/A speed=6.76x    
[hls @ 0xaaaaca003e40] Opening '/config/cache/transcodes/e899344ab2dd0f4abbf5a436b7195957293.mp4' for writing
[hls @ 0xaaaaca003e40] Opening '/config/cache/transcodes/e899344ab2dd0f4abbf5a436b7195957294.mp4' for writing
frame=10591 fps=163 q=28.0 size=N/A time=00:07:20.66 bitrate=N/A speed=6.76x    
[hls @ 0xaaaaca003e40] Opening '/config/cache/transcodes/e899344ab2dd0f4abbf5a436b7195957295.mp4' for writing
frame=10691 fps=163 q=28.0 size=N/A time=00:07:24.83 bitrate=N/A speed=6.78x    
[hls @ 0xaaaaca003e40] Opening '/config/cache/transcodes/e899344ab2dd0f4abbf5a436b7195957296.mp4' for writing
[hls @ 0xaaaaca003e40] Opening '/config/cache/transcodes/e899344ab2dd0f4abbf5a436b7195957297.mp4' for writing
frame=10803 fps=163 q=28.0 size=N/A time=00:07:29.50 bitrate=N/A speed= 6.8x    
[hls @ 0xaaaaca003e40] Opening '/config/cache/transcodes/e899344ab2dd0f4abbf5a436b7195957298.mp4' for writing
frame=10918 fps=164 q=28.0 size=N/A time=00:07:34.29 bitrate=N/A speed=6.82x    
[hls @ 0xaaaaca003e40] Opening '/config/cache/transcodes/e899344ab2dd0f4abbf5a436b7195957299.mp4' for writing
[hls @ 0xaaaaca003e40] Opening '/config/cache/transcodes/e899344ab2dd0f4abbf5a436b7195957300.mp4' for writing
frame=11043 fps=164 q=28.0 size=N/A time=00:07:39.50 bitrate=N/A speed=6.84x    
[hls @ 0xaaaaca003e40] Opening '/config/cache/transcodes/e899344ab2dd0f4abbf5a436b7195957301.mp4' for writing
[hls @ 0xaaaaca003e40] Opening '/config/cache/transcodes/e899344ab2dd0f4abbf5a436b7195957302.mp4' for writing
frame=11161 fps=165 q=28.0 size=N/A time=00:07:44.41 bitrate=N/A speed=6.86x    
[hls @ 0xaaaaca003e40] Opening '/config/cache/transcodes/e899344ab2dd0f4abbf5a436b7195957303.mp4' for writing
frame=11260 fps=165 q=28.0 size=N/A time=00:07:48.54 bitrate=N/A speed=6.88x    
[hls @ 0xaaaaca003e40] Opening '/config/cache/transcodes/e899344ab2dd0f4abbf5a436b7195957304.mp4' for writing
frame=11348 fps=165 q=28.0 size=N/A time=00:07:52.20 bitrate=N/A speed=6.88x    
[hls @ 0xaaaaca003e40] Opening '/config/cache/transcodes/e899344ab2dd0f4abbf5a436b7195957305.mp4' for writing
[hls @ 0xaaaaca003e40] Opening '/config/cache/transcodes/e899344ab2dd0f4abbf5a436b7195957306.mp4' for writing
frame=11454 fps=166 q=28.0 size=N/A time=00:07:56.62 bitrate=N/A speed=6.89x    
[hls @ 0xaaaaca003e40] Opening '/config/cache/transcodes/e899344ab2dd0f4abbf5a436b7195957307.mp4' for writing
frame=11579 fps=166 q=28.0 size=N/A time=00:08:01.83 bitrate=N/A speed=6.92x    
[hls @ 0xaaaaca003e40] Opening '/config/cache/transcodes/e899344ab2dd0f4abbf5a436b7195957308.mp4' for writing
[hls @ 0xaaaaca003e40] Opening '/config/cache/transcodes/e899344ab2dd0f4abbf5a436b7195957309.mp4' for writing
frame=11669 fps=166 q=28.0 size=N/A time=00:08:05.58 bitrate=N/A speed=6.92x    
[hls @ 0xaaaaca003e40] Opening '/config/cache/transcodes/e899344ab2dd0f4abbf5a436b7195957310.mp4' for writing
frame=11764 fps=166 q=28.0 size=N/A time=00:08:09.54 bitrate=N/A speed=6.93x    
[hls @ 0xaaaaca003e40] Opening '/config/cache/transcodes/e899344ab2dd0f4abbf5a436b7195957311.mp4' for writing
frame=11859 fps=167 q=28.0 size=N/A time=00:08:13.50 bitrate=N/A speed=6.94x    
[hls @ 0xaaaaca003e40] Opening '/config/cache/transcodes/e899344ab2dd0f4abbf5a436b7195957312.mp4' for writing
[hls @ 0xaaaaca003e40] Opening '/config/cache/transcodes/e899344ab2dd0f4abbf5a436b7195957313.mp4' for writing
frame=11957 fps=167 q=28.0 size=N/A time=00:08:17.58 bitrate=N/A speed=6.94x    
[hls @ 0xaaaaca003e40] Opening '/config/cache/transcodes/e899344ab2dd0f4abbf5a436b7195957314.mp4' for writing
frame=12035 fps=167 q=28.0 size=N/A time=00:08:20.83 bitrate=N/A speed=6.94x    
[hls @ 0xaaaaca003e40] Opening '/config/cache/transcodes/e899344ab2dd0f4abbf5a436b7195957315.mp4' for writing
frame=12111 fps=167 q=28.0 size=N/A time=00:08:24.00 bitrate=N/A speed=6.94x    
[hls @ 0xaaaaca003e40] Opening '/config/cache/transcodes/e899344ab2dd0f4abbf5a436b7195957316.mp4' for writing
frame=12181 fps=166 q=28.0 size=N/A time=00:08:26.91 bitrate=N/A speed=6.93x    
[hls @ 0xaaaaca003e40] Opening '/config/cache/transcodes/e899344ab2dd0f4abbf5a436b7195957317.mp4' for writing
frame=12254 fps=166 q=28.0 size=N/A time=00:08:29.95 bitrate=N/A speed=6.92x    
[hls @ 0xaaaaca003e40] Opening '/config/cache/transcodes/e899344ab2dd0f4abbf5a436b7195957318.mp4' for writing
frame=12334 fps=166 q=28.0 size=N/A time=00:08:33.33 bitrate=N/A speed=6.92x    
[hls @ 0xaaaaca003e40] Opening '/config/cache/transcodes/e899344ab2dd0f4abbf5a436b7195957319.mp4' for writing
frame=12428 fps=166 q=28.0 size=N/A time=00:08:37.20 bitrate=N/A speed=6.93x    
[hls @ 0xaaaaca003e40] Opening '/config/cache/transcodes/e899344ab2dd0f4abbf5a436b7195957320.mp4' for writing
frame=12512 fps=166 q=28.0 size=N/A time=00:08:40.70 bitrate=N/A speed=6.93x    
[hls @ 0xaaaaca003e40] Opening '/config/cache/transcodes/e899344ab2dd0f4abbf5a436b7195957321.mp4' for writing
frame=12589 fps=166 q=28.0 size=N/A time=00:08:43.91 bitrate=N/A speed=6.92x    
[hls @ 0xaaaaca003e40] Opening '/config/cache/transcodes/e899344ab2dd0f4abbf5a436b7195957322.mp4' for writing
[hls @ 0xaaaaca003e40] Opening '/config/cache/transcodes/e899344ab2dd0f4abbf5a436b7195957323.mp4' for writing
frame=12673 fps=166 q=28.0 size=N/A time=00:08:47.41 bitrate=N/A speed=6.92x    
[hls @ 0xaaaaca003e40] Opening '/config/cache/transcodes/e899344ab2dd0f4abbf5a436b7195957324.mp4' for writing
frame=12754 fps=166 q=28.0 size=N/A time=00:08:50.79 bitrate=N/A speed=6.92x    
[hls @ 0xaaaaca003e40] Opening '/config/cache/transcodes/e899344ab2dd0f4abbf5a436b7195957325.mp4' for writing
frame=12833 fps=166 q=28.0 size=N/A time=00:08:54.08 bitrate=N/A speed=6.92x    
[hls @ 0xaaaaca003e40] Opening '/config/cache/transcodes/e899344ab2dd0f4abbf5a436b7195957326.mp4' for writing
frame=12916 fps=166 q=28.0 size=N/A time=00:08:57.54 bitrate=N/A speed=6.92x    
[hls @ 0xaaaaca003e40] Opening '/config/cache/transcodes/e899344ab2dd0f4abbf5a436b7195957327.mp4' for writing
frame=13000 fps=166 q=28.0 size=N/A time=00:09:01.04 bitrate=N/A speed=6.92x    
[hls @ 0xaaaaca003e40] Opening '/config/cache/transcodes/e899344ab2dd0f4abbf5a436b7195957328.mp4' for writing
frame=13090 fps=166 q=28.0 size=N/A time=00:09:04.79 bitrate=N/A speed=6.92x    
[hls @ 0xaaaaca003e40] Opening '/config/cache/transcodes/e899344ab2dd0f4abbf5a436b7195957329.mp4' for writing
[hls @ 0xaaaaca003e40] Opening '/config/cache/transcodes/e899344ab2dd0f4abbf5a436b7195957330.mp4' for writing
frame=13178 fps=166 q=28.0 size=N/A time=00:09:08.45 bitrate=N/A speed=6.93x    
[hls @ 0xaaaaca003e40] Opening '/config/cache/transcodes/e899344ab2dd0f4abbf5a436b7195957331.mp4' for writing
frame=13262 fps=166 q=28.0 size=N/A time=00:09:11.95 bitrate=N/A speed=6.93x    
[hls @ 0xaaaaca003e40] Opening '/config/cache/transcodes/e899344ab2dd0f4abbf5a436b7195957332.mp4' for writing
frame=13344 fps=166 q=28.0 size=N/A time=00:09:15.37 bitrate=N/A speed=6.93x    
[hls @ 0xaaaaca003e40] Opening '/config/cache/transcodes/e899344ab2dd0f4abbf5a436b7195957333.mp4' for writing
frame=13435 fps=167 q=28.0 size=N/A time=00:09:19.16 bitrate=N/A speed=6.93x    
[hls @ 0xaaaaca003e40] Opening '/config/cache/transcodes/e899344ab2dd0f4abbf5a436b7195957334.mp4' for writing
frame=13523 fps=167 q=28.0 size=N/A time=00:09:22.83 bitrate=N/A speed=6.93x    
[hls @ 0xaaaaca003e40] Opening '/config/cache/transcodes/e899344ab2dd0f4abbf5a436b7195957335.mp4' for writing
frame=13600 fps=167 q=28.0 size=N/A time=00:09:26.04 bitrate=N/A speed=6.93x    
[hls @ 0xaaaaca003e40] Opening '/config/cache/transcodes/e899344ab2dd0f4abbf5a436b7195957336.mp4' for writing
frame=13669 fps=166 q=25.0 size=N/A time=00:09:28.95 bitrate=N/A speed=6.92x    
[hls @ 0xaaaaca003e40] Opening '/config/cache/transcodes/e899344ab2dd0f4abbf5a436b7195957337.mp4' for writing
[hls @ 0xaaaaca003e40] Opening '/config/cache/transcodes/e899344ab2dd0f4abbf5a436b7195957338.mp4' for writing
frame=13754 fps=166 q=28.0 size=N/A time=00:09:32.45 bitrate=N/A speed=6.92x    
[hls @ 0xaaaaca003e40] Opening '/config/cache/transcodes/e899344ab2dd0f4abbf5a436b7195957339.mp4' for writing
frame=13839 fps=166 q=28.0 size=N/A time=00:09:36.00 bitrate=N/A speed=6.92x    
[hls @ 0xaaaaca003e40] Opening '/config/cache/transcodes/e899344ab2dd0f4abbf5a436b7195957340.mp4' for writing
frame=13931 fps=166 q=28.0 size=N/A time=00:09:39.83 bitrate=N/A speed=6.93x    
[hls @ 0xaaaaca003e40] Opening '/config/cache/transcodes/e899344ab2dd0f4abbf5a436b7195957341.mp4' for writing
frame=14022 fps=167 q=28.0 size=N/A time=00:09:43.62 bitrate=N/A speed=6.93x    
[hls @ 0xaaaaca003e40] Opening '/config/cache/transcodes/e899344ab2dd0f4abbf5a436b7195957342.mp4' for writing
frame=14086 fps=166 q=28.0 size=N/A time=00:09:46.29 bitrate=N/A speed=6.92x    
[hls @ 0xaaaaca003e40] Opening '/config/cache/transcodes/e899344ab2dd0f4abbf5a436b7195957343.mp4' for writing
frame=14156 fps=166 q=28.0 size=N/A time=00:09:49.20 bitrate=N/A speed=6.92x    
[hls @ 0xaaaaca003e40] Opening '/config/cache/transcodes/e899344ab2dd0f4abbf5a436b7195957344.mp4' for writing
frame=14225 fps=166 q=28.0 size=N/A time=00:09:52.08 bitrate=N/A speed=6.91x    
[hls @ 0xaaaaca003e40] Opening '/config/cache/transcodes/e899344ab2dd0f4abbf5a436b7195957345.mp4' for writing
frame=14310 fps=166 q=28.0 size=N/A time=00:09:55.62 bitrate=N/A speed=6.91x    
[hls @ 0xaaaaca003e40] Opening '/config/cache/transcodes/e899344ab2dd0f4abbf5a436b7195957346.mp4' for writing
[hls @ 0xaaaaca003e40] Opening '/config/cache/transcodes/e899344ab2dd0f4abbf5a436b7195957347.mp4' for writing
frame=14409 fps=166 q=28.0 size=N/A time=00:09:59.75 bitrate=N/A speed=6.92x    
[hls @ 0xaaaaca003e40] Opening '/config/cache/transcodes/e899344ab2dd0f4abbf5a436b7195957348.mp4' for writing
frame=14524 fps=167 q=28.0 size=N/A time=00:10:04.54 bitrate=N/A speed=6.93x    
[hls @ 0xaaaaca003e40] Opening '/config/cache/transcodes/e899344ab2dd0f4abbf5a436b7195957349.mp4' for writing
[hls @ 0xaaaaca003e40] Opening '/config/cache/transcodes/e899344ab2dd0f4abbf5a436b7195957350.mp4' for writing
frame=14635 fps=167 q=28.0 size=N/A time=00:10:09.16 bitrate=N/A speed=6.95x    
[hls @ 0xaaaaca003e40] Opening '/config/cache/transcodes/e899344ab2dd0f4abbf5a436b7195957351.mp4' for writing
frame=14746 fps=167 q=28.0 size=N/A time=00:10:13.79 bitrate=N/A speed=6.96x    
[hls @ 0xaaaaca003e40] Opening '/config/cache/transcodes/e899344ab2dd0f4abbf5a436b7195957352.mp4' for writing
[hls @ 0xaaaaca003e40] Opening '/config/cache/transcodes/e899344ab2dd0f4abbf5a436b7195957353.mp4' for writing
frame=14863 fps=168 q=28.0 size=N/A time=00:10:18.66 bitrate=N/A speed=6.98x    
[hls @ 0xaaaaca003e40] Opening '/config/cache/transcodes/e899344ab2dd0f4abbf5a436b7195957354.mp4' for writing
frame=14951 fps=168 q=28.0 size=N/A time=00:10:22.33 bitrate=N/A speed=6.98x    
[hls @ 0xaaaaca003e40] Opening '/config/cache/transcodes/e899344ab2dd0f4abbf5a436b7195957355.mp4' for writing
frame=15044 fps=168 q=28.0 size=N/A time=00:10:26.20 bitrate=N/A speed=6.98x    
[hls @ 0xaaaaca003e40] Opening '/config/cache/transcodes/e899344ab2dd0f4abbf5a436b7195957356.mp4' for writing
[hls @ 0xaaaaca003e40] Opening '/config/cache/transcodes/e899344ab2dd0f4abbf5a436b7195957357.mp4' for writing
frame=15136 fps=168 q=28.0 size=N/A time=00:10:30.04 bitrate=N/A speed=6.98x    
[hls @ 0xaaaaca003e40] Opening '/config/cache/transcodes/e899344ab2dd0f4abbf5a436b7195957358.mp4' for writing
frame=15227 fps=168 q=28.0 size=N/A time=00:10:33.87 bitrate=N/A speed=6.99x    
[hls @ 0xaaaaca003e40] Opening '/config/cache/transcodes/e899344ab2dd0f4abbf5a436b7195957359.mp4' for writing
[hls @ 0xaaaaca003e40] Opening '/config/cache/transcodes/e899344ab2dd0f4abbf5a436b7195957360.mp4' for writing
frame=15340 fps=168 q=28.0 size=N/A time=00:10:38.54 bitrate=N/A speed=   7x    
[hls @ 0xaaaaca003e40] Opening '/config/cache/transcodes/e899344ab2dd0f4abbf5a436b7195957361.mp4' for writing
frame=15439 fps=168 q=28.0 size=N/A time=00:10:42.66 bitrate=N/A speed=7.01x    
[hls @ 0xaaaaca003e40] Opening '/config/cache/transcodes/e899344ab2dd0f4abbf5a436b7195957362.mp4' for writing
[hls @ 0xaaaaca003e40] Opening '/config/cache/transcodes/e899344ab2dd0f4abbf5a436b7195957363.mp4' for writing
frame=15557 fps=169 q=28.0 size=N/A time=00:10:47.62 bitrate=N/A speed=7.02x    
[hls @ 0xaaaaca003e40] Opening '/config/cache/transcodes/e899344ab2dd0f4abbf5a436b7195957364.mp4' for writing
frame=15659 fps=169 q=28.0 size=N/A time=00:10:51.79 bitrate=N/A speed=7.03x    
[hls @ 0xaaaaca003e40] Opening '/config/cache/transcodes/e899344ab2dd0f4abbf5a436b7195957365.mp4' for writing
[hls @ 0xaaaaca003e40] Opening '/config/cache/transcodes/e899344ab2dd0f4abbf5a436b7195957366.mp4' for writing
frame=15770 fps=169 q=28.0 size=N/A time=00:10:56.45 bitrate=N/A speed=7.04x    
[hls @ 0xaaaaca003e40] Opening '/config/cache/transcodes/e899344ab2dd0f4abbf5a436b7195957367.mp4' for writing
frame=15883 fps=169 q=28.0 size=N/A time=00:11:01.16 bitrate=N/A speed=7.06x    
[hls @ 0xaaaaca003e40] Opening '/config/cache/transcodes/e899344ab2dd0f4abbf5a436b7195957368.mp4' for writing
[hls @ 0xaaaaca003e40] Opening '/config/cache/transcodes/e899344ab2dd0f4abbf5a436b7195957369.mp4' for writing
frame=15985 fps=170 q=28.0 size=N/A time=00:11:05.41 bitrate=N/A speed=7.06x    
[hls @ 0xaaaaca003e40] Opening '/config/cache/transcodes/e899344ab2dd0f4abbf5a436b7195957370.mp4' for writing
frame=16087 fps=170 q=28.0 size=N/A time=00:11:09.66 bitrate=N/A speed=7.07x    
[hls @ 0xaaaaca003e40] Opening '/config/cache/transcodes/e899344ab2dd0f4abbf5a436b7195957371.mp4' for writing
frame=16187 fps=170 q=28.0 size=N/A time=00:11:13.83 bitrate=N/A speed=7.08x    
[hls @ 0xaaaaca003e40] Opening '/config/cache/transcodes/e899344ab2dd0f4abbf5a436b7195957372.mp4' for writing
[hls @ 0xaaaaca003e40] Opening '/config/cache/transcodes/e899344ab2dd0f4abbf5a436b7195957373.mp4' for writing
frame=16287 fps=170 q=28.0 size=N/A time=00:11:18.00 bitrate=N/A speed=7.08x    
[hls @ 0xaaaaca003e40] Opening '/config/cache/transcodes/e899344ab2dd0f4abbf5a436b7195957374.mp4' for writing
frame=16401 fps=170 q=28.0 size=N/A time=00:11:22.79 bitrate=N/A speed= 7.1x    
[hls @ 0xaaaaca003e40] Opening '/config/cache/transcodes/e899344ab2dd0f4abbf5a436b7195957375.mp4' for writing
[hls @ 0xaaaaca003e40] Opening '/config/cache/transcodes/e899344ab2dd0f4abbf5a436b7195957376.mp4' for writing
frame=16512 fps=171 q=28.0 size=N/A time=00:11:27.37 bitrate=N/A speed=7.11x    
[hls @ 0xaaaaca003e40] Opening '/config/cache/transcodes/e899344ab2dd0f4abbf5a436b7195957377.mp4' for writing
frame=16631 fps=171 q=28.0 size=N/A time=00:11:32.37 bitrate=N/A speed=7.12x    
[hls @ 0xaaaaca003e40] Opening '/config/cache/transcodes/e899344ab2dd0f4abbf5a436b7195957378.mp4' for writing
[hls @ 0xaaaaca003e40] Opening '/config/cache/transcodes/e899344ab2dd0f4abbf5a436b7195957379.mp4' for writing
frame=16742 fps=171 q=28.0 size=N/A time=00:11:36.95 bitrate=N/A speed=7.13x    
[hls @ 0xaaaaca003e40] Opening '/config/cache/transcodes/e899344ab2dd0f4abbf5a436b7195957380.mp4' for writing
[hls @ 0xaaaaca003e40] Opening '/config/cache/transcodes/e899344ab2dd0f4abbf5a436b7195957381.mp4' for writing
frame=16858 fps=172 q=28.0 size=N/A time=00:11:41.79 bitrate=N/A speed=7.15x    
[hls @ 0xaaaaca003e40] Opening '/config/cache/transcodes/e899344ab2dd0f4abbf5a436b7195957382.mp4' for writing
frame=16963 fps=172 q=28.0 size=N/A time=00:11:46.16 bitrate=N/A speed=7.15x    
[hls @ 0xaaaaca003e40] Opening '/config/cache/transcodes/e899344ab2dd0f4abbf5a436b7195957383.mp4' for writing
[hls @ 0xaaaaca003e40] Opening '/config/cache/transcodes/e899344ab2dd0f4abbf5a436b7195957384.mp4' for writing
frame=17074 fps=172 q=28.0 size=N/A time=00:11:50.79 bitrate=N/A speed=7.16x    
[hls @ 0xaaaaca003e40] Opening '/config/cache/transcodes/e899344ab2dd0f4abbf5a436b7195957385.mp4' for writing
frame=17186 fps=172 q=28.0 size=N/A time=00:11:55.45 bitrate=N/A speed=7.17x    
[hls @ 0xaaaaca003e40] Opening '/config/cache/transcodes/e899344ab2dd0f4abbf5a436b7195957386.mp4' for writing
[hls @ 0xaaaaca003e40] Opening '/config/cache/transcodes/e899344ab2dd0f4abbf5a436b7195957387.mp4' for writing
frame=17299 fps=173 q=28.0 size=N/A time=00:12:00.16 bitrate=N/A speed=7.19x    
[hls @ 0xaaaaca003e40] Opening '/config/cache/transcodes/e899344ab2dd0f4abbf5a436b7195957388.mp4' for writing
frame=17400 fps=173 q=28.0 size=N/A time=00:12:04.37 bitrate=N/A speed=7.19x    
[hls @ 0xaaaaca003e40] Opening '/config/cache/transcodes/e899344ab2dd0f4abbf5a436b7195957389.mp4' for writing
frame=17489 fps=173 q=28.0 size=N/A time=00:12:08.08 bitrate=N/A speed=7.19x    
[hls @ 0xaaaaca003e40] Opening '/config/cache/transcodes/e899344ab2dd0f4abbf5a436b7195957390.mp4' for writing
[hls @ 0xaaaaca003e40] Opening '/config/cache/transcodes/e899344ab2dd0f4abbf5a436b7195957391.mp4' for writing
frame=17587 fps=173 q=28.0 size=N/A time=00:12:12.16 bitrate=N/A speed= 7.2x    
[hls @ 0xaaaaca003e40] Opening '/config/cache/transcodes/e899344ab2dd0f4abbf5a436b7195957392.mp4' for writing
frame=17684 fps=173 q=28.0 size=N/A time=00:12:16.20 bitrate=N/A speed= 7.2x    
[hls @ 0xaaaaca003e40] Opening '/config/cache/transcodes/e899344ab2dd0f4abbf5a436b7195957393.mp4' for writing
[hls @ 0xaaaaca003e40] Opening '/config/cache/transcodes/e899344ab2dd0f4abbf5a436b7195957394.mp4' for writing
frame=17785 fps=173 q=28.0 size=N/A time=00:12:20.41 bitrate=N/A speed=7.21x    
[hls @ 0xaaaaca003e40] Opening '/config/cache/transcodes/e899344ab2dd0f4abbf5a436b7195957395.mp4' for writing
frame=17879 fps=173 q=28.0 size=N/A time=00:12:24.33 bitrate=N/A speed=7.21x    
[hls @ 0xaaaaca003e40] Opening '/config/cache/transcodes/e899344ab2dd0f4abbf5a436b7195957396.mp4' for writing
frame=17956 fps=173 q=28.0 size=N/A time=00:12:27.54 bitrate=N/A speed=7.21x    
[hls @ 0xaaaaca003e40] Opening '/config/cache/transcodes/e899344ab2dd0f4abbf5a436b7195957397.mp4' for writing
frame=18045 fps=173 q=28.0 size=N/A time=00:12:31.25 bitrate=N/A speed=7.21x    
[hls @ 0xaaaaca003e40] Opening '/config/cache/transcodes/e899344ab2dd0f4abbf5a436b7195957398.mp4' for writing
[hls @ 0xaaaaca003e40] Opening '/config/cache/transcodes/e899344ab2dd0f4abbf5a436b7195957399.mp4' for writing
frame=18159 fps=173 q=28.0 size=N/A time=00:12:36.00 bitrate=N/A speed=7.22x    
[hls @ 0xaaaaca003e40] Opening '/config/cache/transcodes/e899344ab2dd0f4abbf5a436b7195957400.mp4' for writing
frame=18272 fps=174 q=28.0 size=N/A time=00:12:40.70 bitrate=N/A speed=7.23x    
[hls @ 0xaaaaca003e40] Opening '/config/cache/transcodes/e899344ab2dd0f4abbf5a436b7195957401.mp4' for writing
[hls @ 0xaaaaca003e40] Opening '/config/cache/transcodes/e899344ab2dd0f4abbf5a436b7195957402.mp4' for writing
frame=18377 fps=174 q=28.0 size=N/A time=00:12:45.08 bitrate=N/A speed=7.24x    
[hls @ 0xaaaaca003e40] Opening '/config/cache/transcodes/e899344ab2dd0f4abbf5a436b7195957403.mp4' for writing
frame=18485 fps=174 q=28.0 size=N/A time=00:12:49.58 bitrate=N/A speed=7.24x    
[hls @ 0xaaaaca003e40] Opening '/config/cache/transcodes/e899344ab2dd0f4abbf5a436b7195957404.mp4' for writing
[hls @ 0xaaaaca003e40] Opening '/config/cache/transcodes/e899344ab2dd0f4abbf5a436b7195957405.mp4' for writing
frame=18597 fps=174 q=28.0 size=N/A time=00:12:54.25 bitrate=N/A speed=7.25x    
[hls @ 0xaaaaca003e40] Opening '/config/cache/transcodes/e899344ab2dd0f4abbf5a436b7195957406.mp4' for writing
frame=18710 fps=174 q=25.0 size=N/A time=00:12:58.95 bitrate=N/A speed=7.26x    
[hls @ 0xaaaaca003e40] Opening '/config/cache/transcodes/e899344ab2dd0f4abbf5a436b7195957407.mp4' for writing
[hls @ 0xaaaaca003e40] Opening '/config/cache/transcodes/e899344ab2dd0f4abbf5a436b7195957408.mp4' for writing
frame=18828 fps=175 q=28.0 size=N/A time=00:13:03.87 bitrate=N/A speed=7.28x    
[hls @ 0xaaaaca003e40] Opening '/config/cache/transcodes/e899344ab2dd0f4abbf5a436b7195957409.mp4' for writing
frame=18924 fps=175 q=28.0 size=N/A time=00:13:07.87 bitrate=N/A speed=7.28x    
[hls @ 0xaaaaca003e40] Opening '/config/cache/transcodes/e899344ab2dd0f4abbf5a436b7195957410.mp4' for writing
[hls @ 0xaaaaca003e40] Opening '/config/cache/transcodes/e899344ab2dd0f4abbf5a436b7195957411.mp4' for writing
[hls @ 0xaaaaca003e40] Opening '/config/cache/transcodes/e899344ab2dd0f4abbf5a436b7195957412.mp4' for writing
frame=19099 fps=175 q=28.0 size=N/A time=00:13:15.16 bitrate=N/A speed=7.28x    
[hls @ 0xaaaaca003e40] Opening '/config/cache/transcodes/e899344ab2dd0f4abbf5a436b7195957413.mp4' for writing
frame=19185 fps=175 q=28.0 size=N/A time=00:13:18.75 bitrate=N/A speed=7.28x    
[hls @ 0xaaaaca003e40] Opening '/config/cache/transcodes/e899344ab2dd0f4abbf5a436b7195957414.mp4' for writing
frame=19268 fps=175 q=28.0 size=N/A time=00:13:22.20 bitrate=N/A speed=7.28x    
[hls @ 0xaaaaca003e40] Opening '/config/cache/transcodes/e899344ab2dd0f4abbf5a436b7195957415.mp4' for writing
frame=19365 fps=175 q=28.0 size=N/A time=00:13:26.25 bitrate=N/A speed=7.28x    
[hls @ 0xaaaaca003e40] Opening '/config/cache/transcodes/e899344ab2dd0f4abbf5a436b7195957416.mp4' for writing
[hls @ 0xaaaaca003e40] Opening '/config/cache/transcodes/e899344ab2dd0f4abbf5a436b7195957417.mp4' for writing
frame=19471 fps=175 q=28.0 size=N/A time=00:13:30.66 bitrate=N/A speed=7.29x    
[hls @ 0xaaaaca003e40] Opening '/config/cache/transcodes/e899344ab2dd0f4abbf5a436b7195957418.mp4' for writing
frame=19561 fps=175 q=28.0 size=N/A time=00:13:34.41 bitrate=N/A speed=7.29x    
[hls @ 0xaaaaca003e40] Opening '/config/cache/transcodes/e899344ab2dd0f4abbf5a436b7195957419.mp4' for writing
frame=19655 fps=175 q=28.0 size=N/A time=00:13:38.33 bitrate=N/A speed=7.29x    
[hls @ 0xaaaaca003e40] Opening '/config/cache/transcodes/e899344ab2dd0f4abbf5a436b7195957420.mp4' for writing
[hls @ 0xaaaaca003e40] Opening '/config/cache/transcodes/e899344ab2dd0f4abbf5a436b7195957421.mp4' for writing
frame=19772 fps=175 q=28.0 size=N/A time=00:13:43.20 bitrate=N/A speed= 7.3x    
[hls @ 0xaaaaca003e40] Opening '/config/cache/transcodes/e899344ab2dd0f4abbf5a436b7195957422.mp4' for writing
[hls @ 0xaaaaca003e40] Opening '/config/cache/transcodes/e899344ab2dd0f4abbf5a436b7195957423.mp4' for writing
frame=19882 fps=176 q=28.0 size=N/A time=00:13:47.79 bitrate=N/A speed=7.31x    
[hls @ 0xaaaaca003e40] Opening '/config/cache/transcodes/e899344ab2dd0f4abbf5a436b7195957424.mp4' for writing
frame=19983 fps=176 q=28.0 size=N/A time=00:13:52.00 bitrate=N/A speed=7.31x    
[hls @ 0xaaaaca003e40] Opening '/config/cache/transcodes/e899344ab2dd0f4abbf5a436b7195957425.mp4' for writing
frame=20079 fps=176 q=28.0 size=N/A time=00:13:56.00 bitrate=N/A speed=7.32x    
[hls @ 0xaaaaca003e40] Opening '/config/cache/transcodes/e899344ab2dd0f4abbf5a436b7195957426.mp4' for writing
frame=20158 fps=176 q=28.0 size=N/A time=00:13:59.29 bitrate=N/A speed=7.31x    
[hls @ 0xaaaaca003e40] Opening '/config/cache/transcodes/e899344ab2dd0f4abbf5a436b7195957427.mp4' for writing
[hls @ 0xaaaaca003e40] Opening '/config/cache/transcodes/e899344ab2dd0f4abbf5a436b7195957428.mp4' for writing
frame=20245 fps=176 q=28.0 size=N/A time=00:14:02.91 bitrate=N/A speed=7.31x    
[hls @ 0xaaaaca003e40] Opening '/config/cache/transcodes/e899344ab2dd0f4abbf5a436b7195957429.mp4' for writing
frame=20336 fps=176 q=28.0 size=N/A time=00:14:06.70 bitrate=N/A speed=7.31x    
[hls @ 0xaaaaca003e40] Opening '/config/cache/transcodes/e899344ab2dd0f4abbf5a436b7195957430.mp4' for writing
frame=20428 fps=176 q=28.0 size=N/A time=00:14:10.58 bitrate=N/A speed=7.32x    
[hls @ 0xaaaaca003e40] Opening '/config/cache/transcodes/e899344ab2dd0f4abbf5a436b7195957431.mp4' for writing
frame=20511 fps=176 q=28.0 size=N/A time=00:14:14.00 bitrate=N/A speed=7.31x    
[hls @ 0xaaaaca003e40] Opening '/config/cache/transcodes/e899344ab2dd0f4abbf5a436b7195957432.mp4' for writing
[hls @ 0xaaaaca003e40] Opening '/config/cache/transcodes/e899344ab2dd0f4abbf5a436b7195957433.mp4' for writing
frame=20600 fps=176 q=28.0 size=N/A time=00:14:17.70 bitrate=N/A speed=7.31x    
[hls @ 0xaaaaca003e40] Opening '/config/cache/transcodes/e899344ab2dd0f4abbf5a436b7195957434.mp4' for writing
frame=20685 fps=176 q=28.0 size=N/A time=00:14:21.25 bitrate=N/A speed=7.31x    
[hls @ 0xaaaaca003e40] Opening '/config/cache/transcodes/e899344ab2dd0f4abbf5a436b7195957435.mp4' for writing
frame=20770 fps=176 q=28.0 size=N/A time=00:14:24.79 bitrate=N/A speed=7.31x    
[hls @ 0xaaaaca003e40] Opening '/config/cache/transcodes/e899344ab2dd0f4abbf5a436b7195957436.mp4' for writing
frame=20862 fps=176 q=28.0 size=N/A time=00:14:28.62 bitrate=N/A speed=7.31x    
[hls @ 0xaaaaca003e40] Opening '/config/cache/transcodes/e899344ab2dd0f4abbf5a436b7195957437.mp4' for writing
frame=20952 fps=176 q=28.0 size=N/A time=00:14:32.37 bitrate=N/A speed=7.31x    
[hls @ 0xaaaaca003e40] Opening '/config/cache/transcodes/e899344ab2dd0f4abbf5a436b7195957438.mp4' for writing
[hls @ 0xaaaaca003e40] Opening '/config/cache/transcodes/e899344ab2dd0f4abbf5a436b7195957439.mp4' for writing
frame=21050 fps=176 q=28.0 size=N/A time=00:14:36.45 bitrate=N/A speed=7.32x    
[hls @ 0xaaaaca003e40] Opening '/config/cache/transcodes/e899344ab2dd0f4abbf5a436b7195957440.mp4' for writing
frame=21153 fps=176 q=28.0 size=N/A time=00:14:40.75 bitrate=N/A speed=7.32x    
[hls @ 0xaaaaca003e40] Opening '/config/cache/transcodes/e899344ab2dd0f4abbf5a436b7195957441.mp4' for writing
[hls @ 0xaaaaca003e40] Opening '/config/cache/transcodes/e899344ab2dd0f4abbf5a436b7195957442.mp4' for writing
frame=21247 fps=176 q=28.0 size=N/A time=00:14:44.66 bitrate=N/A speed=7.33x    
[hls @ 0xaaaaca003e40] Opening '/config/cache/transcodes/e899344ab2dd0f4abbf5a436b7195957443.mp4' for writing
frame=21332 fps=176 q=28.0 size=N/A time=00:14:48.20 bitrate=N/A speed=7.32x    
[hls @ 0xaaaaca003e40] Opening '/config/cache/transcodes/e899344ab2dd0f4abbf5a436b7195957444.mp4' for writing
frame=21425 fps=176 q=28.0 size=N/A time=00:14:52.08 bitrate=N/A speed=7.33x    
[hls @ 0xaaaaca003e40] Opening '/config/cache/transcodes/e899344ab2dd0f4abbf5a436b7195957445.mp4' for writing
[hls @ 0xaaaaca003e40] Opening '/config/cache/transcodes/e899344ab2dd0f4abbf5a436b7195957446.mp4' for writing
frame=21531 fps=176 q=28.0 size=N/A time=00:14:56.50 bitrate=N/A speed=7.33x    
[hls @ 0xaaaaca003e40] Opening '/config/cache/transcodes/e899344ab2dd0f4abbf5a436b7195957447.mp4' for writing
frame=21630 fps=176 q=28.0 size=N/A time=00:15:00.62 bitrate=N/A speed=7.34x    
[hls @ 0xaaaaca003e40] Opening '/config/cache/transcodes/e899344ab2dd0f4abbf5a436b7195957448.mp4' for writing
frame=21714 fps=176 q=28.0 size=N/A time=00:15:04.12 bitrate=N/A speed=7.33x    
[hls @ 0xaaaaca003e40] Opening '/config/cache/transcodes/e899344ab2dd0f4abbf5a436b7195957449.mp4' for writing
frame=21799 fps=176 q=28.0 size=N/A time=00:15:07.66 bitrate=N/A speed=7.33x    
[hls @ 0xaaaaca003e40] Opening '/config/cache/transcodes/e899344ab2dd0f4abbf5a436b7195957450.mp4' for writing
[hls @ 0xaaaaca003e40] Opening '/config/cache/transcodes/e899344ab2dd0f4abbf5a436b7195957451.mp4' for writing
frame=21897 fps=176 q=28.0 size=N/A time=00:15:11.75 bitrate=N/A speed=7.34x    
[hls @ 0xaaaaca003e40] Opening '/config/cache/transcodes/e899344ab2dd0f4abbf5a436b7195957452.mp4' for writing
frame=21998 fps=176 q=28.0 size=N/A time=00:15:15.95 bitrate=N/A speed=7.34x    
[hls @ 0xaaaaca003e40] Opening '/config/cache/transcodes/e899344ab2dd0f4abbf5a436b7195957453.mp4' for writing
frame=22078 fps=176 q=28.0 size=N/A time=00:15:19.29 bitrate=N/A speed=7.34x    
[hls @ 0xaaaaca003e40] Opening '/config/cache/transcodes/e899344ab2dd0f4abbf5a436b7195957454.mp4' for writing
frame=22149 fps=176 q=28.0 size=N/A time=00:15:22.25 bitrate=N/A speed=7.33x    
[hls @ 0xaaaaca003e40] Opening '/config/cache/transcodes/e899344ab2dd0f4abbf5a436b7195957455.mp4' for writing
frame=22223 fps=176 q=28.0 size=N/A time=00:15:25.33 bitrate=N/A speed=7.33x    
[hls @ 0xaaaaca003e40] Opening '/config/cache/transcodes/e899344ab2dd0f4abbf5a436b7195957456.mp4' for writing
frame=22295 fps=176 q=28.0 size=N/A time=00:15:28.33 bitrate=N/A speed=7.32x    
[hls @ 0xaaaaca003e40] Opening '/config/cache/transcodes/e899344ab2dd0f4abbf5a436b7195957457.mp4' for writing
frame=22372 fps=176 q=28.0 size=N/A time=00:15:31.54 bitrate=N/A speed=7.32x    
[hls @ 0xaaaaca003e40] Opening '/config/cache/transcodes/e899344ab2dd0f4abbf5a436b7195957458.mp4' for writing
[hls @ 0xaaaaca003e40] Opening '/config/cache/transcodes/e899344ab2dd0f4abbf5a436b7195957459.mp4' for writing
frame=22465 fps=176 q=28.0 size=N/A time=00:15:35.41 bitrate=N/A speed=7.32x    
[hls @ 0xaaaaca003e40] Opening '/config/cache/transcodes/e899344ab2dd0f4abbf5a436b7195957460.mp4' for writing
frame=22574 fps=176 q=28.0 size=N/A time=00:15:39.95 bitrate=N/A speed=7.33x    
[hls @ 0xaaaaca003e40] Opening '/config/cache/transcodes/e899344ab2dd0f4abbf5a436b7195957461.mp4' for writing
frame=22677 fps=176 q=28.0 size=N/A time=00:15:44.25 bitrate=N/A speed=7.33x    
[hls @ 0xaaaaca003e40] Opening '/config/cache/transcodes/e899344ab2dd0f4abbf5a436b7195957462.mp4' for writing
[hls @ 0xaaaaca003e40] Opening '/config/cache/transcodes/e899344ab2dd0f4abbf5a436b7195957463.mp4' for writing
frame=22778 fps=176 q=28.0 size=N/A time=00:15:48.45 bitrate=N/A speed=7.34x    
[hls @ 0xaaaaca003e40] Opening '/config/cache/transcodes/e899344ab2dd0f4abbf5a436b7195957464.mp4' for writing
frame=22880 fps=176 q=28.0 size=N/A time=00:15:52.70 bitrate=N/A speed=7.34x    
[hls @ 0xaaaaca003e40] Opening '/config/cache/transcodes/e899344ab2dd0f4abbf5a436b7195957465.mp4' for writing
[hls @ 0xaaaaca003e40] Opening '/config/cache/transcodes/e899344ab2dd0f4abbf5a436b7195957466.mp4' for writing
frame=22973 fps=176 q=28.0 size=N/A time=00:15:56.58 bitrate=N/A speed=7.34x    
[hls @ 0xaaaaca003e40] Opening '/config/cache/transcodes/e899344ab2dd0f4abbf5a436b7195957467.mp4' for writing
frame=23066 fps=176 q=28.0 size=N/A time=00:16:00.45 bitrate=N/A speed=7.34x    
[hls @ 0xaaaaca003e40] Opening '/config/cache/transcodes/e899344ab2dd0f4abbf5a436b7195957468.mp4' for writing
frame=23138 fps=176 q=28.0 size=N/A time=00:16:03.45 bitrate=N/A speed=7.34x    
[hls @ 0xaaaaca003e40] Opening '/config/cache/transcodes/e899344ab2dd0f4abbf5a436b7195957469.mp4' for writing
frame=23225 fps=176 q=28.0 size=N/A time=00:16:07.08 bitrate=N/A speed=7.34x    
[hls @ 0xaaaaca003e40] Opening '/config/cache/transcodes/e899344ab2dd0f4abbf5a436b7195957470.mp4' for writing
frame=23319 fps=176 q=28.0 size=N/A time=00:16:11.00 bitrate=N/A speed=7.34x    
[hls @ 0xaaaaca003e40] Opening '/config/cache/transcodes/e899344ab2dd0f4abbf5a436b7195957471.mp4' for writing
[hls @ 0xaaaaca003e40] Opening '/config/cache/transcodes/e899344ab2dd0f4abbf5a436b7195957472.mp4' for writing
frame=23407 fps=176 q=28.0 size=N/A time=00:16:14.66 bitrate=N/A speed=7.34x    
[hls @ 0xaaaaca003e40] Opening '/config/cache/transcodes/e899344ab2dd0f4abbf5a436b7195957473.mp4' for writing
frame=23498 fps=176 q=28.0 size=N/A time=00:16:18.45 bitrate=N/A speed=7.34x    
[hls @ 0xaaaaca003e40] Opening '/config/cache/transcodes/e899344ab2dd0f4abbf5a436b7195957474.mp4' for writing
frame=23599 fps=176 q=28.0 size=N/A time=00:16:22.66 bitrate=N/A speed=7.34x    
[hls @ 0xaaaaca003e40] Opening '/config/cache/transcodes/e899344ab2dd0f4abbf5a436b7195957475.mp4' for writing
[hls @ 0xaaaaca003e40] Opening '/config/cache/transcodes/e899344ab2dd0f4abbf5a436b7195957476.mp4' for writing
frame=23692 fps=176 q=28.0 size=N/A time=00:16:26.54 bitrate=N/A speed=7.35x    
[hls @ 0xaaaaca003e40] Opening '/config/cache/transcodes/e899344ab2dd0f4abbf5a436b7195957477.mp4' for writing
frame=23791 fps=176 q=28.0 size=N/A time=00:16:30.66 bitrate=N/A speed=7.35x    
[hls @ 0xaaaaca003e40] Opening '/config/cache/transcodes/e899344ab2dd0f4abbf5a436b7195957478.mp4' for writing
frame=23892 fps=177 q=28.0 size=N/A time=00:16:34.87 bitrate=N/A speed=7.35x    
[hls @ 0xaaaaca003e40] Opening '/config/cache/transcodes/e899344ab2dd0f4abbf5a436b7195957479.mp4' for writing
frame=23976 fps=177 q=28.0 size=N/A time=00:16:38.37 bitrate=N/A speed=7.35x    
[hls @ 0xaaaaca003e40] Opening '/config/cache/transcodes/e899344ab2dd0f4abbf5a436b7195957480.mp4' for writing
[hls @ 0xaaaaca003e40] Opening '/config/cache/transcodes/e899344ab2dd0f4abbf5a436b7195957481.mp4' for writing
frame=24049 fps=176 q=28.0 size=N/A time=00:16:41.41 bitrate=N/A speed=7.35x    
[hls @ 0xaaaaca003e40] Opening '/config/cache/transcodes/e899344ab2dd0f4abbf5a436b7195957482.mp4' for writing
frame=24138 fps=176 q=28.0 size=N/A time=00:16:45.12 bitrate=N/A speed=7.35x    
[hls @ 0xaaaaca003e40] Opening '/config/cache/transcodes/e899344ab2dd0f4abbf5a436b7195957483.mp4' for writing
frame=24207 fps=176 q=28.0 size=N/A time=00:16:48.00 bitrate=N/A speed=7.34x    
[hls @ 0xaaaaca003e40] Opening '/config/cache/transcodes/e899344ab2dd0f4abbf5a436b7195957484.mp4' for writing
frame=24290 fps=176 q=28.0 size=N/A time=00:16:51.45 bitrate=N/A speed=7.34x    
[hls @ 0xaaaaca003e40] Opening '/config/cache/transcodes/e899344ab2dd0f4abbf5a436b7195957485.mp4' for writing
frame=24367 fps=176 q=28.0 size=N/A time=00:16:54.66 bitrate=N/A speed=7.34x    
[hls @ 0xaaaaca003e40] Opening '/config/cache/transcodes/e899344ab2dd0f4abbf5a436b7195957486.mp4' for writing
frame=24443 fps=176 q=28.0 size=N/A time=00:16:57.83 bitrate=N/A speed=7.33x    
[hls @ 0xaaaaca003e40] Opening '/config/cache/transcodes/e899344ab2dd0f4abbf5a436b7195957487.mp4' for writing
frame=24516 fps=176 q=28.0 size=N/A time=00:17:00.87 bitrate=N/A speed=7.33x    
[hls @ 0xaaaaca003e40] Opening '/config/cache/transcodes/e899344ab2dd0f4abbf5a436b7195957488.mp4' for writing
frame=24622 fps=176 q=28.0 size=N/A time=00:17:05.29 bitrate=N/A speed=7.33x    
[hls @ 0xaaaaca003e40] Opening '/config/cache/transcodes/e899344ab2dd0f4abbf5a436b7195957489.mp4' for writing
[hls @ 0xaaaaca003e40] Opening '/config/cache/transcodes/e899344ab2dd0f4abbf5a436b7195957490.mp4' for writing
frame=24698 fps=176 q=28.0 size=N/A time=00:17:08.45 bitrate=N/A speed=7.33x    
[hls @ 0xaaaaca003e40] Opening '/config/cache/transcodes/e899344ab2dd0f4abbf5a436b7195957491.mp4' for writing
frame=24778 fps=176 q=28.0 size=N/A time=00:17:11.79 bitrate=N/A speed=7.33x    
[hls @ 0xaaaaca003e40] Opening '/config/cache/transcodes/e899344ab2dd0f4abbf5a436b7195957492.mp4' for writing
frame=24853 fps=176 q=28.0 size=N/A time=00:17:14.91 bitrate=N/A speed=7.32x    
[hls @ 0xaaaaca003e40] Opening '/config/cache/transcodes/e899344ab2dd0f4abbf5a436b7195957493.mp4' for writing
frame=24932 fps=176 q=28.0 size=N/A time=00:17:18.20 bitrate=N/A speed=7.32x    
[hls @ 0xaaaaca003e40] Opening '/config/cache/transcodes/e899344ab2dd0f4abbf5a436b7195957494.mp4' for writing
frame=25008 fps=176 q=28.0 size=N/A time=00:17:21.37 bitrate=N/A speed=7.32x    
[hls @ 0xaaaaca003e40] Opening '/config/cache/transcodes/e899344ab2dd0f4abbf5a436b7195957495.mp4' for writing
frame=25091 fps=176 q=28.0 size=N/A time=00:17:24.83 bitrate=N/A speed=7.32x    
[hls @ 0xaaaaca003e40] Opening '/config/cache/transcodes/e899344ab2dd0f4abbf5a436b7195957496.mp4' for writing
frame=25192 fps=176 q=28.0 size=N/A time=00:17:29.04 bitrate=N/A speed=7.32x    
[hls @ 0xaaaaca003e40] Opening '/config/cache/transcodes/e899344ab2dd0f4abbf5a436b7195957497.mp4' for writing
[hls @ 0xaaaaca003e40] Opening '/config/cache/transcodes/e899344ab2dd0f4abbf5a436b7195957498.mp4' for writing
frame=25303 fps=176 q=28.0 size=N/A time=00:17:33.66 bitrate=N/A speed=7.33x    
[hls @ 0xaaaaca003e40] Opening '/config/cache/transcodes/e899344ab2dd0f4abbf5a436b7195957499.mp4' for writing
frame=25397 fps=176 q=28.0 size=N/A time=00:17:37.58 bitrate=N/A speed=7.33x    
[hls @ 0xaaaaca003e40] Opening '/config/cache/transcodes/e899344ab2dd0f4abbf5a436b7195957500.mp4' for writing
frame=25484 fps=176 q=28.0 size=N/A time=00:17:41.20 bitrate=N/A speed=7.33x    
[hls @ 0xaaaaca003e40] Opening '/config/cache/transcodes/e899344ab2dd0f4abbf5a436b7195957501.mp4' for writing
frame=25558 fps=176 q=28.0 size=N/A time=00:17:44.29 bitrate=N/A speed=7.32x    
[hls @ 0xaaaaca003e40] Opening '/config/cache/transcodes/e899344ab2dd0f4abbf5a436b7195957502.mp4' for writing
[hls @ 0xaaaaca003e40] Opening '/config/cache/transcodes/e899344ab2dd0f4abbf5a436b7195957503.mp4' for writing
frame=25645 fps=176 q=28.0 size=N/A time=00:17:47.91 bitrate=N/A speed=7.32x    
[hls @ 0xaaaaca003e40] Opening '/config/cache/transcodes/e899344ab2dd0f4abbf5a436b7195957504.mp4' for writing
frame=25731 fps=176 q=28.0 size=N/A time=00:17:51.50 bitrate=N/A speed=7.32x    
[hls @ 0xaaaaca003e40] Opening '/config/cache/transcodes/e899344ab2dd0f4abbf5a436b7195957505.mp4' for writing
frame=25811 fps=176 q=28.0 size=N/A time=00:17:54.83 bitrate=N/A speed=7.32x    
[hls @ 0xaaaaca003e40] Opening '/config/cache/transcodes/e899344ab2dd0f4abbf5a436b7195957506.mp4' for writing
frame=25894 fps=176 q=28.0 size=N/A time=00:17:58.29 bitrate=N/A speed=7.32x    
[hls @ 0xaaaaca003e40] Opening '/config/cache/transcodes/e899344ab2dd0f4abbf5a436b7195957507.mp4' for writing
frame=25980 fps=176 q=28.0 size=N/A time=00:18:01.87 bitrate=N/A speed=7.32x    
[hls @ 0xaaaaca003e40] Opening '/config/cache/transcodes/e899344ab2dd0f4abbf5a436b7195957508.mp4' for writing
[hls @ 0xaaaaca003e40] Opening '/config/cache/transcodes/e899344ab2dd0f4abbf5a436b7195957509.mp4' for writing
frame=26090 fps=176 q=28.0 size=N/A time=00:18:06.45 bitrate=N/A speed=7.32x    
[hls @ 0xaaaaca003e40] Opening '/config/cache/transcodes/e899344ab2dd0f4abbf5a436b7195957510.mp4' for writing
frame=26196 fps=176 q=28.0 size=N/A time=00:18:10.87 bitrate=N/A speed=7.33x    
[hls @ 0xaaaaca003e40] Opening '/config/cache/transcodes/e899344ab2dd0f4abbf5a436b7195957511.mp4' for writing
frame=26280 fps=176 q=28.0 size=N/A time=00:18:14.37 bitrate=N/A speed=7.33x    
[hls @ 0xaaaaca003e40] Opening '/config/cache/transcodes/e899344ab2dd0f4abbf5a436b7195957512.mp4' for writing
[hls @ 0xaaaaca003e40] Opening '/config/cache/transcodes/e899344ab2dd0f4abbf5a436b7195957513.mp4' for writing


[q] command received. Exiting.

[hls @ 0xaaaaca003e40] Opening '/config/cache/transcodes/e899344ab2dd0f4abbf5a436b7195957514.mp4' for writing
[out#0/hls @ 0xaaaac4b7bf70] video:323078KiB audio:34397KiB subtitle:0KiB other streams:0KiB global headers:0KiB muxing overhead: unknown
frame=26411 fps=176 q=-1.0 Lsize=N/A time=00:18:19.83 bitrate=N/A speed=7.34x    
[libx264 @ 0xaaaac48d0560] frame I:367   Avg QP:17.96  size: 88904
[libx264 @ 0xaaaac48d0560] frame P:7938  Avg QP:21.48  size: 23404
[libx264 @ 0xaaaac48d0560] frame B:18106 Avg QP:24.21  size:  6209
[libx264 @ 0xaaaac48d0560] consecutive B-frames:  6.3%  4.9%  6.4% 82.5%
[libx264 @ 0xaaaac48d0560] mb I  I16..4: 14.5% 52.7% 32.8%
[libx264 @ 0xaaaac48d0560] mb P  I16..4:  9.1% 23.6%  3.2%  P16..4: 16.7%  6.7%  2.5%  0.0%  0.0%    skip:38.2%
[libx264 @ 0xaaaac48d0560] mb B  I16..4:  1.6%  4.1%  0.3%  B16..8: 10.1%  3.5%  0.3%  direct: 4.0%  skip:76.1%  L0:41.5% L1:47.9% BI:10.6%
[libx264 @ 0xaaaac48d0560] 8x8 transform intra:65.3% inter:41.7%
[libx264 @ 0xaaaac48d0560] coded y,uvDC,uvAC intra: 42.2% 63.9% 27.2% inter: 3.5% 10.2% 0.6%
[libx264 @ 0xaaaac48d0560] i16 v,h,dc,p: 36% 26% 13% 25%
[libx264 @ 0xaaaac48d0560] i8 v,h,dc,ddl,ddr,vr,hd,vl,hu: 15% 19% 21%  4% 10%  7%  9%  6% 10%
[libx264 @ 0xaaaac48d0560] i4 v,h,dc,ddl,ddr,vr,hd,vl,hu: 22% 23% 14%  5%  9%  6%  7%  6%  9%
[libx264 @ 0xaaaac48d0560] i8c dc,h,v,p: 36% 26% 22% 16%
[libx264 @ 0xaaaac48d0560] Weighted P-Frames: Y:2.0% UV:1.5%
[libx264 @ 0xaaaac48d0560] kb/s:2405.04