{"Protocol":0,"Id":"df07b371a368c4f750ac3bfd013b42b4","Path":"/data/media/movies/Ne Zha 2 (2025)/Ne Zha 2 2025 1080p Chinese WEB-DL HEVC x265 5.1 BONE.mkv","EncoderPath":null,"EncoderProtocol":null,"Type":0,"Container":"mkv","Size":2083164888,"Name":"Ne Zha 2 2025 1080p Chinese WEB-DL HEVC x265 5.1 BONE","IsRemote":false,"ETag":"8f7b9d4c21b953ec524d830f9a2db004","RunTimeTicks":86387410000,"ReadAtNativeFramerate":false,"IgnoreDts":false,"IgnoreIndex":false,"GenPtsInput":false,"SupportsTranscoding":true,"SupportsDirectStream":true,"SupportsDirectPlay":true,"IsInfiniteStream":false,"UseMostCompatibleTranscodingProfile":false,"RequiresOpening":false,"OpenToken":null,"RequiresClosing":false,"LiveStreamId":null,"BufferMs":null,"RequiresLooping":false,"SupportsProbing":true,"VideoType":0,"IsoType":null,"Video3DFormat":null,"MediaStreams":[{"Codec":"hevc","CodecTag":null,"Language":null,"ColorRange":null,"ColorSpace":"bt709","ColorTransfer":"bt709","ColorPrimaries":"bt709","DvVersionMajor":null,"DvVersionMinor":null,"DvProfile":null,"DvLevel":null,"RpuPresentFlag":null,"ElPresentFlag":null,"BlPresentFlag":null,"DvBlSignalCompatibilityId":null,"Rotation":null,"Comment":null,"TimeBase":"1/1000","CodecTimeBase":null,"Title":null,"Hdr10PlusPresentFlag":null,"VideoRange":1,"VideoRangeType":1,"VideoDoViTitle":null,"AudioSpatialFormat":0,"LocalizedUndefined":null,"LocalizedDefault":null,"LocalizedForced":null,"LocalizedExternal":null,"LocalizedHearingImpaired":null,"DisplayTitle":"1080p HEVC SDR","NalLengthSize":null,"IsInterlaced":false,"IsAVC":false,"ChannelLayout":null,"BitRate":1929137,"BitDepth":8,"RefFrames":1,"PacketLength":null,"Channels":null,"SampleRate":null,"IsDefault":true,"IsForced":false,"IsHearingImpaired":false,"Height":804,"Width":1920,"AverageFrameRate":24,"RealFrameRate":24,"ReferenceFrameRate":24,"Profile":"Main","Type":1,"AspectRatio":"2.40:1","Index":0,"Score":null,"IsExternal":false,"DeliveryMethod":null,"DeliveryUrl":null,"IsExternalUrl":null,"IsTextSubtitleStream":false,"SupportsExternalStream":false,"Path":null,"PixelFormat":"yuv420p","Level":120,"IsAnamorphic":false},{"Codec":"aac","CodecTag":null,"Language":"zho","ColorRange":null,"ColorSpace":null,"ColorTransfer":null,"ColorPrimaries":null,"DvVersionMajor":null,"DvVersionMinor":null,"DvProfile":null,"DvLevel":null,"RpuPresentFlag":null,"ElPresentFlag":null,"BlPresentFlag":null,"DvBlSignalCompatibilityId":null,"Rotation":null,"Comment":null,"TimeBase":"1/1000","CodecTimeBase":null,"Title":"\u675C\u6BD4\u97F3\u6548,\u666E\u901A\u8BDD","Hdr10PlusPresentFlag":null,"VideoRange":0,"VideoRangeType":0,"VideoDoViTitle":null,"AudioSpatialFormat":0,"LocalizedUndefined":null,"LocalizedDefault":"Default","LocalizedForced":null,"LocalizedExternal":"External","LocalizedHearingImpaired":null,"DisplayTitle":"\u675C\u6BD4\u97F3\u6548,\u666E\u901A\u8BDD - Chinese - AAC - 5.1 - Default","NalLengthSize":null,"IsInterlaced":false,"IsAVC":false,"ChannelLayout":"5.1","BitRate":320000,"BitDepth":null,"RefFrames":null,"PacketLength":null,"Channels":6,"SampleRate":48000,"IsDefault":true,"IsForced":false,"IsHearingImpaired":false,"Height":null,"Width":null,"AverageFrameRate":null,"RealFrameRate":null,"ReferenceFrameRate":null,"Profile":"LC","Type":0,"AspectRatio":null,"Index":1,"Score":null,"IsExternal":false,"DeliveryMethod":null,"DeliveryUrl":null,"IsExternalUrl":null,"IsTextSubtitleStream":false,"SupportsExternalStream":false,"Path":null,"PixelFormat":null,"Level":0,"IsAnamorphic":null},{"Codec":"ass","CodecTag":null,"Language":"eng","ColorRange":null,"ColorSpace":null,"ColorTransfer":null,"ColorPrimaries":null,"DvVersionMajor":null,"DvVersionMinor":null,"DvProfile":null,"DvLevel":null,"RpuPresentFlag":null,"ElPresentFlag":null,"BlPresentFlag":null,"DvBlSignalCompatibilityId":null,"Rotation":null,"Comment":null,"TimeBase":"1/1000","CodecTimeBase":null,"Title":null,"Hdr10PlusPresentFlag":null,"VideoRange":0,"VideoRangeType":0,"VideoDoViTitle":null,"AudioSpatialFormat":0,"LocalizedUndefined":"Undefined","LocalizedDefault":"Default","LocalizedForced":"Forced","LocalizedExternal":"External","LocalizedHearingImpaired":"Hearing Impaired","DisplayTitle":"English - ASS","NalLengthSize":null,"IsInterlaced":false,"IsAVC":false,"ChannelLayout":null,"BitRate":null,"BitDepth":null,"RefFrames":null,"PacketLength":null,"Channels":null,"SampleRate":null,"IsDefault":false,"IsForced":false,"IsHearingImpaired":false,"Height":0,"Width":0,"AverageFrameRate":null,"RealFrameRate":null,"ReferenceFrameRate":null,"Profile":null,"Type":2,"AspectRatio":null,"Index":2,"Score":null,"IsExternal":false,"DeliveryMethod":null,"DeliveryUrl":null,"IsExternalUrl":null,"IsTextSubtitleStream":true,"SupportsExternalStream":true,"Path":null,"PixelFormat":null,"Level":0,"IsAnamorphic":null},{"Codec":"ass","CodecTag":null,"Language":"zho","ColorRange":null,"ColorSpace":null,"ColorTransfer":null,"ColorPrimaries":null,"DvVersionMajor":null,"DvVersionMinor":null,"DvProfile":null,"DvLevel":null,"RpuPresentFlag":null,"ElPresentFlag":null,"BlPresentFlag":null,"DvBlSignalCompatibilityId":null,"Rotation":null,"Comment":null,"TimeBase":"1/1000","CodecTimeBase":null,"Title":"\u7B80\u4F53\u4E2D\u6587","Hdr10PlusPresentFlag":null,"VideoRange":0,"VideoRangeType":0,"VideoDoViTitle":null,"AudioSpatialFormat":0,"LocalizedUndefined":"Undefined","LocalizedDefault":"Default","LocalizedForced":"Forced","LocalizedExternal":"External","LocalizedHearingImpaired":"Hearing Impaired","DisplayTitle":"\u7B80\u4F53\u4E2D\u6587 - Chinese - ASS","NalLengthSize":null,"IsInterlaced":false,"IsAVC":false,"ChannelLayout":null,"BitRate":null,"BitDepth":null,"RefFrames":null,"PacketLength":null,"Channels":null,"SampleRate":null,"IsDefault":false,"IsForced":false,"IsHearingImpaired":false,"Height":0,"Width":0,"AverageFrameRate":null,"RealFrameRate":null,"ReferenceFrameRate":null,"Profile":null,"Type":2,"AspectRatio":null,"Index":3,"Score":null,"IsExternal":false,"DeliveryMethod":null,"DeliveryUrl":null,"IsExternalUrl":null,"IsTextSubtitleStream":true,"SupportsExternalStream":true,"Path":null,"PixelFormat":null,"Level":0,"IsAnamorphic":null}],"MediaAttachments":[],"Formats":[],"Bitrate":2249137,"FallbackMaxStreamingBitrate":null,"Timestamp":null,"RequiredHttpHeaders":{},"TranscodingUrl":null,"TranscodingSubProtocol":0,"TranscodingContainer":null,"AnalyzeDurationMs":null,"DefaultAudioStreamIndex":null,"DefaultSubtitleStreamIndex":null,"HasSegments":false}

/usr/lib/jellyfin-ffmpeg/ffmpeg -analyzeduration 200M -probesize 1G -ss 01:51:30.000  -i file:"/data/media/movies/Ne Zha 2 (2025)/Ne Zha 2 2025 1080p Chinese WEB-DL HEVC x265 5.1 BONE.mkv" -map_metadata -1 -map_chapters -1 -threads 0 -map 0:0 -map 0:1 -codec:v:0 libx264 -preset veryfast -crf 23 -maxrate 8038070 -bufsize 16076140 -profile:v:0 high -level 51 -x264opts:0 subme=0:me_range=16:rc_lookahead=10:me=hex:open_gop=0 -force_key_frames:0 "expr:gte(t,n_forced*3)" -sc_threshold:v:0 0 -vf "setparams=color_primaries=bt709:color_trc=bt709:colorspace=bt709,scale=trunc(min(max(iw\,ih*a)\,min(1920\,1280*a))/2)*2:trunc(min(max(iw/a\,ih)\,min(1920/a\,1280))/2)*2,format=yuv420p,subtitles=f='/config/data/data/subtitles/df/df07b371-a368-c4f7-50ac-3bfd013b42b4/2.ass':fontsdir='/config/data/data/attachments/df/df07b371-a368-c4f7-50ac-3bfd013b42b4'" -start_at_zero -codec:a:0 copy -copyts -avoid_negative_ts disabled -max_muxing_queue_size 2048 -f hls -max_delay 5000000 -hls_time 3 -hls_segment_type mpegts -start_number 2230 -hls_segment_filename "/config/cache/transcodes/e29222e76729f032467e0a962c8ff449%d.ts" -hls_playlist_type vod -hls_list_size 0 -y "/config/cache/transcodes/e29222e76729f032467e0a962c8ff449.m3u8"


ffmpeg version 7.1.3-Jellyfin Copyright (c) 2000-2025 the FFmpeg developers
  built with gcc 13 (Ubuntu 13.3.0-6ubuntu2~24.04.1)
  configuration: --prefix=/usr/lib/jellyfin-ffmpeg --target-os=linux --extra-version=Jellyfin --disable-doc --disable-ffplay --disable-static --disable-libxcb --disable-sdl2 --disable-xlib --enable-lto=auto --enable-gpl --enable-version3 --enable-shared --enable-gmp --enable-gnutls --enable-chromaprint --enable-opencl --enable-libdrm --enable-libxml2 --enable-libass --enable-libfreetype --enable-libfribidi --enable-libfontconfig --enable-libharfbuzz --enable-libbluray --enable-libmp3lame --enable-libopus --enable-libtheora --enable-libvorbis --enable-libopenmpt --enable-libdav1d --enable-libsvtav1 --enable-libwebp --enable-libvpx --enable-libx264 --enable-libx265 --enable-libzvbi --enable-libzimg --enable-libfdk-aac --arch=arm64 --cross-prefix=/usr/bin/aarch64-linux-gnu- --toolchain=hardened --enable-cross-compile --enable-rkmpp --enable-rkrga --enable-ffnvcodec --enable-cuda --enable-cuda-llvm --enable-cuvid --enable-nvdec --enable-nvenc
  libavutil      59. 39.100 / 59. 39.100
  libavcodec     61. 19.101 / 61. 19.101
  libavformat    61.  7.100 / 61.  7.100
  libavdevice    61.  3.100 / 61.  3.100
  libavfilter    10.  4.100 / 10.  4.100
  libswscale      8.  3.100 /  8.  3.100
  libswresample   5.  3.100 /  5.  3.100
  libpostproc    58.  3.100 / 58.  3.100
Input #0, matroska,webm, from 'file:/data/media/movies/Ne Zha 2 (2025)/Ne Zha 2 2025 1080p Chinese WEB-DL HEVC x265 5.1 BONE.mkv':
  Metadata:
    creation_time   : 2025-08-03T21:09:19.000000Z
    ENCODER         : Lavf61.7.100
  Duration: 02:23:58.74, start: -0.021000, bitrate: 1929 kb/s
  Stream #0:0: Video: hevc (Main), yuv420p(tv, bt709), 1920x804 [SAR 1:1 DAR 160:67], 24 fps, 24 tbr, 1k tbn (default)
      Metadata:
        DURATION        : 02:23:58.667000000
  Stream #0:1(chi): Audio: aac (LC), 48000 Hz, 5.1, fltp (default)
      Metadata:
        title           : 杜比音效,普通话
        DURATION        : 02:23:58.741000000
  Stream #0:2(eng): Subtitle: ass (ssa)
      Metadata:
        DURATION        : 02:21:45.256000000
  Stream #0:3(chi): Subtitle: ass (ssa)
      Metadata:
        title           : 简体中文
        DURATION        : 02:21:45.333000000
[Parsed_subtitles_3 @ 0xaaaad8305810] libass API version: 0x1704000
[Parsed_subtitles_3 @ 0xaaaad8305810] libass source: commit: 0.17.4-0-gbbb3c7f1570a4a021e52683f3fbdf74fe492ae84
[Parsed_subtitles_3 @ 0xaaaad8305810] Shaper: FriBidi 1.0.16 (SIMPLE) HarfBuzz-ng 10.4.0 (COMPLEX)
[Parsed_subtitles_3 @ 0xaaaad8305810] Using font provider fontconfig
Stream mapping:
  Stream #0:0 -> #0:0 (hevc (native) -> h264 (libx264))
  Stream #0:1 -> #0:1 (copy)
Press [q] to stop, [?] for help
[Parsed_subtitles_3 @ 0xffff800108b0] libass API version: 0x1704000
[Parsed_subtitles_3 @ 0xffff800108b0] libass source: commit: 0.17.4-0-gbbb3c7f1570a4a021e52683f3fbdf74fe492ae84
[Parsed_subtitles_3 @ 0xffff800108b0] Shaper: FriBidi 1.0.16 (SIMPLE) HarfBuzz-ng 10.4.0 (COMPLEX)
[Parsed_subtitles_3 @ 0xffff800108b0] Using font provider fontconfig
[libx264 @ 0xaaaad827a1b0] using SAR=1/1
[libx264 @ 0xaaaad827a1b0] using cpu capabilities: ARMv8 NEON
[libx264 @ 0xaaaad827a1b0] profile High, level 5.1, 4:2:0, 8-bit
[libx264 @ 0xaaaad827a1b0] 264 - core 164 r3108 31e19f9 - H.264/MPEG-4 AVC codec - Copyleft 2003-2023 - http://www.videolan.org/x264.html - options: cabac=1 ref=1 deblock=1:0:0 analyse=0x3:0x113 me=hex subme=0 psy=1 psy_rd=1.00:0.00 mixed_ref=0 me_range=16 chroma_me=1 trellis=0 8x8dct=1 cqm=0 deadzone=21,11 fast_pskip=1 chroma_qp_offset=0 threads=12 lookahead_threads=2 sliced_threads=0 nr=0 decimate=1 interlaced=0 bluray_compat=0 constrained_intra=0 bframes=3 b_pyramid=2 b_adapt=1 b_bias=0 direct=1 weightb=1 open_gop=0 weightp=1 keyint=250 keyint_min=24 scenecut=0 intra_refresh=0 rc_lookahead=10 rc=crf mbtree=1 crf=23.0 qcomp=0.60 qpmin=0 qpmax=69 qpstep=4 vbv_maxrate=8038 vbv_bufsize=16076 crf_max=0.0 nal_hrd=none filler=0 ip_ratio=1.40 aq=1:1.00
Output #0, hls, to '/config/cache/transcodes/e29222e76729f032467e0a962c8ff449.m3u8':
  Metadata:
    encoder         : Lavf61.7.100
  Stream #0:0: Video: h264, yuv420p(tv, bt709, progressive), 1920x804 [SAR 1:1 DAR 160:67], q=2-31, 24 fps, 90k tbn (default)
      Metadata:
        encoder         : Lavc61.19.101 libx264
      Side data:
        cpb: bitrate max/min/avg: 8038000/0/0 buffer size: 16076000 vbv_delay: N/A
  Stream #0:1: Audio: aac (LC), 48000 Hz, 5.1, fltp (default)
[Parsed_subtitles_3 @ 0xffff800108b0] fontselect: (sans-serif, 400, 0) -> /usr/share/fonts/truetype/dejavu/DejaVuSans.ttf, 0, DejaVuSans
[hls @ 0xaaaad8303420] Opening '/config/cache/transcodes/e29222e76729f032467e0a962c8ff4492230.ts' for writing
frame=   78 fps=0.0 q=28.0 size=N/A time=00:00:00.00 bitrate=N/A speed=   0x    
[hls @ 0xaaaad8303420] Opening '/config/cache/transcodes/e29222e76729f032467e0a962c8ff4492231.ts' for writing
[hls @ 0xaaaad8303420] Opening '/config/cache/transcodes/e29222e76729f032467e0a962c8ff4492232.ts' for writing
[hls @ 0xaaaad8303420] Opening '/config/cache/transcodes/e29222e76729f032467e0a962c8ff4492233.ts' for writing
frame=  290 fps=289 q=28.0 size=N/A time=00:00:08.83 bitrate=N/A speed=8.82x    
[hls @ 0xaaaad8303420] Opening '/config/cache/transcodes/e29222e76729f032467e0a962c8ff4492234.ts' for writing
[hls @ 0xaaaad8303420] Opening '/config/cache/transcodes/e29222e76729f032467e0a962c8ff4492235.ts' for writing
frame=  472 fps=314 q=28.0 size=N/A time=00:00:16.41 bitrate=N/A speed=10.9x    
[hls @ 0xaaaad8303420] Opening '/config/cache/transcodes/e29222e76729f032467e0a962c8ff4492236.ts' for writing
[hls @ 0xaaaad8303420] Opening '/config/cache/transcodes/e29222e76729f032467e0a962c8ff4492237.ts' for writing
[hls @ 0xaaaad8303420] Opening '/config/cache/transcodes/e29222e76729f032467e0a962c8ff4492238.ts' for writing
frame=  660 fps=329 q=28.0 size=N/A time=00:00:24.29 bitrate=N/A speed=12.1x    
[hls @ 0xaaaad8303420] Opening '/config/cache/transcodes/e29222e76729f032467e0a962c8ff4492239.ts' for writing
[hls @ 0xaaaad8303420] Opening '/config/cache/transcodes/e29222e76729f032467e0a962c8ff4492240.ts' for writing
frame=  829 fps=331 q=28.0 size=N/A time=00:00:31.29 bitrate=N/A speed=12.5x    
[hls @ 0xaaaad8303420] Opening '/config/cache/transcodes/e29222e76729f032467e0a962c8ff4492241.ts' for writing
[hls @ 0xaaaad8303420] Opening '/config/cache/transcodes/e29222e76729f032467e0a962c8ff4492242.ts' for writing
frame=  988 fps=328 q=28.0 size=N/A time=00:00:37.91 bitrate=N/A speed=12.6x    
[hls @ 0xaaaad8303420] Opening '/config/cache/transcodes/e29222e76729f032467e0a962c8ff4492243.ts' for writing
[hls @ 0xaaaad8303420] Opening '/config/cache/transcodes/e29222e76729f032467e0a962c8ff4492244.ts' for writing
frame= 1120 fps=319 q=28.0 size=N/A time=00:00:43.41 bitrate=N/A speed=12.4x    
[hls @ 0xaaaad8303420] Opening '/config/cache/transcodes/e29222e76729f032467e0a962c8ff4492245.ts' for writing
[hls @ 0xaaaad8303420] Opening '/config/cache/transcodes/e29222e76729f032467e0a962c8ff4492246.ts' for writing
frame= 1238 fps=309 q=28.0 size=N/A time=00:00:48.33 bitrate=N/A speed=12.1x    
[hls @ 0xaaaad8303420] Opening '/config/cache/transcodes/e29222e76729f032467e0a962c8ff4492247.ts' for writing
frame= 1333 fps=295 q=28.0 size=N/A time=00:00:52.29 bitrate=N/A speed=11.6x    
[hls @ 0xaaaad8303420] Opening '/config/cache/transcodes/e29222e76729f032467e0a962c8ff4492248.ts' for writing
[hls @ 0xaaaad8303420] Opening '/config/cache/transcodes/e29222e76729f032467e0a962c8ff4492249.ts' for writing
frame= 1446 fps=288 q=28.0 size=N/A time=00:00:57.00 bitrate=N/A speed=11.4x    
[hls @ 0xaaaad8303420] Opening '/config/cache/transcodes/e29222e76729f032467e0a962c8ff4492250.ts' for writing
frame= 1550 fps=281 q=28.0 size=N/A time=00:01:01.33 bitrate=N/A speed=11.1x    
[hls @ 0xaaaad8303420] Opening '/config/cache/transcodes/e29222e76729f032467e0a962c8ff4492251.ts' for writing
frame= 1645 fps=273 q=28.0 size=N/A time=00:01:05.29 bitrate=N/A speed=10.8x    
[hls @ 0xaaaad8303420] Opening '/config/cache/transcodes/e29222e76729f032467e0a962c8ff4492252.ts' for writing
[hls @ 0xaaaad8303420] Opening '/config/cache/transcodes/e29222e76729f032467e0a962c8ff4492253.ts' for writing
frame= 1757 fps=269 q=28.0 size=N/A time=00:01:09.95 bitrate=N/A speed=10.7x    
[hls @ 0xaaaad8303420] Opening '/config/cache/transcodes/e29222e76729f032467e0a962c8ff4492254.ts' for writing
frame= 1866 fps=265 q=28.0 size=N/A time=00:01:14.50 bitrate=N/A speed=10.6x    
[hls @ 0xaaaad8303420] Opening '/config/cache/transcodes/e29222e76729f032467e0a962c8ff4492255.ts' for writing
[hls @ 0xaaaad8303420] Opening '/config/cache/transcodes/e29222e76729f032467e0a962c8ff4492256.ts' for writing
frame= 1969 fps=261 q=28.0 size=N/A time=00:01:18.79 bitrate=N/A speed=10.5x    
[hls @ 0xaaaad8303420] Opening '/config/cache/transcodes/e29222e76729f032467e0a962c8ff4492257.ts' for writing
frame= 2082 fps=259 q=28.0 size=N/A time=00:01:23.50 bitrate=N/A speed=10.4x    
[hls @ 0xaaaad8303420] Opening '/config/cache/transcodes/e29222e76729f032467e0a962c8ff4492258.ts' for writing
[hls @ 0xaaaad8303420] Opening '/config/cache/transcodes/e29222e76729f032467e0a962c8ff4492259.ts' for writing
frame= 2181 fps=255 q=28.0 size=N/A time=00:01:27.62 bitrate=N/A speed=10.3x    
[hls @ 0xaaaad8303420] Opening '/config/cache/transcodes/e29222e76729f032467e0a962c8ff4492260.ts' for writing
frame= 2293 fps=254 q=28.0 size=N/A time=00:01:32.29 bitrate=N/A speed=10.2x    
[hls @ 0xaaaad8303420] Opening '/config/cache/transcodes/e29222e76729f032467e0a962c8ff4492261.ts' for writing
[hls @ 0xaaaad8303420] Opening '/config/cache/transcodes/e29222e76729f032467e0a962c8ff4492262.ts' for writing
frame= 2402 fps=252 q=28.0 size=N/A time=00:01:36.83 bitrate=N/A speed=10.1x    
[hls @ 0xaaaad8303420] Opening '/config/cache/transcodes/e29222e76729f032467e0a962c8ff4492263.ts' for writing
[hls @ 0xaaaad8303420] Opening '/config/cache/transcodes/e29222e76729f032467e0a962c8ff4492264.ts' for writing
frame= 2525 fps=251 q=28.0 size=N/A time=00:01:41.95 bitrate=N/A speed=10.2x    
[hls @ 0xaaaad8303420] Opening '/config/cache/transcodes/e29222e76729f032467e0a962c8ff4492265.ts' for writing
frame= 2634 fps=250 q=28.0 size=N/A time=00:01:46.50 bitrate=N/A speed=10.1x    
[hls @ 0xaaaad8303420] Opening '/config/cache/transcodes/e29222e76729f032467e0a962c8ff4492266.ts' for writing
[hls @ 0xaaaad8303420] Opening '/config/cache/transcodes/e29222e76729f032467e0a962c8ff4492267.ts' for writing
frame= 2760 fps=250 q=28.0 size=N/A time=00:01:51.75 bitrate=N/A speed=10.1x    
[hls @ 0xaaaad8303420] Opening '/config/cache/transcodes/e29222e76729f032467e0a962c8ff4492268.ts' for writing
[hls @ 0xaaaad8303420] Opening '/config/cache/transcodes/e29222e76729f032467e0a962c8ff4492269.ts' for writing
frame= 2882 fps=250 q=28.0 size=N/A time=00:01:56.83 bitrate=N/A speed=10.1x    
[hls @ 0xaaaad8303420] Opening '/config/cache/transcodes/e29222e76729f032467e0a962c8ff4492270.ts' for writing
[hls @ 0xaaaad8303420] Opening '/config/cache/transcodes/e29222e76729f032467e0a962c8ff4492271.ts' for writing
frame= 3026 fps=251 q=28.0 size=N/A time=00:02:02.83 bitrate=N/A speed=10.2x    
[hls @ 0xaaaad8303420] Opening '/config/cache/transcodes/e29222e76729f032467e0a962c8ff4492272.ts' for writing
frame= 3156 fps=252 q=28.0 size=N/A time=00:02:08.25 bitrate=N/A speed=10.2x    
[hls @ 0xaaaad8303420] Opening '/config/cache/transcodes/e29222e76729f032467e0a962c8ff4492273.ts' for writing
[hls @ 0xaaaad8303420] Opening '/config/cache/transcodes/e29222e76729f032467e0a962c8ff4492274.ts' for writing
frame= 3279 fps=251 q=28.0 size=N/A time=00:02:13.37 bitrate=N/A speed=10.2x    
[hls @ 0xaaaad8303420] Opening '/config/cache/transcodes/e29222e76729f032467e0a962c8ff4492275.ts' for writing
[hls @ 0xaaaad8303420] Opening '/config/cache/transcodes/e29222e76729f032467e0a962c8ff4492276.ts' for writing
frame= 3396 fps=251 q=28.0 size=N/A time=00:02:18.25 bitrate=N/A speed=10.2x    
[hls @ 0xaaaad8303420] Opening '/config/cache/transcodes/e29222e76729f032467e0a962c8ff4492277.ts' for writing
frame= 3520 fps=251 q=28.0 size=N/A time=00:02:23.41 bitrate=N/A speed=10.2x    
[hls @ 0xaaaad8303420] Opening '/config/cache/transcodes/e29222e76729f032467e0a962c8ff4492278.ts' for writing
[hls @ 0xaaaad8303420] Opening '/config/cache/transcodes/e29222e76729f032467e0a962c8ff4492279.ts' for writing
[hls @ 0xaaaad8303420] Opening '/config/cache/transcodes/e29222e76729f032467e0a962c8ff4492280.ts' for writing
frame= 3694 fps=254 q=28.0 size=N/A time=00:02:30.66 bitrate=N/A speed=10.4x    
[hls @ 0xaaaad8303420] Opening '/config/cache/transcodes/e29222e76729f032467e0a962c8ff4492281.ts' for writing
[hls @ 0xaaaad8303420] Opening '/config/cache/transcodes/e29222e76729f032467e0a962c8ff4492282.ts' for writing
frame= 3842 fps=255 q=28.0 size=N/A time=00:02:36.83 bitrate=N/A speed=10.4x    
[hls @ 0xaaaad8303420] Opening '/config/cache/transcodes/e29222e76729f032467e0a962c8ff4492283.ts' for writing
[hls @ 0xaaaad8303420] Opening '/config/cache/transcodes/e29222e76729f032467e0a962c8ff4492284.ts' for writing
frame= 3986 fps=256 q=28.0 size=N/A time=00:02:42.83 bitrate=N/A speed=10.5x    
[hls @ 0xaaaad8303420] Opening '/config/cache/transcodes/e29222e76729f032467e0a962c8ff4492285.ts' for writing
[hls @ 0xaaaad8303420] Opening '/config/cache/transcodes/e29222e76729f032467e0a962c8ff4492286.ts' for writing
frame= 4137 fps=258 q=28.0 size=N/A time=00:02:49.12 bitrate=N/A speed=10.5x    
[hls @ 0xaaaad8303420] Opening '/config/cache/transcodes/e29222e76729f032467e0a962c8ff4492287.ts' for writing
[hls @ 0xaaaad8303420] Opening '/config/cache/transcodes/e29222e76729f032467e0a962c8ff4492288.ts' for writing
frame= 4271 fps=258 q=28.0 size=N/A time=00:02:54.70 bitrate=N/A speed=10.6x    
[hls @ 0xaaaad8303420] Opening '/config/cache/transcodes/e29222e76729f032467e0a962c8ff4492289.ts' for writing
[hls @ 0xaaaad8303420] Opening '/config/cache/transcodes/e29222e76729f032467e0a962c8ff4492290.ts' for writing
frame= 4422 fps=259 q=28.0 size=N/A time=00:03:01.00 bitrate=N/A speed=10.6x    
[hls @ 0xaaaad8303420] Opening '/config/cache/transcodes/e29222e76729f032467e0a962c8ff4492291.ts' for writing
[hls @ 0xaaaad8303420] Opening '/config/cache/transcodes/e29222e76729f032467e0a962c8ff4492292.ts' for writing
frame= 4546 fps=259 q=28.0 size=N/A time=00:03:06.16 bitrate=N/A speed=10.6x    
[hls @ 0xaaaad8303420] Opening '/config/cache/transcodes/e29222e76729f032467e0a962c8ff4492293.ts' for writing
[hls @ 0xaaaad8303420] Opening '/config/cache/transcodes/e29222e76729f032467e0a962c8ff4492294.ts' for writing
frame= 4697 fps=260 q=28.0 size=N/A time=00:03:12.45 bitrate=N/A speed=10.7x    
[hls @ 0xaaaad8303420] Opening '/config/cache/transcodes/e29222e76729f032467e0a962c8ff4492295.ts' for writing
[hls @ 0xaaaad8303420] Opening '/config/cache/transcodes/e29222e76729f032467e0a962c8ff4492296.ts' for writing
frame= 4842 fps=261 q=28.0 size=N/A time=00:03:18.50 bitrate=N/A speed=10.7x    
[hls @ 0xaaaad8303420] Opening '/config/cache/transcodes/e29222e76729f032467e0a962c8ff4492297.ts' for writing
[hls @ 0xaaaad8303420] Opening '/config/cache/transcodes/e29222e76729f032467e0a962c8ff4492298.ts' for writing
frame= 4973 fps=261 q=28.0 size=N/A time=00:03:23.95 bitrate=N/A speed=10.7x    
[hls @ 0xaaaad8303420] Opening '/config/cache/transcodes/e29222e76729f032467e0a962c8ff4492299.ts' for writing
frame= 5070 fps=259 q=28.0 size=N/A time=00:03:28.00 bitrate=N/A speed=10.6x    
[hls @ 0xaaaad8303420] Opening '/config/cache/transcodes/e29222e76729f032467e0a962c8ff4492300.ts' for writing
frame= 5171 fps=258 q=28.0 size=N/A time=00:03:32.20 bitrate=N/A speed=10.6x    
[hls @ 0xaaaad8303420] Opening '/config/cache/transcodes/e29222e76729f032467e0a962c8ff4492301.ts' for writing
[hls @ 0xaaaad8303420] Opening '/config/cache/transcodes/e29222e76729f032467e0a962c8ff4492302.ts' for writing
frame= 5291 fps=257 q=28.0 size=N/A time=00:03:37.20 bitrate=N/A speed=10.6x    
[hls @ 0xaaaad8303420] Opening '/config/cache/transcodes/e29222e76729f032467e0a962c8ff4492303.ts' for writing
[hls @ 0xaaaad8303420] Opening '/config/cache/transcodes/e29222e76729f032467e0a962c8ff4492304.ts' for writing
frame= 5406 fps=257 q=28.0 size=N/A time=00:03:42.00 bitrate=N/A speed=10.5x    
[hls @ 0xaaaad8303420] Opening '/config/cache/transcodes/e29222e76729f032467e0a962c8ff4492305.ts' for writing
[hls @ 0xaaaad8303420] Opening '/config/cache/transcodes/e29222e76729f032467e0a962c8ff4492306.ts' for writing
frame= 5546 fps=257 q=28.0 size=N/A time=00:03:47.83 bitrate=N/A speed=10.6x    
[hls @ 0xaaaad8303420] Opening '/config/cache/transcodes/e29222e76729f032467e0a962c8ff4492307.ts' for writing
frame= 5674 fps=257 q=28.0 size=N/A time=00:03:53.16 bitrate=N/A speed=10.6x    
[hls @ 0xaaaad8303420] Opening '/config/cache/transcodes/e29222e76729f032467e0a962c8ff4492308.ts' for writing
[hls @ 0xaaaad8303420] Opening '/config/cache/transcodes/e29222e76729f032467e0a962c8ff4492309.ts' for writing
frame= 5801 fps=257 q=28.0 size=N/A time=00:03:58.45 bitrate=N/A speed=10.6x    
[hls @ 0xaaaad8303420] Opening '/config/cache/transcodes/e29222e76729f032467e0a962c8ff4492310.ts' for writing
[hls @ 0xaaaad8303420] Opening '/config/cache/transcodes/e29222e76729f032467e0a962c8ff4492311.ts' for writing
frame= 5933 fps=257 q=28.0 size=N/A time=00:04:03.95 bitrate=N/A speed=10.6x    
[hls @ 0xaaaad8303420] Opening '/config/cache/transcodes/e29222e76729f032467e0a962c8ff4492312.ts' for writing
[hls @ 0xaaaad8303420] Opening '/config/cache/transcodes/e29222e76729f032467e0a962c8ff4492313.ts' for writing
frame= 6103 fps=259 q=28.0 size=N/A time=00:04:11.04 bitrate=N/A speed=10.6x    
[hls @ 0xaaaad8303420] Opening '/config/cache/transcodes/e29222e76729f032467e0a962c8ff4492314.ts' for writing
[hls @ 0xaaaad8303420] Opening '/config/cache/transcodes/e29222e76729f032467e0a962c8ff4492315.ts' for writing
frame= 6262 fps=260 q=28.0 size=N/A time=00:04:17.66 bitrate=N/A speed=10.7x    
[hls @ 0xaaaad8303420] Opening '/config/cache/transcodes/e29222e76729f032467e0a962c8ff4492316.ts' for writing
[hls @ 0xaaaad8303420] Opening '/config/cache/transcodes/e29222e76729f032467e0a962c8ff4492317.ts' for writing
[hls @ 0xaaaad8303420] Opening '/config/cache/transcodes/e29222e76729f032467e0a962c8ff4492318.ts' for writing
frame= 6410 fps=261 q=28.0 size=N/A time=00:04:23.83 bitrate=N/A speed=10.7x    
[hls @ 0xaaaad8303420] Opening '/config/cache/transcodes/e29222e76729f032467e0a962c8ff4492319.ts' for writing
frame= 6542 fps=261 q=25.0 size=N/A time=00:04:29.33 bitrate=N/A speed=10.7x    
[hls @ 0xaaaad8303420] Opening '/config/cache/transcodes/e29222e76729f032467e0a962c8ff4492320.ts' for writing
[hls @ 0xaaaad8303420] Opening '/config/cache/transcodes/e29222e76729f032467e0a962c8ff4492321.ts' for writing
frame= 6674 fps=261 q=28.0 size=N/A time=00:04:34.83 bitrate=N/A speed=10.7x    
[hls @ 0xaaaad8303420] Opening '/config/cache/transcodes/e29222e76729f032467e0a962c8ff4492322.ts' for writing
[hls @ 0xaaaad8303420] Opening '/config/cache/transcodes/e29222e76729f032467e0a962c8ff4492323.ts' for writing
frame= 6827 fps=262 q=28.0 size=N/A time=00:04:41.20 bitrate=N/A speed=10.8x    
[hls @ 0xaaaad8303420] Opening '/config/cache/transcodes/e29222e76729f032467e0a962c8ff4492324.ts' for writing
[hls @ 0xaaaad8303420] Opening '/config/cache/transcodes/e29222e76729f032467e0a962c8ff4492325.ts' for writing
frame= 6962 fps=262 q=28.0 size=N/A time=00:04:46.83 bitrate=N/A speed=10.8x    
[hls @ 0xaaaad8303420] Opening '/config/cache/transcodes/e29222e76729f032467e0a962c8ff4492326.ts' for writing
[hls @ 0xaaaad8303420] Opening '/config/cache/transcodes/e29222e76729f032467e0a962c8ff4492327.ts' for writing
frame= 7111 fps=263 q=28.0 size=N/A time=00:04:53.04 bitrate=N/A speed=10.8x    
[hls @ 0xaaaad8303420] Opening '/config/cache/transcodes/e29222e76729f032467e0a962c8ff4492328.ts' for writing
[hls @ 0xaaaad8303420] Opening '/config/cache/transcodes/e29222e76729f032467e0a962c8ff4492329.ts' for writing
frame= 7256 fps=263 q=28.0 size=N/A time=00:04:59.08 bitrate=N/A speed=10.8x    
[hls @ 0xaaaad8303420] Opening '/config/cache/transcodes/e29222e76729f032467e0a962c8ff4492330.ts' for writing
[hls @ 0xaaaad8303420] Opening '/config/cache/transcodes/e29222e76729f032467e0a962c8ff4492331.ts' for writing
[hls @ 0xaaaad8303420] Opening '/config/cache/transcodes/e29222e76729f032467e0a962c8ff4492332.ts' for writing
frame= 7457 fps=266 q=28.0 size=N/A time=00:05:07.45 bitrate=N/A speed=10.9x    
[hls @ 0xaaaad8303420] Opening '/config/cache/transcodes/e29222e76729f032467e0a962c8ff4492333.ts' for writing
[hls @ 0xaaaad8303420] Opening '/config/cache/transcodes/e29222e76729f032467e0a962c8ff4492334.ts' for writing
frame= 7630 fps=267 q=28.0 size=N/A time=00:05:14.66 bitrate=N/A speed=  11x    
[hls @ 0xaaaad8303420] Opening '/config/cache/transcodes/e29222e76729f032467e0a962c8ff4492335.ts' for writing
[hls @ 0xaaaad8303420] Opening '/config/cache/transcodes/e29222e76729f032467e0a962c8ff4492336.ts' for writing
[hls @ 0xaaaad8303420] Opening '/config/cache/transcodes/e29222e76729f032467e0a962c8ff4492337.ts' for writing
frame= 7837 fps=269 q=25.0 size=N/A time=00:05:23.33 bitrate=N/A speed=11.1x    
[hls @ 0xaaaad8303420] Opening '/config/cache/transcodes/e29222e76729f032467e0a962c8ff4492338.ts' for writing
[hls @ 0xaaaad8303420] Opening '/config/cache/transcodes/e29222e76729f032467e0a962c8ff4492339.ts' for writing
[hls @ 0xaaaad8303420] Opening '/config/cache/transcodes/e29222e76729f032467e0a962c8ff4492340.ts' for writing
frame= 8056 fps=272 q=28.0 size=N/A time=00:05:32.41 bitrate=N/A speed=11.2x    
[hls @ 0xaaaad8303420] Opening '/config/cache/transcodes/e29222e76729f032467e0a962c8ff4492341.ts' for writing
[hls @ 0xaaaad8303420] Opening '/config/cache/transcodes/e29222e76729f032467e0a962c8ff4492342.ts' for writing
frame= 8208 fps=273 q=28.0 size=N/A time=00:05:38.75 bitrate=N/A speed=11.3x    
[hls @ 0xaaaad8303420] Opening '/config/cache/transcodes/e29222e76729f032467e0a962c8ff4492343.ts' for writing
[hls @ 0xaaaad8303420] Opening '/config/cache/transcodes/e29222e76729f032467e0a962c8ff4492344.ts' for writing
[hls @ 0xaaaad8303420] Opening '/config/cache/transcodes/e29222e76729f032467e0a962c8ff4492345.ts' for writing
frame= 8372 fps=274 q=28.0 size=N/A time=00:05:45.58 bitrate=N/A speed=11.3x    
[hls @ 0xaaaad8303420] Opening '/config/cache/transcodes/e29222e76729f032467e0a962c8ff4492346.ts' for writing
[hls @ 0xaaaad8303420] Opening '/config/cache/transcodes/e29222e76729f032467e0a962c8ff4492347.ts' for writing
frame= 8498 fps=273 q=28.0 size=N/A time=00:05:50.83 bitrate=N/A speed=11.3x    
[hls @ 0xaaaad8303420] Opening '/config/cache/transcodes/e29222e76729f032467e0a962c8ff4492348.ts' for writing
[hls @ 0xaaaad8303420] Opening '/config/cache/transcodes/e29222e76729f032467e0a962c8ff4492349.ts' for writing
frame= 8686 fps=275 q=28.0 size=N/A time=00:05:58.66 bitrate=N/A speed=11.4x    
[hls @ 0xaaaad8303420] Opening '/config/cache/transcodes/e29222e76729f032467e0a962c8ff4492350.ts' for writing
[hls @ 0xaaaad8303420] Opening '/config/cache/transcodes/e29222e76729f032467e0a962c8ff4492351.ts' for writing
frame= 8810 fps=275 q=28.0 size=N/A time=00:06:03.83 bitrate=N/A speed=11.3x    
[hls @ 0xaaaad8303420] Opening '/config/cache/transcodes/e29222e76729f032467e0a962c8ff4492352.ts' for writing
frame= 8926 fps=274 q=28.0 size=N/A time=00:06:08.66 bitrate=N/A speed=11.3x    
[hls @ 0xaaaad8303420] Opening '/config/cache/transcodes/e29222e76729f032467e0a962c8ff4492353.ts' for writing
[hls @ 0xaaaad8303420] Opening '/config/cache/transcodes/e29222e76729f032467e0a962c8ff4492354.ts' for writing
frame= 9061 fps=274 q=28.0 size=N/A time=00:06:14.29 bitrate=N/A speed=11.3x    
[hls @ 0xaaaad8303420] Opening '/config/cache/transcodes/e29222e76729f032467e0a962c8ff4492355.ts' for writing
[hls @ 0xaaaad8303420] Opening '/config/cache/transcodes/e29222e76729f032467e0a962c8ff4492356.ts' for writing
frame= 9196 fps=274 q=28.0 size=N/A time=00:06:19.91 bitrate=N/A speed=11.3x    
[hls @ 0xaaaad8303420] Opening '/config/cache/transcodes/e29222e76729f032467e0a962c8ff4492357.ts' for writing
[hls @ 0xaaaad8303420] Opening '/config/cache/transcodes/e29222e76729f032467e0a962c8ff4492358.ts' for writing
frame= 9322 fps=273 q=28.0 size=N/A time=00:06:25.16 bitrate=N/A speed=11.3x    
[hls @ 0xaaaad8303420] Opening '/config/cache/transcodes/e29222e76729f032467e0a962c8ff4492359.ts' for writing
frame= 9426 fps=272 q=28.0 size=N/A time=00:06:29.50 bitrate=N/A speed=11.3x    
[hls @ 0xaaaad8303420] Opening '/config/cache/transcodes/e29222e76729f032467e0a962c8ff4492360.ts' for writing
[hls @ 0xaaaad8303420] Opening '/config/cache/transcodes/e29222e76729f032467e0a962c8ff4492361.ts' for writing
[hls @ 0xaaaad8303420] Opening '/config/cache/transcodes/e29222e76729f032467e0a962c8ff4492362.ts' for writing
frame= 9582 fps=273 q=28.0 size=N/A time=00:06:36.00 bitrate=N/A speed=11.3x    
[hls @ 0xaaaad8303420] Opening '/config/cache/transcodes/e29222e76729f032467e0a962c8ff4492363.ts' for writing
[hls @ 0xaaaad8303420] Opening '/config/cache/transcodes/e29222e76729f032467e0a962c8ff4492364.ts' for writing
frame= 9722 fps=273 q=28.0 size=N/A time=00:06:41.83 bitrate=N/A speed=11.3x    
[hls @ 0xaaaad8303420] Opening '/config/cache/transcodes/e29222e76729f032467e0a962c8ff4492365.ts' for writing
frame= 9842 fps=273 q=28.0 size=N/A time=00:06:46.83 bitrate=N/A speed=11.3x    
[hls @ 0xaaaad8303420] Opening '/config/cache/transcodes/e29222e76729f032467e0a962c8ff4492366.ts' for writing
[hls @ 0xaaaad8303420] Opening '/config/cache/transcodes/e29222e76729f032467e0a962c8ff4492367.ts' for writing
frame= 9956 fps=272 q=28.0 size=N/A time=00:06:51.66 bitrate=N/A speed=11.2x    
[hls @ 0xaaaad8303420] Opening '/config/cache/transcodes/e29222e76729f032467e0a962c8ff4492368.ts' for writing
frame=10066 fps=271 q=28.0 size=N/A time=00:06:56.16 bitrate=N/A speed=11.2x    
[hls @ 0xaaaad8303420] Opening '/config/cache/transcodes/e29222e76729f032467e0a962c8ff4492369.ts' for writing
[hls @ 0xaaaad8303420] Opening '/config/cache/transcodes/e29222e76729f032467e0a962c8ff4492370.ts' for writing
frame=10190 fps=271 q=28.0 size=N/A time=00:07:01.33 bitrate=N/A speed=11.2x    
[hls @ 0xaaaad8303420] Opening '/config/cache/transcodes/e29222e76729f032467e0a962c8ff4492371.ts' for writing
[hls @ 0xaaaad8303420] Opening '/config/cache/transcodes/e29222e76729f032467e0a962c8ff4492372.ts' for writing
frame=10322 fps=271 q=28.0 size=N/A time=00:07:06.83 bitrate=N/A speed=11.2x    
[hls @ 0xaaaad8303420] Opening '/config/cache/transcodes/e29222e76729f032467e0a962c8ff4492373.ts' for writing
[hls @ 0xaaaad8303420] Opening '/config/cache/transcodes/e29222e76729f032467e0a962c8ff4492374.ts' for writing
frame=10442 fps=270 q=28.0 size=N/A time=00:07:11.83 bitrate=N/A speed=11.2x    
[hls @ 0xaaaad8303420] Opening '/config/cache/transcodes/e29222e76729f032467e0a962c8ff4492375.ts' for writing
frame=10562 fps=270 q=28.0 size=N/A time=00:07:16.83 bitrate=N/A speed=11.2x    
[hls @ 0xaaaad8303420] Opening '/config/cache/transcodes/e29222e76729f032467e0a962c8ff4492376.ts' for writing
[hls @ 0xaaaad8303420] Opening '/config/cache/transcodes/e29222e76729f032467e0a962c8ff4492377.ts' for writing
frame=10696 fps=270 q=28.0 size=N/A time=00:07:22.41 bitrate=N/A speed=11.2x    
[hls @ 0xaaaad8303420] Opening '/config/cache/transcodes/e29222e76729f032467e0a962c8ff4492378.ts' for writing
[hls @ 0xaaaad8303420] Opening '/config/cache/transcodes/e29222e76729f032467e0a962c8ff4492379.ts' for writing
frame=10831 fps=270 q=28.0 size=N/A time=00:07:28.04 bitrate=N/A speed=11.2x    
[hls @ 0xaaaad8303420] Opening '/config/cache/transcodes/e29222e76729f032467e0a962c8ff4492380.ts' for writing
[hls @ 0xaaaad8303420] Opening '/config/cache/transcodes/e29222e76729f032467e0a962c8ff4492381.ts' for writing
frame=10965 fps=270 q=28.0 size=N/A time=00:07:33.62 bitrate=N/A speed=11.2x    
[hls @ 0xaaaad8303420] Opening '/config/cache/transcodes/e29222e76729f032467e0a962c8ff4492382.ts' for writing
frame=11051 fps=269 q=28.0 size=N/A time=00:07:37.20 bitrate=N/A speed=11.1x    
[hls @ 0xaaaad8303420] Opening '/config/cache/transcodes/e29222e76729f032467e0a962c8ff4492383.ts' for writing
frame=11149 fps=268 q=28.0 size=N/A time=00:07:41.29 bitrate=N/A speed=11.1x    
[hls @ 0xaaaad8303420] Opening '/config/cache/transcodes/e29222e76729f032467e0a962c8ff4492384.ts' for writing
[hls @ 0xaaaad8303420] Opening '/config/cache/transcodes/e29222e76729f032467e0a962c8ff4492385.ts' for writing
frame=11242 fps=267 q=28.0 size=N/A time=00:07:45.16 bitrate=N/A speed=  11x    
[hls @ 0xaaaad8303420] Opening '/config/cache/transcodes/e29222e76729f032467e0a962c8ff4492386.ts' for writing
frame=11327 fps=266 q=28.0 size=N/A time=00:07:48.70 bitrate=N/A speed=  11x    
[hls @ 0xaaaad8303420] Opening '/config/cache/transcodes/e29222e76729f032467e0a962c8ff4492387.ts' for writing
frame=11418 fps=265 q=28.0 size=N/A time=00:07:52.54 bitrate=N/A speed=  11x    
[hls @ 0xaaaad8303420] Opening '/config/cache/transcodes/e29222e76729f032467e0a962c8ff4492388.ts' for writing
[hls @ 0xaaaad8303420] Opening '/config/cache/transcodes/e29222e76729f032467e0a962c8ff4492389.ts' for writing
frame=11534 fps=264 q=28.0 size=N/A time=00:07:57.33 bitrate=N/A speed=10.9x    
[hls @ 0xaaaad8303420] Opening '/config/cache/transcodes/e29222e76729f032467e0a962c8ff4492390.ts' for writing
frame=11654 fps=264 q=31.0 size=N/A time=00:08:02.33 bitrate=N/A speed=10.9x    
[hls @ 0xaaaad8303420] Opening '/config/cache/transcodes/e29222e76729f032467e0a962c8ff4492391.ts' for writing
[hls @ 0xaaaad8303420] Opening '/config/cache/transcodes/e29222e76729f032467e0a962c8ff4492392.ts' for writing
frame=11737 fps=263 q=34.0 size=N/A time=00:08:05.83 bitrate=N/A speed=10.9x    
[hls @ 0xaaaad8303420] Opening '/config/cache/transcodes/e29222e76729f032467e0a962c8ff4492393.ts' for writing
frame=11822 fps=262 q=30.0 size=N/A time=00:08:09.33 bitrate=N/A speed=10.8x    
[hls @ 0xaaaad8303420] Opening '/config/cache/transcodes/e29222e76729f032467e0a962c8ff4492394.ts' for writing
frame=11914 fps=261 q=28.0 size=N/A time=00:08:13.16 bitrate=N/A speed=10.8x    
[hls @ 0xaaaad8303420] Opening '/config/cache/transcodes/e29222e76729f032467e0a962c8ff4492395.ts' for writing
frame=12011 fps=260 q=28.0 size=N/A time=00:08:17.20 bitrate=N/A speed=10.8x    
[hls @ 0xaaaad8303420] Opening '/config/cache/transcodes/e29222e76729f032467e0a962c8ff4492396.ts' for writing
frame=12090 fps=259 q=28.0 size=N/A time=00:08:20.50 bitrate=N/A speed=10.7x    
[hls @ 0xaaaad8303420] Opening '/config/cache/transcodes/e29222e76729f032467e0a962c8ff4492397.ts' for writing
[hls @ 0xaaaad8303420] Opening '/config/cache/transcodes/e29222e76729f032467e0a962c8ff4492398.ts' for writing
frame=12186 fps=259 q=28.0 size=N/A time=00:08:24.50 bitrate=N/A speed=10.7x    
[hls @ 0xaaaad8303420] Opening '/config/cache/transcodes/e29222e76729f032467e0a962c8ff4492399.ts' for writing
frame=12274 fps=258 q=28.0 size=N/A time=00:08:28.16 bitrate=N/A speed=10.7x    
[hls @ 0xaaaad8303420] Opening '/config/cache/transcodes/e29222e76729f032467e0a962c8ff4492400.ts' for writing
frame=12365 fps=257 q=28.0 size=N/A time=00:08:31.95 bitrate=N/A speed=10.6x    
[hls @ 0xaaaad8303420] Opening '/config/cache/transcodes/e29222e76729f032467e0a962c8ff4492401.ts' for writing
frame=12451 fps=256 q=28.0 size=N/A time=00:08:35.62 bitrate=N/A speed=10.6x    
[hls @ 0xaaaad8303420] Opening '/config/cache/transcodes/e29222e76729f032467e0a962c8ff4492402.ts' for writing
[hls @ 0xaaaad8303420] Opening '/config/cache/transcodes/e29222e76729f032467e0a962c8ff4492403.ts' for writing
frame=12530 fps=255 q=28.0 size=N/A time=00:08:38.83 bitrate=N/A speed=10.6x    
[hls @ 0xaaaad8303420] Opening '/config/cache/transcodes/e29222e76729f032467e0a962c8ff4492404.ts' for writing
frame=12614 fps=254 q=28.0 size=N/A time=00:08:42.33 bitrate=N/A speed=10.5x    
[hls @ 0xaaaad8303420] Opening '/config/cache/transcodes/e29222e76729f032467e0a962c8ff4492405.ts' for writing
frame=12726 fps=254 q=28.0 size=N/A time=00:08:47.00 bitrate=N/A speed=10.5x    
[hls @ 0xaaaad8303420] Opening '/config/cache/transcodes/e29222e76729f032467e0a962c8ff4492406.ts' for writing
[hls @ 0xaaaad8303420] Opening '/config/cache/transcodes/e29222e76729f032467e0a962c8ff4492407.ts' for writing
frame=12822 fps=253 q=28.0 size=N/A time=00:08:51.00 bitrate=N/A speed=10.5x    
[hls @ 0xaaaad8303420] Opening '/config/cache/transcodes/e29222e76729f032467e0a962c8ff4492408.ts' for writing
frame=12947 fps=253 q=28.0 size=N/A time=00:08:56.20 bitrate=N/A speed=10.5x    
[hls @ 0xaaaad8303420] Opening '/config/cache/transcodes/e29222e76729f032467e0a962c8ff4492409.ts' for writing
[hls @ 0xaaaad8303420] Opening '/config/cache/transcodes/e29222e76729f032467e0a962c8ff4492410.ts' for writing
frame=13060 fps=253 q=28.0 size=N/A time=00:09:00.91 bitrate=N/A speed=10.5x    
[hls @ 0xaaaad8303420] Opening '/config/cache/transcodes/e29222e76729f032467e0a962c8ff4492411.ts' for writing
frame=13144 fps=252 q=28.0 size=N/A time=00:09:04.41 bitrate=N/A speed=10.4x    
[hls @ 0xaaaad8303420] Opening '/config/cache/transcodes/e29222e76729f032467e0a962c8ff4492412.ts' for writing
[hls @ 0xaaaad8303420] Opening '/config/cache/transcodes/e29222e76729f032467e0a962c8ff4492413.ts' for writing
frame=13268 fps=252 q=28.0 size=N/A time=00:09:09.58 bitrate=N/A speed=10.4x    
[hls @ 0xaaaad8303420] Opening '/config/cache/transcodes/e29222e76729f032467e0a962c8ff4492414.ts' for writing
frame=13386 fps=252 q=28.0 size=N/A time=00:09:14.50 bitrate=N/A speed=10.4x    
[hls @ 0xaaaad8303420] Opening '/config/cache/transcodes/e29222e76729f032467e0a962c8ff4492415.ts' for writing
[hls @ 0xaaaad8303420] Opening '/config/cache/transcodes/e29222e76729f032467e0a962c8ff4492416.ts' for writing
[hls @ 0xaaaad8303420] Opening '/config/cache/transcodes/e29222e76729f032467e0a962c8ff4492417.ts' for writing
frame=13593 fps=253 q=28.0 size=N/A time=00:09:23.12 bitrate=N/A speed=10.5x    
[hls @ 0xaaaad8303420] Opening '/config/cache/transcodes/e29222e76729f032467e0a962c8ff4492418.ts' for writing
[hls @ 0xaaaad8303420] Opening '/config/cache/transcodes/e29222e76729f032467e0a962c8ff4492419.ts' for writing
frame=13694 fps=253 q=28.0 size=N/A time=00:09:27.33 bitrate=N/A speed=10.5x    
[hls @ 0xaaaad8303420] Opening '/config/cache/transcodes/e29222e76729f032467e0a962c8ff4492420.ts' for writing
frame=13778 fps=252 q=28.0 size=N/A time=00:09:30.83 bitrate=N/A speed=10.4x    
[hls @ 0xaaaad8303420] Opening '/config/cache/transcodes/e29222e76729f032467e0a962c8ff4492421.ts' for writing
frame=13862 fps=251 q=28.0 size=N/A time=00:09:34.33 bitrate=N/A speed=10.4x    
[hls @ 0xaaaad8303420] Opening '/config/cache/transcodes/e29222e76729f032467e0a962c8ff4492422.ts' for writing
frame=13943 fps=251 q=28.0 size=N/A time=00:09:37.70 bitrate=N/A speed=10.4x    
[hls @ 0xaaaad8303420] Opening '/config/cache/transcodes/e29222e76729f032467e0a962c8ff4492423.ts' for writing
[hls @ 0xaaaad8303420] Opening '/config/cache/transcodes/e29222e76729f032467e0a962c8ff4492424.ts' for writing
frame=14065 fps=250 q=28.0 size=N/A time=00:09:42.83 bitrate=N/A speed=10.4x    
[hls @ 0xaaaad8303420] Opening '/config/cache/transcodes/e29222e76729f032467e0a962c8ff4492425.ts' for writing
[hls @ 0xaaaad8303420] Opening '/config/cache/transcodes/e29222e76729f032467e0a962c8ff4492426.ts' for writing
frame=14185 fps=250 q=28.0 size=N/A time=00:09:47.79 bitrate=N/A speed=10.4x    
[hls @ 0xaaaad8303420] Opening '/config/cache/transcodes/e29222e76729f032467e0a962c8ff4492427.ts' for writing
frame=14308 fps=250 q=28.0 size=N/A time=00:09:52.95 bitrate=N/A speed=10.4x    
[hls @ 0xaaaad8303420] Opening '/config/cache/transcodes/e29222e76729f032467e0a962c8ff4492428.ts' for writing
[hls @ 0xaaaad8303420] Opening '/config/cache/transcodes/e29222e76729f032467e0a962c8ff4492429.ts' for writing
frame=14410 fps=250 q=28.0 size=N/A time=00:09:57.16 bitrate=N/A speed=10.4x    
[hls @ 0xaaaad8303420] Opening '/config/cache/transcodes/e29222e76729f032467e0a962c8ff4492430.ts' for writing
frame=14519 fps=250 q=28.0 size=N/A time=00:10:01.70 bitrate=N/A speed=10.3x    
[hls @ 0xaaaad8303420] Opening '/config/cache/transcodes/e29222e76729f032467e0a962c8ff4492431.ts' for writing
[hls @ 0xaaaad8303420] Opening '/config/cache/transcodes/e29222e76729f032467e0a962c8ff4492432.ts' for writing
frame=14656 fps=250 q=28.0 size=N/A time=00:10:07.41 bitrate=N/A speed=10.4x    
[hls @ 0xaaaad8303420] Opening '/config/cache/transcodes/e29222e76729f032467e0a962c8ff4492433.ts' for writing
[hls @ 0xaaaad8303420] Opening '/config/cache/transcodes/e29222e76729f032467e0a962c8ff4492434.ts' for writing
frame=14826 fps=251 q=28.0 size=N/A time=00:10:14.50 bitrate=N/A speed=10.4x    
[hls @ 0xaaaad8303420] Opening '/config/cache/transcodes/e29222e76729f032467e0a962c8ff4492435.ts' for writing
[hls @ 0xaaaad8303420] Opening '/config/cache/transcodes/e29222e76729f032467e0a962c8ff4492436.ts' for writing
frame=14946 fps=251 q=30.0 size=N/A time=00:10:19.50 bitrate=N/A speed=10.4x    
[hls @ 0xaaaad8303420] Opening '/config/cache/transcodes/e29222e76729f032467e0a962c8ff4492437.ts' for writing
frame=15047 fps=250 q=28.0 size=N/A time=00:10:23.70 bitrate=N/A speed=10.4x    
[hls @ 0xaaaad8303420] Opening '/config/cache/transcodes/e29222e76729f032467e0a962c8ff4492438.ts' for writing
[hls @ 0xaaaad8303420] Opening '/config/cache/transcodes/e29222e76729f032467e0a962c8ff4492439.ts' for writing
frame=15126 fps=249 q=38.0 size=N/A time=00:10:27.00 bitrate=N/A speed=10.3x    
[hls @ 0xaaaad8303420] Opening '/config/cache/transcodes/e29222e76729f032467e0a962c8ff4492440.ts' for writing
frame=15219 fps=249 q=36.0 size=N/A time=00:10:30.87 bitrate=N/A speed=10.3x    
[hls @ 0xaaaad8303420] Opening '/config/cache/transcodes/e29222e76729f032467e0a962c8ff4492441.ts' for writing
frame=15325 fps=249 q=35.0 size=N/A time=00:10:35.29 bitrate=N/A speed=10.3x    
[hls @ 0xaaaad8303420] Opening '/config/cache/transcodes/e29222e76729f032467e0a962c8ff4492442.ts' for writing
[hls @ 0xaaaad8303420] Opening '/config/cache/transcodes/e29222e76729f032467e0a962c8ff4492443.ts' for writing
frame=15410 fps=248 q=28.0 size=N/A time=00:10:38.83 bitrate=N/A speed=10.3x    
[hls @ 0xaaaad8303420] Opening '/config/cache/transcodes/e29222e76729f032467e0a962c8ff4492444.ts' for writing
frame=15495 fps=247 q=32.0 size=N/A time=00:10:42.37 bitrate=N/A speed=10.3x    
[hls @ 0xaaaad8303420] Opening '/config/cache/transcodes/e29222e76729f032467e0a962c8ff4492445.ts' for writing
frame=15589 fps=247 q=28.0 size=N/A time=00:10:46.29 bitrate=N/A speed=10.2x    
[hls @ 0xaaaad8303420] Opening '/config/cache/transcodes/e29222e76729f032467e0a962c8ff4492446.ts' for writing
frame=15685 fps=246 q=28.0 size=N/A time=00:10:50.29 bitrate=N/A speed=10.2x    
[hls @ 0xaaaad8303420] Opening '/config/cache/transcodes/e29222e76729f032467e0a962c8ff4492447.ts' for writing
[hls @ 0xaaaad8303420] Opening '/config/cache/transcodes/e29222e76729f032467e0a962c8ff4492448.ts' for writing
frame=15776 fps=246 q=28.0 size=N/A time=00:10:54.08 bitrate=N/A speed=10.2x    
[hls @ 0xaaaad8303420] Opening '/config/cache/transcodes/e29222e76729f032467e0a962c8ff4492449.ts' for writing
frame=15911 fps=246 q=28.0 size=N/A time=00:10:59.70 bitrate=N/A speed=10.2x    
[hls @ 0xaaaad8303420] Opening '/config/cache/transcodes/e29222e76729f032467e0a962c8ff4492450.ts' for writing
[hls @ 0xaaaad8303420] Opening '/config/cache/transcodes/e29222e76729f032467e0a962c8ff4492451.ts' for writing
frame=15995 fps=245 q=28.0 size=N/A time=00:11:03.20 bitrate=N/A speed=10.2x    
[hls @ 0xaaaad8303420] Opening '/config/cache/transcodes/e29222e76729f032467e0a962c8ff4492452.ts' for writing
frame=16073 fps=245 q=28.0 size=N/A time=00:11:06.45 bitrate=N/A speed=10.1x    
[hls @ 0xaaaad8303420] Opening '/config/cache/transcodes/e29222e76729f032467e0a962c8ff4492453.ts' for writing
frame=16143 fps=244 q=28.0 size=N/A time=00:11:09.37 bitrate=N/A speed=10.1x    
[hls @ 0xaaaad8303420] Opening '/config/cache/transcodes/e29222e76729f032467e0a962c8ff4492454.ts' for writing
frame=16226 fps=243 q=28.0 size=N/A time=00:11:12.83 bitrate=N/A speed=10.1x    
[hls @ 0xaaaad8303420] Opening '/config/cache/transcodes/e29222e76729f032467e0a962c8ff4492455.ts' for writing
frame=16334 fps=243 q=25.0 size=N/A time=00:11:17.33 bitrate=N/A speed=10.1x    
[hls @ 0xaaaad8303420] Opening '/config/cache/transcodes/e29222e76729f032467e0a962c8ff4492456.ts' for writing
[hls @ 0xaaaad8303420] Opening '/config/cache/transcodes/e29222e76729f032467e0a962c8ff4492457.ts' for writing
frame=16442 fps=243 q=28.0 size=N/A time=00:11:21.83 bitrate=N/A speed=10.1x    
[hls @ 0xaaaad8303420] Opening '/config/cache/transcodes/e29222e76729f032467e0a962c8ff4492458.ts' for writing
frame=16554 fps=243 q=28.0 size=N/A time=00:11:26.50 bitrate=N/A speed=10.1x    
[hls @ 0xaaaad8303420] Opening '/config/cache/transcodes/e29222e76729f032467e0a962c8ff4492459.ts' for writing
[hls @ 0xaaaad8303420] Opening '/config/cache/transcodes/e29222e76729f032467e0a962c8ff4492460.ts' for writing
frame=16655 fps=242 q=28.0 size=N/A time=00:11:30.70 bitrate=N/A speed=10.1x    
[hls @ 0xaaaad8303420] Opening '/config/cache/transcodes/e29222e76729f032467e0a962c8ff4492461.ts' for writing
frame=16742 fps=242 q=28.0 size=N/A time=00:11:34.33 bitrate=N/A speed=  10x    
[hls @ 0xaaaad8303420] Opening '/config/cache/transcodes/e29222e76729f032467e0a962c8ff4492462.ts' for writing
frame=16814 fps=241 q=33.0 size=N/A time=00:11:37.33 bitrate=N/A speed=  10x    
[hls @ 0xaaaad8303420] Opening '/config/cache/transcodes/e29222e76729f032467e0a962c8ff4492463.ts' for writing
frame=16898 fps=241 q=32.0 size=N/A time=00:11:40.83 bitrate=N/A speed=9.99x    
[hls @ 0xaaaad8303420] Opening '/config/cache/transcodes/e29222e76729f032467e0a962c8ff4492464.ts' for writing
frame=16989 fps=240 q=33.0 size=N/A time=00:11:44.62 bitrate=N/A speed=9.97x    
[hls @ 0xaaaad8303420] Opening '/config/cache/transcodes/e29222e76729f032467e0a962c8ff4492465.ts' for writing
[hls @ 0xaaaad8303420] Opening '/config/cache/transcodes/e29222e76729f032467e0a962c8ff4492466.ts' for writing
frame=17080 fps=240 q=28.0 size=N/A time=00:11:48.41 bitrate=N/A speed=9.95x    
[hls @ 0xaaaad8303420] Opening '/config/cache/transcodes/e29222e76729f032467e0a962c8ff4492467.ts' for writing
frame=17160 fps=239 q=28.0 size=N/A time=00:11:51.75 bitrate=N/A speed=9.93x    
[hls @ 0xaaaad8303420] Opening '/config/cache/transcodes/e29222e76729f032467e0a962c8ff4492468.ts' for writing
frame=17261 fps=239 q=28.0 size=N/A time=00:11:55.95 bitrate=N/A speed=9.92x    
[hls @ 0xaaaad8303420] Opening '/config/cache/transcodes/e29222e76729f032467e0a962c8ff4492469.ts' for writing
[hls @ 0xaaaad8303420] Opening '/config/cache/transcodes/e29222e76729f032467e0a962c8ff4492470.ts' for writing
frame=17365 fps=239 q=28.0 size=N/A time=00:12:00.29 bitrate=N/A speed=9.91x    
[hls @ 0xaaaad8303420] Opening '/config/cache/transcodes/e29222e76729f032467e0a962c8ff4492471.ts' for writing
frame=17446 fps=238 q=30.0 size=N/A time=00:12:03.66 bitrate=N/A speed=9.89x    
[hls @ 0xaaaad8303420] Opening '/config/cache/transcodes/e29222e76729f032467e0a962c8ff4492472.ts' for writing
frame=17532 fps=238 q=29.0 size=N/A time=00:12:07.25 bitrate=N/A speed=9.87x    
[hls @ 0xaaaad8303420] Opening '/config/cache/transcodes/e29222e76729f032467e0a962c8ff4492473.ts' for writing
frame=17634 fps=238 q=28.0 size=N/A time=00:12:11.50 bitrate=N/A speed=9.86x    
[hls @ 0xaaaad8303420] Opening '/config/cache/transcodes/e29222e76729f032467e0a962c8ff4492474.ts' for writing
[hls @ 0xaaaad8303420] Opening '/config/cache/transcodes/e29222e76729f032467e0a962c8ff4492475.ts' for writing
frame=17730 fps=237 q=28.0 size=N/A time=00:12:15.50 bitrate=N/A speed=9.85x    
[hls @ 0xaaaad8303420] Opening '/config/cache/transcodes/e29222e76729f032467e0a962c8ff4492476.ts' for writing
frame=17821 fps=237 q=28.0 size=N/A time=00:12:19.29 bitrate=N/A speed=9.83x    
[hls @ 0xaaaad8303420] Opening '/config/cache/transcodes/e29222e76729f032467e0a962c8ff4492477.ts' for writing
[hls @ 0xaaaad8303420] Opening '/config/cache/transcodes/e29222e76729f032467e0a962c8ff4492478.ts' for writing
frame=17932 fps=237 q=28.0 size=N/A time=00:12:23.91 bitrate=N/A speed=9.83x    
[hls @ 0xaaaad8303420] Opening '/config/cache/transcodes/e29222e76729f032467e0a962c8ff4492479.ts' for writing
frame=18036 fps=237 q=28.0 size=N/A time=00:12:28.25 bitrate=N/A speed=9.82x    
[hls @ 0xaaaad8303420] Opening '/config/cache/transcodes/e29222e76729f032467e0a962c8ff4492480.ts' for writing
frame=18142 fps=237 q=28.0 size=N/A time=00:12:32.66 bitrate=N/A speed=9.81x    
[hls @ 0xaaaad8303420] Opening '/config/cache/transcodes/e29222e76729f032467e0a962c8ff4492481.ts' for writing
[hls @ 0xaaaad8303420] Opening '/config/cache/transcodes/e29222e76729f032467e0a962c8ff4492482.ts' for writing
frame=18261 fps=237 q=28.0 size=N/A time=00:12:37.62 bitrate=N/A speed=9.81x    
[hls @ 0xaaaad8303420] Opening '/config/cache/transcodes/e29222e76729f032467e0a962c8ff4492483.ts' for writing
[hls @ 0xaaaad8303420] Opening '/config/cache/transcodes/e29222e76729f032467e0a962c8ff4492484.ts' for writing
frame=18362 fps=236 q=28.0 size=N/A time=00:12:41.83 bitrate=N/A speed= 9.8x    
[hls @ 0xaaaad8303420] Opening '/config/cache/transcodes/e29222e76729f032467e0a962c8ff4492485.ts' for writing
frame=18462 fps=236 q=28.0 size=N/A time=00:12:46.00 bitrate=N/A speed=9.79x    
[hls @ 0xaaaad8303420] Opening '/config/cache/transcodes/e29222e76729f032467e0a962c8ff4492486.ts' for writing
frame=18559 fps=236 q=28.0 size=N/A time=00:12:50.04 bitrate=N/A speed=9.78x    
[hls @ 0xaaaad8303420] Opening '/config/cache/transcodes/e29222e76729f032467e0a962c8ff4492487.ts' for writing
[hls @ 0xaaaad8303420] Opening '/config/cache/transcodes/e29222e76729f032467e0a962c8ff4492488.ts' for writing
frame=18650 fps=235 q=28.0 size=N/A time=00:12:53.83 bitrate=N/A speed=9.77x    
[hls @ 0xaaaad8303420] Opening '/config/cache/transcodes/e29222e76729f032467e0a962c8ff4492489.ts' for writing
frame=18781 fps=236 q=28.0 size=N/A time=00:12:59.29 bitrate=N/A speed=9.78x    
[hls @ 0xaaaad8303420] Opening '/config/cache/transcodes/e29222e76729f032467e0a962c8ff4492490.ts' for writing
[hls @ 0xaaaad8303420] Opening '/config/cache/transcodes/e29222e76729f032467e0a962c8ff4492491.ts' for writing
frame=18899 fps=236 q=28.0 size=N/A time=00:13:04.20 bitrate=N/A speed=9.78x    
[hls @ 0xaaaad8303420] Opening '/config/cache/transcodes/e29222e76729f032467e0a962c8ff4492492.ts' for writing
frame=18989 fps=235 q=32.0 size=N/A time=00:13:07.95 bitrate=N/A speed=9.76x    
[hls @ 0xaaaad8303420] Opening '/config/cache/transcodes/e29222e76729f032467e0a962c8ff4492493.ts' for writing
[hls @ 0xaaaad8303420] Opening '/config/cache/transcodes/e29222e76729f032467e0a962c8ff4492494.ts' for writing
frame=19090 fps=235 q=29.0 size=N/A time=00:13:12.16 bitrate=N/A speed=9.75x    
[hls @ 0xaaaad8303420] Opening '/config/cache/transcodes/e29222e76729f032467e0a962c8ff4492495.ts' for writing
frame=19174 fps=235 q=28.0 size=N/A time=00:13:15.66 bitrate=N/A speed=9.74x    
[hls @ 0xaaaad8303420] Opening '/config/cache/transcodes/e29222e76729f032467e0a962c8ff4492496.ts' for writing
frame=19273 fps=234 q=28.0 size=N/A time=00:13:19.79 bitrate=N/A speed=9.73x    
[hls @ 0xaaaad8303420] Opening '/config/cache/transcodes/e29222e76729f032467e0a962c8ff4492497.ts' for writing
frame=19358 fps=234 q=25.0 size=N/A time=00:13:23.33 bitrate=N/A speed=9.71x    
[hls @ 0xaaaad8303420] Opening '/config/cache/transcodes/e29222e76729f032467e0a962c8ff4492498.ts' for writing
[hls @ 0xaaaad8303420] Opening '/config/cache/transcodes/e29222e76729f032467e0a962c8ff4492499.ts' for writing
frame=19458 fps=234 q=28.0 size=N/A time=00:13:27.50 bitrate=N/A speed= 9.7x    
[hls @ 0xaaaad8303420] Opening '/config/cache/transcodes/e29222e76729f032467e0a962c8ff4492500.ts' for writing
frame=19550 fps=234 q=33.0 size=N/A time=00:13:31.33 bitrate=N/A speed=9.69x    
[hls @ 0xaaaad8303420] Opening '/config/cache/transcodes/e29222e76729f032467e0a962c8ff4492501.ts' for writing
frame=19640 fps=233 q=30.0 size=N/A time=00:13:35.08 bitrate=N/A speed=9.68x    
[hls @ 0xaaaad8303420] Opening '/config/cache/transcodes/e29222e76729f032467e0a962c8ff4492502.ts' for writing
[hls @ 0xaaaad8303420] Opening '/config/cache/transcodes/e29222e76729f032467e0a962c8ff4492503.ts' for writing
frame=19770 fps=233 q=28.0 size=N/A time=00:13:40.50 bitrate=N/A speed=9.68x    
[hls @ 0xaaaad8303420] Opening '/config/cache/transcodes/e29222e76729f032467e0a962c8ff4492504.ts' for writing
frame=19861 fps=233 q=34.0 size=N/A time=00:13:44.29 bitrate=N/A speed=9.67x    
[hls @ 0xaaaad8303420] Opening '/config/cache/transcodes/e29222e76729f032467e0a962c8ff4492505.ts' for writing
[hls @ 0xaaaad8303420] Opening '/config/cache/transcodes/e29222e76729f032467e0a962c8ff4492506.ts' for writing
frame=19971 fps=233 q=28.0 size=N/A time=00:13:48.87 bitrate=N/A speed=9.67x    
[hls @ 0xaaaad8303420] Opening '/config/cache/transcodes/e29222e76729f032467e0a962c8ff4492507.ts' for writing
[hls @ 0xaaaad8303420] Opening '/config/cache/transcodes/e29222e76729f032467e0a962c8ff4492508.ts' for writing
frame=20098 fps=233 q=28.0 size=N/A time=00:13:54.16 bitrate=N/A speed=9.67x    
[hls @ 0xaaaad8303420] Opening '/config/cache/transcodes/e29222e76729f032467e0a962c8ff4492509.ts' for writing
frame=20199 fps=233 q=28.0 size=N/A time=00:13:58.37 bitrate=N/A speed=9.67x    
[hls @ 0xaaaad8303420] Opening '/config/cache/transcodes/e29222e76729f032467e0a962c8ff4492510.ts' for writing
[hls @ 0xaaaad8303420] Opening '/config/cache/transcodes/e29222e76729f032467e0a962c8ff4492511.ts' for writing
frame=20338 fps=233 q=28.0 size=N/A time=00:14:04.16 bitrate=N/A speed=9.68x    
[hls @ 0xaaaad8303420] Opening '/config/cache/transcodes/e29222e76729f032467e0a962c8ff4492512.ts' for writing
[hls @ 0xaaaad8303420] Opening '/config/cache/transcodes/e29222e76729f032467e0a962c8ff4492513.ts' for writing
frame=20462 fps=233 q=28.0 size=N/A time=00:14:09.33 bitrate=N/A speed=9.68x    
[hls @ 0xaaaad8303420] Opening '/config/cache/transcodes/e29222e76729f032467e0a962c8ff4492514.ts' for writing
frame=20581 fps=233 q=28.0 size=N/A time=00:14:14.29 bitrate=N/A speed=9.68x    
[hls @ 0xaaaad8303420] Opening '/config/cache/transcodes/e29222e76729f032467e0a962c8ff4492515.ts' for writing
[hls @ 0xaaaad8303420] Opening '/config/cache/transcodes/e29222e76729f032467e0a962c8ff4492516.ts' for writing
frame=20702 fps=233 q=28.0 size=N/A time=00:14:19.33 bitrate=N/A speed=9.68x    
[hls @ 0xaaaad8303420] Opening '/config/cache/transcodes/e29222e76729f032467e0a962c8ff4492517.ts' for writing
[hls @ 0xaaaad8303420] Opening '/config/cache/transcodes/e29222e76729f032467e0a962c8ff4492518.ts' for writing
frame=20813 fps=233 q=28.0 size=N/A time=00:14:23.95 bitrate=N/A speed=9.68x    
[hls @ 0xaaaad8303420] Opening '/config/cache/transcodes/e29222e76729f032467e0a962c8ff4492519.ts' for writing
[hls @ 0xaaaad8303420] Opening '/config/cache/transcodes/e29222e76729f032467e0a962c8ff4492520.ts' for writing
frame=20953 fps=233 q=28.0 size=N/A time=00:14:29.83 bitrate=N/A speed=9.69x    
[hls @ 0xaaaad8303420] Opening '/config/cache/transcodes/e29222e76729f032467e0a962c8ff4492521.ts' for writing
frame=21055 fps=233 q=28.0 size=N/A time=00:14:34.04 bitrate=N/A speed=9.69x    
[hls @ 0xaaaad8303420] Opening '/config/cache/transcodes/e29222e76729f032467e0a962c8ff4492522.ts' for writing
frame=21164 fps=233 q=28.0 size=N/A time=00:14:38.58 bitrate=N/A speed=9.68x    
[hls @ 0xaaaad8303420] Opening '/config/cache/transcodes/e29222e76729f032467e0a962c8ff4492523.ts' for writing
[hls @ 0xaaaad8303420] Opening '/config/cache/transcodes/e29222e76729f032467e0a962c8ff4492524.ts' for writing
frame=21269 fps=233 q=28.0 size=N/A time=00:14:42.95 bitrate=N/A speed=9.68x    
[hls @ 0xaaaad8303420] Opening '/config/cache/transcodes/e29222e76729f032467e0a962c8ff4492525.ts' for writing
[hls @ 0xaaaad8303420] Opening '/config/cache/transcodes/e29222e76729f032467e0a962c8ff4492526.ts' for writing
frame=21390 fps=233 q=28.0 size=N/A time=00:14:48.00 bitrate=N/A speed=9.68x    
[hls @ 0xaaaad8303420] Opening '/config/cache/transcodes/e29222e76729f032467e0a962c8ff4492527.ts' for writing
frame=21486 fps=233 q=28.0 size=N/A time=00:14:52.00 bitrate=N/A speed=9.67x    
[hls @ 0xaaaad8303420] Opening '/config/cache/transcodes/e29222e76729f032467e0a962c8ff4492528.ts' for writing
frame=21587 fps=233 q=28.0 size=N/A time=00:14:56.20 bitrate=N/A speed=9.66x    
[hls @ 0xaaaad8303420] Opening '/config/cache/transcodes/e29222e76729f032467e0a962c8ff4492529.ts' for writing
[hls @ 0xaaaad8303420] Opening '/config/cache/transcodes/e29222e76729f032467e0a962c8ff4492530.ts' for writing
frame=21683 fps=233 q=28.0 size=N/A time=00:15:00.20 bitrate=N/A speed=9.65x    
[hls @ 0xaaaad8303420] Opening '/config/cache/transcodes/e29222e76729f032467e0a962c8ff4492531.ts' for writing
frame=21779 fps=232 q=33.0 size=N/A time=00:15:04.20 bitrate=N/A speed=9.65x    
[hls @ 0xaaaad8303420] Opening '/config/cache/transcodes/e29222e76729f032467e0a962c8ff4492532.ts' for writing


[q] command received. Exiting.

[hls @ 0xaaaad8303420] Opening '/config/cache/transcodes/e29222e76729f032467e0a962c8ff4492533.ts' for writing
[hls @ 0xaaaad8303420] Opening '/config/cache/transcodes/e29222e76729f032467e0a962c8ff4492534.ts' for writing
[out#0/hls @ 0xaaaad8304b40] video:542764KiB audio:28737KiB subtitle:0KiB other streams:0KiB global headers:0KiB muxing overhead: unknown
frame=21936 fps=232 q=-1.0 Lsize=N/A time=00:15:10.65 bitrate=N/A dup=1 drop=0 speed=9.64x    
[libx264 @ 0xaaaad827a1b0] frame I:305   Avg QP:20.23  size: 82292
[libx264 @ 0xaaaad827a1b0] frame P:6365  Avg QP:23.30  size: 41378
[libx264 @ 0xaaaad827a1b0] frame B:15266 Avg QP:25.69  size: 17511
[libx264 @ 0xaaaad827a1b0] consecutive B-frames:  5.0%  4.6%  6.1% 84.3%
[libx264 @ 0xaaaad827a1b0] mb I  I16..4: 14.2% 55.8% 30.0%
[libx264 @ 0xaaaad827a1b0] mb P  I16..4: 13.2% 41.2%  6.8%  P16..4: 15.3%  8.7%  4.0%  0.0%  0.0%    skip:10.8%
[libx264 @ 0xaaaad827a1b0] mb B  I16..4:  3.6% 11.2%  0.9%  B16..8: 20.9%  9.3%  1.1%  direct: 8.3%  skip:44.6%  L0:42.1% L1:44.2% BI:13.8%
[libx264 @ 0xaaaad827a1b0] 8x8 transform intra:68.1% inter:48.8%
[libx264 @ 0xaaaad827a1b0] coded y,uvDC,uvAC intra: 44.4% 67.8% 23.5% inter: 9.7% 25.8% 1.2%
[libx264 @ 0xaaaad827a1b0] i16 v,h,dc,p: 33% 27% 12% 28%
[libx264 @ 0xaaaad827a1b0] i8 v,h,dc,ddl,ddr,vr,hd,vl,hu: 16% 17% 17%  5% 10%  8%  9%  7% 10%
[libx264 @ 0xaaaad827a1b0] i4 v,h,dc,ddl,ddr,vr,hd,vl,hu: 21% 23% 13%  5% 10%  6%  7%  6%  9%
[libx264 @ 0xaaaad827a1b0] i8c dc,h,v,p: 33% 25% 22% 20%
[libx264 @ 0xaaaad827a1b0] Weighted P-Frames: Y:14.4% UV:10.3%
[libx264 @ 0xaaaad827a1b0] kb/s:4864.68