{"Protocol":0,"Id":"50a8ef6508e171600e4c610ef4c6aab1","Path":"/data/media/movies/Ne Zha (2019)/[Anime Land] Ne Zha (2019) (Dual Audio) (UHD BDRip 1080p HEVC HDR10 DTS\u002BAC3) CHINESE [AAB64623].mkv","EncoderPath":null,"EncoderProtocol":null,"Type":0,"Container":"mkv","Size":5711117507,"Name":"[Anime Land] Ne Zha (2019) (Dual Audio) (UHD BDRip 1080p HEVC HDR10 DTS\u002BAC3) CHINESE [AAB64623]","IsRemote":false,"ETag":"8e425c477f02cb3d2f614f69c9866891","RunTimeTicks":66075310000,"ReadAtNativeFramerate":false,"IgnoreDts":false,"IgnoreIndex":false,"GenPtsInput":false,"SupportsTranscoding":true,"SupportsDirectStream":true,"SupportsDirectPlay":true,"IsInfiniteStream":false,"UseMostCompatibleTranscodingProfile":false,"RequiresOpening":false,"OpenToken":null,"RequiresClosing":false,"LiveStreamId":null,"BufferMs":null,"RequiresLooping":false,"SupportsProbing":true,"VideoType":0,"IsoType":null,"Video3DFormat":null,"MediaStreams":[{"Codec":"hevc","CodecTag":null,"Language":"zho","ColorRange":null,"ColorSpace":"bt2020nc","ColorTransfer":"smpte2084","ColorPrimaries":"bt2020","DvVersionMajor":null,"DvVersionMinor":null,"DvProfile":null,"DvLevel":null,"RpuPresentFlag":null,"ElPresentFlag":null,"BlPresentFlag":null,"DvBlSignalCompatibilityId":null,"Rotation":null,"Comment":null,"TimeBase":"1/1000","CodecTimeBase":null,"Title":"X265 HDR10 1080p By Omar","Hdr10PlusPresentFlag":null,"VideoRange":2,"VideoRangeType":2,"VideoDoViTitle":null,"AudioSpatialFormat":0,"LocalizedUndefined":null,"LocalizedDefault":null,"LocalizedForced":null,"LocalizedExternal":null,"LocalizedHearingImpaired":null,"DisplayTitle":"X265 HDR10 1080p By Omar - HEVC","NalLengthSize":null,"IsInterlaced":false,"IsAVC":false,"ChannelLayout":null,"BitRate":6914676,"BitDepth":10,"RefFrames":1,"PacketLength":null,"Channels":null,"SampleRate":null,"IsDefault":true,"IsForced":false,"IsHearingImpaired":false,"Height":804,"Width":1920,"AverageFrameRate":24,"RealFrameRate":24,"ReferenceFrameRate":24,"Profile":"Main 10","Type":1,"AspectRatio":"2.40:1","Index":0,"Score":null,"IsExternal":false,"DeliveryMethod":null,"DeliveryUrl":null,"IsExternalUrl":null,"IsTextSubtitleStream":false,"SupportsExternalStream":false,"Path":null,"PixelFormat":"yuv420p10le","Level":153,"IsAnamorphic":false},{"Codec":"dts","CodecTag":null,"Language":"zho","ColorRange":null,"ColorSpace":null,"ColorTransfer":null,"ColorPrimaries":null,"DvVersionMajor":null,"DvVersionMinor":null,"DvProfile":null,"DvLevel":null,"RpuPresentFlag":null,"ElPresentFlag":null,"BlPresentFlag":null,"DvBlSignalCompatibilityId":null,"Rotation":null,"Comment":null,"TimeBase":"1/1000","CodecTimeBase":null,"Title":"DTS Core 1509 Kbps 5.1 (Untouched)","Hdr10PlusPresentFlag":null,"VideoRange":0,"VideoRangeType":0,"VideoDoViTitle":null,"AudioSpatialFormat":0,"LocalizedUndefined":null,"LocalizedDefault":"Default","LocalizedForced":null,"LocalizedExternal":"External","LocalizedHearingImpaired":null,"DisplayTitle":"DTS Core 1509 Kbps 5.1 (Untouched) - Chinese - Default","NalLengthSize":null,"IsInterlaced":false,"IsAVC":false,"ChannelLayout":"5.1","BitRate":1536000,"BitDepth":null,"RefFrames":null,"PacketLength":null,"Channels":6,"SampleRate":48000,"IsDefault":true,"IsForced":false,"IsHearingImpaired":false,"Height":null,"Width":null,"AverageFrameRate":null,"RealFrameRate":null,"ReferenceFrameRate":null,"Profile":"DTS","Type":0,"AspectRatio":null,"Index":1,"Score":null,"IsExternal":false,"DeliveryMethod":null,"DeliveryUrl":null,"IsExternalUrl":null,"IsTextSubtitleStream":false,"SupportsExternalStream":false,"Path":null,"PixelFormat":null,"Level":0,"IsAnamorphic":null},{"Codec":"ac3","CodecTag":null,"Language":"eng","ColorRange":null,"ColorSpace":null,"ColorTransfer":null,"ColorPrimaries":null,"DvVersionMajor":null,"DvVersionMinor":null,"DvProfile":null,"DvLevel":null,"RpuPresentFlag":null,"ElPresentFlag":null,"BlPresentFlag":null,"DvBlSignalCompatibilityId":null,"Rotation":null,"Comment":null,"TimeBase":"1/1000","CodecTimeBase":null,"Title":"AC3 640 Kbps 5.1 (Untouched)","Hdr10PlusPresentFlag":null,"VideoRange":0,"VideoRangeType":0,"VideoDoViTitle":null,"AudioSpatialFormat":0,"LocalizedUndefined":null,"LocalizedDefault":"Default","LocalizedForced":null,"LocalizedExternal":"External","LocalizedHearingImpaired":null,"DisplayTitle":"AC3 640 Kbps 5.1 (Untouched) - English - Dolby Digital","NalLengthSize":null,"IsInterlaced":false,"IsAVC":false,"ChannelLayout":"5.1","BitRate":640000,"BitDepth":null,"RefFrames":null,"PacketLength":null,"Channels":6,"SampleRate":48000,"IsDefault":false,"IsForced":false,"IsHearingImpaired":false,"Height":null,"Width":null,"AverageFrameRate":null,"RealFrameRate":null,"ReferenceFrameRate":null,"Profile":null,"Type":0,"AspectRatio":null,"Index":2,"Score":null,"IsExternal":false,"DeliveryMethod":null,"DeliveryUrl":null,"IsExternalUrl":null,"IsTextSubtitleStream":false,"SupportsExternalStream":false,"Path":null,"PixelFormat":null,"Level":0,"IsAnamorphic":null},{"Codec":"PGSSUB","CodecTag":null,"Language":"eng","ColorRange":null,"ColorSpace":null,"ColorTransfer":null,"ColorPrimaries":null,"DvVersionMajor":null,"DvVersionMinor":null,"DvProfile":null,"DvLevel":null,"RpuPresentFlag":null,"ElPresentFlag":null,"BlPresentFlag":null,"DvBlSignalCompatibilityId":null,"Rotation":null,"Comment":null,"TimeBase":"1/1000","CodecTimeBase":null,"Title":"ENGLISH-PGS Sub 1 (Untouched)","Hdr10PlusPresentFlag":null,"VideoRange":0,"VideoRangeType":0,"VideoDoViTitle":null,"AudioSpatialFormat":0,"LocalizedUndefined":"Undefined","LocalizedDefault":"Default","LocalizedForced":"Forced","LocalizedExternal":"External","LocalizedHearingImpaired":"Hearing Impaired","DisplayTitle":"ENGLISH-PGS Sub 1 (Untouched) - Default - PGSSUB","NalLengthSize":null,"IsInterlaced":false,"IsAVC":false,"ChannelLayout":null,"BitRate":null,"BitDepth":null,"RefFrames":null,"PacketLength":null,"Channels":null,"SampleRate":null,"IsDefault":true,"IsForced":false,"IsHearingImpaired":false,"Height":1080,"Width":1920,"AverageFrameRate":null,"RealFrameRate":null,"ReferenceFrameRate":null,"Profile":null,"Type":2,"AspectRatio":null,"Index":3,"Score":null,"IsExternal":false,"DeliveryMethod":null,"DeliveryUrl":null,"IsExternalUrl":null,"IsTextSubtitleStream":false,"SupportsExternalStream":true,"Path":null,"PixelFormat":null,"Level":0,"IsAnamorphic":null},{"Codec":"PGSSUB","CodecTag":null,"Language":"eng","ColorRange":null,"ColorSpace":null,"ColorTransfer":null,"ColorPrimaries":null,"DvVersionMajor":null,"DvVersionMinor":null,"DvProfile":null,"DvLevel":null,"RpuPresentFlag":null,"ElPresentFlag":null,"BlPresentFlag":null,"DvBlSignalCompatibilityId":null,"Rotation":null,"Comment":null,"TimeBase":"1/1000","CodecTimeBase":null,"Title":"ENGLISH-PGS Sub 2 (Untouched)","Hdr10PlusPresentFlag":null,"VideoRange":0,"VideoRangeType":0,"VideoDoViTitle":null,"AudioSpatialFormat":0,"LocalizedUndefined":"Undefined","LocalizedDefault":"Default","LocalizedForced":"Forced","LocalizedExternal":"External","LocalizedHearingImpaired":"Hearing Impaired","DisplayTitle":"ENGLISH-PGS Sub 2 (Untouched) - PGSSUB","NalLengthSize":null,"IsInterlaced":false,"IsAVC":false,"ChannelLayout":null,"BitRate":null,"BitDepth":null,"RefFrames":null,"PacketLength":null,"Channels":null,"SampleRate":null,"IsDefault":false,"IsForced":false,"IsHearingImpaired":false,"Height":1080,"Width":1920,"AverageFrameRate":null,"RealFrameRate":null,"ReferenceFrameRate":null,"Profile":null,"Type":2,"AspectRatio":null,"Index":4,"Score":null,"IsExternal":false,"DeliveryMethod":null,"DeliveryUrl":null,"IsExternalUrl":null,"IsTextSubtitleStream":false,"SupportsExternalStream":true,"Path":null,"PixelFormat":null,"Level":0,"IsAnamorphic":null}],"MediaAttachments":[],"Formats":[],"Bitrate":9090676,"FallbackMaxStreamingBitrate":null,"Timestamp":null,"RequiredHttpHeaders":{},"TranscodingUrl":null,"TranscodingSubProtocol":0,"TranscodingContainer":null,"AnalyzeDurationMs":null,"DefaultAudioStreamIndex":null,"DefaultSubtitleStreamIndex":null,"HasSegments":false}

/usr/lib/jellyfin-ffmpeg/ffmpeg -analyzeduration 200M -probesize 1G  -canvas_size 1920x1080 -i file:"/data/media/movies/Ne Zha (2019)/[Anime Land] Ne Zha (2019) (Dual Audio) (UHD BDRip 1080p HEVC HDR10 DTS+AC3) CHINESE [AAB64623].mkv" -map_metadata -1 -map_chapters -1 -threads 0 -map 0:0 -map 0:1 -map -0:0 -codec:v:0 libx264 -preset veryfast -crf 23 -maxrate 11524460 -bufsize 23048920 -profile:v:0 high -level 51 -x264opts:0 subme=0:me_range=16:rc_lookahead=10:me=hex:open_gop=0 -force_key_frames:0 "expr:gte(t,n_forced*3)" -sc_threshold:v:0 0 -filter_complex "[0:3]scale,scale=-1:804:fast_bilinear,crop,pad=max(1920\,iw):max(804\,ih):(ow-iw)/2:(oh-ih)/2:black@0,crop=1920:804[sub];[0:0]setparams=color_primaries=bt2020:color_trc=smpte2084:colorspace=bt2020nc,scale=trunc(min(max(iw\,ih*a)\,min(1920\,804*a))/2)*2:trunc(min(max(iw/a\,ih)\,min(1920/a\,804))/2)*2,tonemapx=tonemap=bt2390:desat=0:peak=100:t=bt709:m=bt709:p=bt709:format=yuv420p[main];[main][sub]overlay=eof_action=pass:repeatlast=0" -start_at_zero -codec:a:0 libfdk_aac -ac 2 -ab 256000 -af "volume=2" -copyts -avoid_negative_ts disabled -max_muxing_queue_size 2048 -f hls -max_delay 5000000 -hls_time 3 -hls_segment_type fmp4 -hls_fmp4_init_filename "762975727e78cc5bd57a7b6fba84e39c-1.mp4" -start_number 0 -hls_segment_filename "/config/cache/transcodes/762975727e78cc5bd57a7b6fba84e39c%d.mp4" -hls_playlist_type vod -hls_list_size 0 -hls_segment_options movflags=+frag_discont -y "/config/cache/transcodes/762975727e78cc5bd57a7b6fba84e39c.m3u8"


ffmpeg version 7.1.3-Jellyfin Copyright (c) 2000-2025 the FFmpeg developers
  built with gcc 13 (Ubuntu 13.3.0-6ubuntu2~24.04.1)
  configuration: --prefix=/usr/lib/jellyfin-ffmpeg --target-os=linux --extra-version=Jellyfin --disable-doc --disable-ffplay --disable-static --disable-libxcb --disable-sdl2 --disable-xlib --enable-lto=auto --enable-gpl --enable-version3 --enable-shared --enable-gmp --enable-gnutls --enable-chromaprint --enable-opencl --enable-libdrm --enable-libxml2 --enable-libass --enable-libfreetype --enable-libfribidi --enable-libfontconfig --enable-libharfbuzz --enable-libbluray --enable-libmp3lame --enable-libopus --enable-libtheora --enable-libvorbis --enable-libopenmpt --enable-libdav1d --enable-libsvtav1 --enable-libwebp --enable-libvpx --enable-libx264 --enable-libx265 --enable-libzvbi --enable-libzimg --enable-libfdk-aac --arch=arm64 --cross-prefix=/usr/bin/aarch64-linux-gnu- --toolchain=hardened --enable-cross-compile --enable-rkmpp --enable-rkrga --enable-ffnvcodec --enable-cuda --enable-cuda-llvm --enable-cuvid --enable-nvdec --enable-nvenc
  libavutil      59. 39.100 / 59. 39.100
  libavcodec     61. 19.101 / 61. 19.101
  libavformat    61.  7.100 / 61.  7.100
  libavdevice    61.  3.100 / 61.  3.100
  libavfilter    10.  4.100 / 10.  4.100
  libswscale      8.  3.100 /  8.  3.100
  libswresample   5.  3.100 /  5.  3.100
  libpostproc    58.  3.100 / 58.  3.100
[tonemapx @ 0xaaaade2d1a40] Using CPU capability: NEON
Input #0, matroska,webm, from 'file:/data/media/movies/Ne Zha (2019)/[Anime Land] Ne Zha (2019) (Dual Audio) (UHD BDRip 1080p HEVC HDR10 DTS+AC3) CHINESE [AAB64623].mkv':
  Metadata:
    title           : [Anime Land] Ne Zha (2019) (Dual Audio) (UHD BDRip 1080p HEVC HDR10 DTS+AC3) CHINESE [Encode By Omar]
    encoder         : libebml v1.3.10 + libmatroska v1.5.2
    creation_time   : 2020-03-14T14:25:45.000000Z
  Duration: 01:50:07.53, start: 0.000000, bitrate: 6914 kb/s
  Chapters:
    Chapter #0:0: start 0.000000, end 356.458000
      Metadata:
        title           : Chapter 01
    Chapter #0:1: start 356.458000, end 939.958000
      Metadata:
        title           : Chapter 02
    Chapter #0:2: start 939.958000, end 1546.125000
      Metadata:
        title           : Chapter 03
    Chapter #0:3: start 1546.125000, end 2142.875000
      Metadata:
        title           : Chapter 04
    Chapter #0:4: start 2142.875000, end 2510.208000
      Metadata:
        title           : Chapter 05
    Chapter #0:5: start 2510.208000, end 3131.833000
      Metadata:
        title           : Chapter 06
    Chapter #0:6: start 3131.833000, end 3658.917000
      Metadata:
        title           : Chapter 07
    Chapter #0:7: start 3658.917000, end 4097.250000
      Metadata:
        title           : Chapter 08
    Chapter #0:8: start 4097.250000, end 4595.167000
      Metadata:
        title           : Chapter 09
    Chapter #0:9: start 4595.167000, end 5045.667000
      Metadata:
        title           : Chapter 10
    Chapter #0:10: start 5045.667000, end 6202.500000
      Metadata:
        title           : Chapter 11
    Chapter #0:11: start 6202.500000, end 6607.531000
      Metadata:
        title           : Chapter 12
  Stream #0:0(chi): Video: hevc (Main 10), yuv420p10le(tv, bt2020nc/bt2020/smpte2084), 1920x804, SAR 1:1 DAR 160:67, 24 fps, 24 tbr, 1k tbn (default)
      Metadata:
        title           : X265 HDR10 1080p By Omar
        BPS-eng         : 4729774
        DURATION-eng    : 01:50:07.500000000
        NUMBER_OF_FRAMES-eng: 158580
        NUMBER_OF_BYTES-eng: 3906497933
        _STATISTICS_WRITING_APP-eng: mkvmerge v43.0.0 ('The Quartermaster') 64-bit
        _STATISTICS_WRITING_DATE_UTC-eng: 2020-03-14 14:25:45
        _STATISTICS_TAGS-eng: BPS DURATION NUMBER_OF_FRAMES NUMBER_OF_BYTES
  Stream #0:1(chi): Audio: dts (dca) (DTS), 48000 Hz, 5.1(side), fltp, 1536 kb/s (default)
      Metadata:
        title           : DTS Core 1509 Kbps 5.1 (Untouched)
        BPS-eng         : 1508999
        DURATION-eng    : 01:50:07.531000000
        NUMBER_OF_FRAMES-eng: 619456
        NUMBER_OF_BYTES-eng: 1246345472
        _STATISTICS_WRITING_APP-eng: mkvmerge v43.0.0 ('The Quartermaster') 64-bit
        _STATISTICS_WRITING_DATE_UTC-eng: 2020-03-14 14:25:45
        _STATISTICS_TAGS-eng: BPS DURATION NUMBER_OF_FRAMES NUMBER_OF_BYTES
  Stream #0:2(eng): Audio: ac3, 48000 Hz, 5.1(side), fltp, 640 kb/s
      Metadata:
        title           : AC3 640 Kbps 5.1 (Untouched)
        BPS-eng         : 640000
        DURATION-eng    : 01:50:07.520000000
        NUMBER_OF_FRAMES-eng: 206485
        NUMBER_OF_BYTES-eng: 528601600
        _STATISTICS_WRITING_APP-eng: mkvmerge v43.0.0 ('The Quartermaster') 64-bit
        _STATISTICS_WRITING_DATE_UTC-eng: 2020-03-14 14:25:45
        _STATISTICS_TAGS-eng: BPS DURATION NUMBER_OF_FRAMES NUMBER_OF_BYTES
  Stream #0:3(eng): Subtitle: hdmv_pgs_subtitle (pgssub), 1920x1080 (default)
      Metadata:
        title           : ENGLISH-PGS Sub 1 (Untouched)
        BPS-eng         : 47221
        DURATION-eng    : 01:47:53.292000000
        NUMBER_OF_FRAMES-eng: 2940
        NUMBER_OF_BYTES-eng: 38210158
        _STATISTICS_WRITING_APP-eng: mkvmerge v43.0.0 ('The Quartermaster') 64-bit
        _STATISTICS_WRITING_DATE_UTC-eng: 2020-03-14 14:25:45
        _STATISTICS_TAGS-eng: BPS DURATION NUMBER_OF_FRAMES NUMBER_OF_BYTES
  Stream #0:4(eng): Subtitle: hdmv_pgs_subtitle (pgssub), 1920x1080
      Metadata:
        title           : ENGLISH-PGS Sub 2 (Untouched)
        BPS-eng         : 35237
        DURATION-eng    : 01:47:52.583000000
        NUMBER_OF_FRAMES-eng: 2451
        NUMBER_OF_BYTES-eng: 28509671
        _STATISTICS_WRITING_APP-eng: mkvmerge v43.0.0 ('The Quartermaster') 64-bit
        _STATISTICS_WRITING_DATE_UTC-eng: 2020-03-14 14:25:45
        _STATISTICS_TAGS-eng: BPS DURATION NUMBER_OF_FRAMES NUMBER_OF_BYTES
Stream mapping:
  Stream #0:0 (hevc) -> setparams:default
  Stream #0:3 (pgssub) -> scale:default
  overlay:default -> Stream #0:0 (libx264)
  Stream #0:1 -> #0:1 (dts (dca) -> aac (libfdk_aac))
Press [q] to stop, [?] for help
[tonemapx @ 0xffff7c03b630] Using CPU capability: NEON
[libx264 @ 0xaaaade2c34a0] using SAR=960/959
[libx264 @ 0xaaaade2c34a0] using cpu capabilities: ARMv8 NEON
[libx264 @ 0xaaaade2c34a0] profile High, level 5.1, 4:2:0, 8-bit
[libx264 @ 0xaaaade2c34a0] 264 - core 164 r3108 31e19f9 - H.264/MPEG-4 AVC codec - Copyleft 2003-2023 - http://www.videolan.org/x264.html - options: cabac=1 ref=1 deblock=1:0:0 analyse=0x3:0x113 me=hex subme=0 psy=1 psy_rd=1.00:0.00 mixed_ref=0 me_range=16 chroma_me=1 trellis=0 8x8dct=1 cqm=0 deadzone=21,11 fast_pskip=1 chroma_qp_offset=0 threads=12 lookahead_threads=2 sliced_threads=0 nr=0 decimate=1 interlaced=0 bluray_compat=0 constrained_intra=0 bframes=3 b_pyramid=2 b_adapt=1 b_bias=0 direct=1 weightb=1 open_gop=0 weightp=1 keyint=250 keyint_min=24 scenecut=0 intra_refresh=0 rc_lookahead=10 rc=crf mbtree=1 crf=23.0 qcomp=0.60 qpmin=0 qpmax=69 qpstep=4 vbv_maxrate=11524 vbv_bufsize=23048 crf_max=0.0 nal_hrd=none filler=0 ip_ratio=1.40 aq=1:1.00
[hls @ 0xaaaade2d6f10] Opening '/config/cache/transcodes/762975727e78cc5bd57a7b6fba84e39c-1.mp4' for writing
Output #0, hls, to '/config/cache/transcodes/762975727e78cc5bd57a7b6fba84e39c.m3u8':
  Metadata:
    encoder         : Lavf61.7.100
  Stream #0:0: Video: h264, yuv420p(tv, bt709, progressive), 1918x804 [SAR 960:959 DAR 160:67], q=2-31, 24 fps, 12288 tbn
      Metadata:
        encoder         : Lavc61.19.101 libx264
      Side data:
        cpb: bitrate max/min/avg: 11524000/0/0 buffer size: 23048000 vbv_delay: N/A
  Stream #0:1: Audio: aac, 48000 Hz, stereo, s16, 256 kb/s (default)
      Metadata:
        encoder         : Lavc61.19.101 libfdk_aac
      Side data:
        cpb: bitrate max/min/avg: 256000/256000/256000 buffer size: 0 vbv_delay: N/A
frame=   19 fps=0.0 q=28.0 size=N/A time=00:00:00.00 bitrate=N/A speed=   0x    
frame=   71 fps= 71 q=28.0 size=N/A time=00:00:02.16 bitrate=N/A speed=2.16x    
[hls @ 0xaaaade2d6f10] Opening '/config/cache/transcodes/762975727e78cc5bd57a7b6fba84e39c0.mp4' for writing
frame=  121 fps= 80 q=28.0 size=N/A time=00:00:04.25 bitrate=N/A speed=2.83x    
[hls @ 0xaaaade2d6f10] Opening '/config/cache/transcodes/762975727e78cc5bd57a7b6fba84e39c1.mp4' for writing
frame=  176 fps= 88 q=28.0 size=N/A time=00:00:06.54 bitrate=N/A speed=3.26x    
[hls @ 0xaaaade2d6f10] Opening '/config/cache/transcodes/762975727e78cc5bd57a7b6fba84e39c2.mp4' for writing
[mp4 @ 0xffff7c870860] Packet duration: -16 / dts: 428024 is out of range
frame=  238 fps= 95 q=28.0 size=N/A time=00:00:09.16 bitrate=N/A speed=3.66x    
[hls @ 0xaaaade2d6f10] Opening '/config/cache/transcodes/762975727e78cc5bd57a7b6fba84e39c3.mp4' for writing
frame=  297 fps= 99 q=28.0 size=N/A time=00:00:11.58 bitrate=N/A speed=3.85x    
frame=  343 fps= 98 q=28.0 size=N/A time=00:00:13.50 bitrate=N/A speed=3.85x    
[hls @ 0xaaaade2d6f10] Opening '/config/cache/transcodes/762975727e78cc5bd57a7b6fba84e39c4.mp4' for writing
frame=  389 fps= 97 q=28.0 size=N/A time=00:00:15.41 bitrate=N/A speed=3.85x    
[hls @ 0xaaaade2d6f10] Opening '/config/cache/transcodes/762975727e78cc5bd57a7b6fba84e39c5.mp4' for writing
frame=  436 fps= 97 q=28.0 size=N/A time=00:00:17.37 bitrate=N/A speed=3.85x    
frame=  480 fps= 96 q=28.0 size=N/A time=00:00:19.20 bitrate=N/A speed=3.83x    
[hls @ 0xaaaade2d6f10] Opening '/config/cache/transcodes/762975727e78cc5bd57a7b6fba84e39c6.mp4' for writing
[mp4 @ 0xffff7c870860] Packet duration: -16 / dts: 1004504 is out of range
frame=  522 fps= 95 q=28.0 size=N/A time=00:00:20.95 bitrate=N/A speed= 3.8x    
frame=  565 fps= 94 q=28.0 size=N/A time=00:00:22.75 bitrate=N/A speed=3.78x    
[hls @ 0xaaaade2d6f10] Opening '/config/cache/transcodes/762975727e78cc5bd57a7b6fba84e39c7.mp4' for writing
frame=  610 fps= 94 q=28.0 size=N/A time=00:00:24.62 bitrate=N/A speed=3.78x    
[hls @ 0xaaaade2d6f10] Opening '/config/cache/transcodes/762975727e78cc5bd57a7b6fba84e39c8.mp4' for writing
frame=  663 fps= 94 q=28.0 size=N/A time=00:00:26.83 bitrate=N/A speed=3.82x    
frame=  719 fps= 96 q=28.0 size=N/A time=00:00:29.16 bitrate=N/A speed=3.88x    
[hls @ 0xaaaade2d6f10] Opening '/config/cache/transcodes/762975727e78cc5bd57a7b6fba84e39c9.mp4' for writing
frame=  777 fps= 97 q=28.0 size=N/A time=00:00:31.58 bitrate=N/A speed=3.94x    
[hls @ 0xaaaade2d6f10] Opening '/config/cache/transcodes/762975727e78cc5bd57a7b6fba84e39c10.mp4' for writing
[hls @ 0xaaaade2d6f10] Opening '/config/cache/transcodes/762975727e78cc5bd57a7b6fba84e39c11.mp4' for writing
frame=  897 fps=105 q=28.0 size=N/A time=00:00:36.58 bitrate=N/A speed=4.29x    
[hls @ 0xaaaade2d6f10] Opening '/config/cache/transcodes/762975727e78cc5bd57a7b6fba84e39c12.mp4' for writing
frame=  971 fps=108 q=28.0 size=N/A time=00:00:39.66 bitrate=N/A speed= 4.4x    
[hls @ 0xaaaade2d6f10] Opening '/config/cache/transcodes/762975727e78cc5bd57a7b6fba84e39c13.mp4' for writing
[mp4 @ 0xffff7c870860] Packet duration: -8 / dts: 2012168 is out of range
frame= 1039 fps=109 q=28.0 size=N/A time=00:00:42.50 bitrate=N/A speed=4.46x    
[hls @ 0xaaaade2d6f10] Opening '/config/cache/transcodes/762975727e78cc5bd57a7b6fba84e39c14.mp4' for writing
[mp4 @ 0xffff7c870860] Packet duration: -16 / dts: 2156520 is out of range
frame= 1105 fps=110 q=28.0 size=N/A time=00:00:45.25 bitrate=N/A speed=4.51x    
frame= 1152 fps=109 q=28.0 size=N/A time=00:00:47.20 bitrate=N/A speed=4.49x    
[hls @ 0xaaaade2d6f10] Opening '/config/cache/transcodes/762975727e78cc5bd57a7b6fba84e39c15.mp4' for writing
frame= 1191 fps=108 q=28.0 size=N/A time=00:00:48.83 bitrate=N/A speed=4.43x    
[hls @ 0xaaaade2d6f10] Opening '/config/cache/transcodes/762975727e78cc5bd57a7b6fba84e39c16.mp4' for writing
[hls @ 0xaaaade2d6f10] Opening '/config/cache/transcodes/762975727e78cc5bd57a7b6fba84e39c17.mp4' for writing
frame= 1324 fps=110 q=28.0 size=N/A time=00:00:54.37 bitrate=N/A speed=4.52x    
[hls @ 0xaaaade2d6f10] Opening '/config/cache/transcodes/762975727e78cc5bd57a7b6fba84e39c18.mp4' for writing
frame= 1390 fps=111 q=28.0 size=N/A time=00:00:57.12 bitrate=N/A speed=4.56x    
frame= 1430 fps=110 q=25.0 size=N/A time=00:00:58.79 bitrate=N/A speed=4.51x    
[hls @ 0xaaaade2d6f10] Opening '/config/cache/transcodes/762975727e78cc5bd57a7b6fba84e39c19.mp4' for writing
frame= 1469 fps=109 q=28.0 size=N/A time=00:01:00.41 bitrate=N/A speed=4.46x    
frame= 1508 fps=107 q=28.0 size=N/A time=00:01:02.04 bitrate=N/A speed=4.42x    
[hls @ 0xaaaade2d6f10] Opening '/config/cache/transcodes/762975727e78cc5bd57a7b6fba84e39c20.mp4' for writing
frame= 1548 fps=106 q=28.0 size=N/A time=00:01:03.70 bitrate=N/A speed=4.38x    
[hls @ 0xaaaade2d6f10] Opening '/config/cache/transcodes/762975727e78cc5bd57a7b6fba84e39c21.mp4' for writing
frame= 1593 fps=106 q=28.0 size=N/A time=00:01:05.58 bitrate=N/A speed=4.36x    
frame= 1633 fps=105 q=28.0 size=N/A time=00:01:07.25 bitrate=N/A speed=4.33x    
[hls @ 0xaaaade2d6f10] Opening '/config/cache/transcodes/762975727e78cc5bd57a7b6fba84e39c22.mp4' for writing
[mp4 @ 0xffff7c870860] Packet duration: -16 / dts: 3308504 is out of range


[q] command received. Exiting.

[hls @ 0xaaaade2d6f10] Opening '/config/cache/transcodes/762975727e78cc5bd57a7b6fba84e39c23.mp4' for writing
[out#0/hls @ 0xaaaade2d8a40] video:33173KiB audio:2229KiB subtitle:0KiB other streams:0KiB global headers:0KiB muxing overhead: unknown
frame= 1711 fps=105 q=-1.0 Lsize=N/A time=00:01:10.50 bitrate=N/A speed=4.32x    
[libx264 @ 0xaaaade2c34a0] frame I:24    Avg QP:14.76  size: 61218
[libx264 @ 0xaaaade2c34a0] frame P:677   Avg QP:20.74  size: 30950
[libx264 @ 0xaaaade2c34a0] frame B:1010  Avg QP:21.52  size: 11431
[libx264 @ 0xaaaade2c34a0] consecutive B-frames: 17.0% 10.4%  7.4% 65.2%
[libx264 @ 0xaaaade2c34a0] mb I  I16..4: 52.6% 28.4% 18.9%
[libx264 @ 0xaaaade2c34a0] mb P  I16..4: 19.9% 25.1%  5.6%  P16..4:  9.9%  4.4%  2.3%  0.0%  0.0%    skip:32.8%
[libx264 @ 0xaaaade2c34a0] mb B  I16..4:  3.8%  5.8%  0.6%  B16..8: 10.1%  4.3%  0.7%  direct: 7.3%  skip:67.4%  L0:44.0% L1:43.9% BI:12.1%
[libx264 @ 0xaaaade2c34a0] 8x8 transform intra:50.2% inter:33.4%
[libx264 @ 0xaaaade2c34a0] coded y,uvDC,uvAC intra: 33.9% 46.4% 19.0% inter: 6.7% 13.8% 1.4%
[libx264 @ 0xaaaade2c34a0] i16 v,h,dc,p: 60% 18%  9% 13%
[libx264 @ 0xaaaade2c34a0] i8 v,h,dc,ddl,ddr,vr,hd,vl,hu: 18% 17% 24%  4%  9%  6%  8%  5%  8%
[libx264 @ 0xaaaade2c34a0] i4 v,h,dc,ddl,ddr,vr,hd,vl,hu: 24% 23% 15%  4%  8%  5%  6%  5%  9%
[libx264 @ 0xaaaade2c34a0] i8c dc,h,v,p: 47% 22% 21% 10%
[libx264 @ 0xaaaade2c34a0] Weighted P-Frames: Y:17.0% UV:10.9%
[libx264 @ 0xaaaade2c34a0] kb/s:3811.72