{"Protocol":0,"Id":"df07b371a368c4f750ac3bfd013b42b4","Path":"/data/media/movies/Ne Zha 2 (2025)/Ne Zha 2 2025 1080p Chinese WEB-DL HEVC x265 5.1 BONE.mkv","EncoderPath":null,"EncoderProtocol":null,"Type":0,"Container":"mkv","Size":2083164888,"Name":"Ne Zha 2 2025 1080p Chinese WEB-DL HEVC x265 5.1 BONE","IsRemote":false,"ETag":"8f7b9d4c21b953ec524d830f9a2db004","RunTimeTicks":86387410000,"ReadAtNativeFramerate":false,"IgnoreDts":false,"IgnoreIndex":false,"GenPtsInput":false,"SupportsTranscoding":true,"SupportsDirectStream":true,"SupportsDirectPlay":true,"IsInfiniteStream":false,"UseMostCompatibleTranscodingProfile":false,"RequiresOpening":false,"OpenToken":null,"RequiresClosing":false,"LiveStreamId":null,"BufferMs":null,"RequiresLooping":false,"SupportsProbing":true,"VideoType":0,"IsoType":null,"Video3DFormat":null,"MediaStreams":[{"Codec":"hevc","CodecTag":null,"Language":null,"ColorRange":null,"ColorSpace":"bt709","ColorTransfer":"bt709","ColorPrimaries":"bt709","DvVersionMajor":null,"DvVersionMinor":null,"DvProfile":null,"DvLevel":null,"RpuPresentFlag":null,"ElPresentFlag":null,"BlPresentFlag":null,"DvBlSignalCompatibilityId":null,"Rotation":null,"Comment":null,"TimeBase":"1/1000","CodecTimeBase":null,"Title":null,"Hdr10PlusPresentFlag":null,"VideoRange":1,"VideoRangeType":1,"VideoDoViTitle":null,"AudioSpatialFormat":0,"LocalizedUndefined":null,"LocalizedDefault":null,"LocalizedForced":null,"LocalizedExternal":null,"LocalizedHearingImpaired":null,"DisplayTitle":"1080p HEVC SDR","NalLengthSize":null,"IsInterlaced":false,"IsAVC":false,"ChannelLayout":null,"BitRate":1929137,"BitDepth":8,"RefFrames":1,"PacketLength":null,"Channels":null,"SampleRate":null,"IsDefault":true,"IsForced":false,"IsHearingImpaired":false,"Height":804,"Width":1920,"AverageFrameRate":24,"RealFrameRate":24,"ReferenceFrameRate":24,"Profile":"Main","Type":1,"AspectRatio":"2.40:1","Index":0,"Score":null,"IsExternal":false,"DeliveryMethod":null,"DeliveryUrl":null,"IsExternalUrl":null,"IsTextSubtitleStream":false,"SupportsExternalStream":false,"Path":null,"PixelFormat":"yuv420p","Level":120,"IsAnamorphic":false},{"Codec":"aac","CodecTag":null,"Language":"zho","ColorRange":null,"ColorSpace":null,"ColorTransfer":null,"ColorPrimaries":null,"DvVersionMajor":null,"DvVersionMinor":null,"DvProfile":null,"DvLevel":null,"RpuPresentFlag":null,"ElPresentFlag":null,"BlPresentFlag":null,"DvBlSignalCompatibilityId":null,"Rotation":null,"Comment":null,"TimeBase":"1/1000","CodecTimeBase":null,"Title":"\u675C\u6BD4\u97F3\u6548,\u666E\u901A\u8BDD","Hdr10PlusPresentFlag":null,"VideoRange":0,"VideoRangeType":0,"VideoDoViTitle":null,"AudioSpatialFormat":0,"LocalizedUndefined":null,"LocalizedDefault":"Default","LocalizedForced":null,"LocalizedExternal":"External","LocalizedHearingImpaired":null,"DisplayTitle":"\u675C\u6BD4\u97F3\u6548,\u666E\u901A\u8BDD - Chinese - AAC - 5.1 - Default","NalLengthSize":null,"IsInterlaced":false,"IsAVC":false,"ChannelLayout":"5.1","BitRate":320000,"BitDepth":null,"RefFrames":null,"PacketLength":null,"Channels":6,"SampleRate":48000,"IsDefault":true,"IsForced":false,"IsHearingImpaired":false,"Height":null,"Width":null,"AverageFrameRate":null,"RealFrameRate":null,"ReferenceFrameRate":null,"Profile":"LC","Type":0,"AspectRatio":null,"Index":1,"Score":null,"IsExternal":false,"DeliveryMethod":null,"DeliveryUrl":null,"IsExternalUrl":null,"IsTextSubtitleStream":false,"SupportsExternalStream":false,"Path":null,"PixelFormat":null,"Level":0,"IsAnamorphic":null},{"Codec":"ass","CodecTag":null,"Language":"eng","ColorRange":null,"ColorSpace":null,"ColorTransfer":null,"ColorPrimaries":null,"DvVersionMajor":null,"DvVersionMinor":null,"DvProfile":null,"DvLevel":null,"RpuPresentFlag":null,"ElPresentFlag":null,"BlPresentFlag":null,"DvBlSignalCompatibilityId":null,"Rotation":null,"Comment":null,"TimeBase":"1/1000","CodecTimeBase":null,"Title":null,"Hdr10PlusPresentFlag":null,"VideoRange":0,"VideoRangeType":0,"VideoDoViTitle":null,"AudioSpatialFormat":0,"LocalizedUndefined":"Undefined","LocalizedDefault":"Default","LocalizedForced":"Forced","LocalizedExternal":"External","LocalizedHearingImpaired":"Hearing Impaired","DisplayTitle":"English - ASS","NalLengthSize":null,"IsInterlaced":false,"IsAVC":false,"ChannelLayout":null,"BitRate":null,"BitDepth":null,"RefFrames":null,"PacketLength":null,"Channels":null,"SampleRate":null,"IsDefault":false,"IsForced":false,"IsHearingImpaired":false,"Height":0,"Width":0,"AverageFrameRate":null,"RealFrameRate":null,"ReferenceFrameRate":null,"Profile":null,"Type":2,"AspectRatio":null,"Index":2,"Score":null,"IsExternal":false,"DeliveryMethod":null,"DeliveryUrl":null,"IsExternalUrl":null,"IsTextSubtitleStream":true,"SupportsExternalStream":true,"Path":null,"PixelFormat":null,"Level":0,"IsAnamorphic":null},{"Codec":"ass","CodecTag":null,"Language":"zho","ColorRange":null,"ColorSpace":null,"ColorTransfer":null,"ColorPrimaries":null,"DvVersionMajor":null,"DvVersionMinor":null,"DvProfile":null,"DvLevel":null,"RpuPresentFlag":null,"ElPresentFlag":null,"BlPresentFlag":null,"DvBlSignalCompatibilityId":null,"Rotation":null,"Comment":null,"TimeBase":"1/1000","CodecTimeBase":null,"Title":"\u7B80\u4F53\u4E2D\u6587","Hdr10PlusPresentFlag":null,"VideoRange":0,"VideoRangeType":0,"VideoDoViTitle":null,"AudioSpatialFormat":0,"LocalizedUndefined":"Undefined","LocalizedDefault":"Default","LocalizedForced":"Forced","LocalizedExternal":"External","LocalizedHearingImpaired":"Hearing Impaired","DisplayTitle":"\u7B80\u4F53\u4E2D\u6587 - Chinese - ASS","NalLengthSize":null,"IsInterlaced":false,"IsAVC":false,"ChannelLayout":null,"BitRate":null,"BitDepth":null,"RefFrames":null,"PacketLength":null,"Channels":null,"SampleRate":null,"IsDefault":false,"IsForced":false,"IsHearingImpaired":false,"Height":0,"Width":0,"AverageFrameRate":null,"RealFrameRate":null,"ReferenceFrameRate":null,"Profile":null,"Type":2,"AspectRatio":null,"Index":3,"Score":null,"IsExternal":false,"DeliveryMethod":null,"DeliveryUrl":null,"IsExternalUrl":null,"IsTextSubtitleStream":true,"SupportsExternalStream":true,"Path":null,"PixelFormat":null,"Level":0,"IsAnamorphic":null}],"MediaAttachments":[],"Formats":[],"Bitrate":2249137,"FallbackMaxStreamingBitrate":null,"Timestamp":null,"RequiredHttpHeaders":{},"TranscodingUrl":null,"TranscodingSubProtocol":0,"TranscodingContainer":null,"AnalyzeDurationMs":null,"DefaultAudioStreamIndex":null,"DefaultSubtitleStreamIndex":null,"HasSegments":false}

/usr/lib/jellyfin-ffmpeg/ffmpeg -analyzeduration 200M -probesize 1G -ss 01:45:30.000  -i file:"/data/media/movies/Ne Zha 2 (2025)/Ne Zha 2 2025 1080p Chinese WEB-DL HEVC x265 5.1 BONE.mkv" -map_metadata -1 -map_chapters -1 -threads 0 -map 0:0 -map 0:1 -codec:v:0 libx264 -preset veryfast -crf 23 -maxrate 8038070 -bufsize 16076140 -profile:v:0 high -level 51 -x264opts:0 subme=0:me_range=16:rc_lookahead=10:me=hex:open_gop=0 -force_key_frames:0 "expr:gte(t,n_forced*3)" -sc_threshold:v:0 0 -vf "setparams=color_primaries=bt709:color_trc=bt709:colorspace=bt709,scale=trunc(min(max(iw\,ih*a)\,min(1920\,1280*a))/2)*2:trunc(min(max(iw/a\,ih)\,min(1920/a\,1280))/2)*2,format=yuv420p,subtitles=f='/config/data/data/subtitles/df/df07b371-a368-c4f7-50ac-3bfd013b42b4/2.ass':fontsdir='/config/data/data/attachments/df/df07b371-a368-c4f7-50ac-3bfd013b42b4'" -start_at_zero -codec:a:0 copy -copyts -avoid_negative_ts disabled -max_muxing_queue_size 2048 -f hls -max_delay 5000000 -hls_time 3 -hls_segment_type mpegts -start_number 2110 -hls_segment_filename "/config/cache/transcodes/e29222e76729f032467e0a962c8ff449%d.ts" -hls_playlist_type vod -hls_list_size 0 -y "/config/cache/transcodes/e29222e76729f032467e0a962c8ff449.m3u8"


ffmpeg version 7.1.3-Jellyfin Copyright (c) 2000-2025 the FFmpeg developers
  built with gcc 13 (Ubuntu 13.3.0-6ubuntu2~24.04.1)
  configuration: --prefix=/usr/lib/jellyfin-ffmpeg --target-os=linux --extra-version=Jellyfin --disable-doc --disable-ffplay --disable-static --disable-libxcb --disable-sdl2 --disable-xlib --enable-lto=auto --enable-gpl --enable-version3 --enable-shared --enable-gmp --enable-gnutls --enable-chromaprint --enable-opencl --enable-libdrm --enable-libxml2 --enable-libass --enable-libfreetype --enable-libfribidi --enable-libfontconfig --enable-libharfbuzz --enable-libbluray --enable-libmp3lame --enable-libopus --enable-libtheora --enable-libvorbis --enable-libopenmpt --enable-libdav1d --enable-libsvtav1 --enable-libwebp --enable-libvpx --enable-libx264 --enable-libx265 --enable-libzvbi --enable-libzimg --enable-libfdk-aac --arch=arm64 --cross-prefix=/usr/bin/aarch64-linux-gnu- --toolchain=hardened --enable-cross-compile --enable-rkmpp --enable-rkrga --enable-ffnvcodec --enable-cuda --enable-cuda-llvm --enable-cuvid --enable-nvdec --enable-nvenc
  libavutil      59. 39.100 / 59. 39.100
  libavcodec     61. 19.101 / 61. 19.101
  libavformat    61.  7.100 / 61.  7.100
  libavdevice    61.  3.100 / 61.  3.100
  libavfilter    10.  4.100 / 10.  4.100
  libswscale      8.  3.100 /  8.  3.100
  libswresample   5.  3.100 /  5.  3.100
  libpostproc    58.  3.100 / 58.  3.100
Input #0, matroska,webm, from 'file:/data/media/movies/Ne Zha 2 (2025)/Ne Zha 2 2025 1080p Chinese WEB-DL HEVC x265 5.1 BONE.mkv':
  Metadata:
    creation_time   : 2025-08-03T21:09:19.000000Z
    ENCODER         : Lavf61.7.100
  Duration: 02:23:58.74, start: -0.021000, bitrate: 1929 kb/s
  Stream #0:0: Video: hevc (Main), yuv420p(tv, bt709), 1920x804 [SAR 1:1 DAR 160:67], 24 fps, 24 tbr, 1k tbn (default)
      Metadata:
        DURATION        : 02:23:58.667000000
  Stream #0:1(chi): Audio: aac (LC), 48000 Hz, 5.1, fltp (default)
      Metadata:
        title           : 杜比音效,普通话
        DURATION        : 02:23:58.741000000
  Stream #0:2(eng): Subtitle: ass (ssa)
      Metadata:
        DURATION        : 02:21:45.256000000
  Stream #0:3(chi): Subtitle: ass (ssa)
      Metadata:
        title           : 简体中文
        DURATION        : 02:21:45.333000000
[Parsed_subtitles_3 @ 0xaaaae7546810] libass API version: 0x1704000
[Parsed_subtitles_3 @ 0xaaaae7546810] libass source: commit: 0.17.4-0-gbbb3c7f1570a4a021e52683f3fbdf74fe492ae84
[Parsed_subtitles_3 @ 0xaaaae7546810] Shaper: FriBidi 1.0.16 (SIMPLE) HarfBuzz-ng 10.4.0 (COMPLEX)
[Parsed_subtitles_3 @ 0xaaaae7546810] Using font provider fontconfig
Stream mapping:
  Stream #0:0 -> #0:0 (hevc (native) -> h264 (libx264))
  Stream #0:1 -> #0:1 (copy)
Press [q] to stop, [?] for help
[Parsed_subtitles_3 @ 0xffff780108b0] libass API version: 0x1704000
[Parsed_subtitles_3 @ 0xffff780108b0] libass source: commit: 0.17.4-0-gbbb3c7f1570a4a021e52683f3fbdf74fe492ae84
[Parsed_subtitles_3 @ 0xffff780108b0] Shaper: FriBidi 1.0.16 (SIMPLE) HarfBuzz-ng 10.4.0 (COMPLEX)
[Parsed_subtitles_3 @ 0xffff780108b0] Using font provider fontconfig
[libx264 @ 0xaaaae74bb1b0] using SAR=1/1
[libx264 @ 0xaaaae74bb1b0] using cpu capabilities: ARMv8 NEON
[libx264 @ 0xaaaae74bb1b0] profile High, level 5.1, 4:2:0, 8-bit
[libx264 @ 0xaaaae74bb1b0] 264 - core 164 r3108 31e19f9 - H.264/MPEG-4 AVC codec - Copyleft 2003-2023 - http://www.videolan.org/x264.html - options: cabac=1 ref=1 deblock=1:0:0 analyse=0x3:0x113 me=hex subme=0 psy=1 psy_rd=1.00:0.00 mixed_ref=0 me_range=16 chroma_me=1 trellis=0 8x8dct=1 cqm=0 deadzone=21,11 fast_pskip=1 chroma_qp_offset=0 threads=12 lookahead_threads=2 sliced_threads=0 nr=0 decimate=1 interlaced=0 bluray_compat=0 constrained_intra=0 bframes=3 b_pyramid=2 b_adapt=1 b_bias=0 direct=1 weightb=1 open_gop=0 weightp=1 keyint=250 keyint_min=24 scenecut=0 intra_refresh=0 rc_lookahead=10 rc=crf mbtree=1 crf=23.0 qcomp=0.60 qpmin=0 qpmax=69 qpstep=4 vbv_maxrate=8038 vbv_bufsize=16076 crf_max=0.0 nal_hrd=none filler=0 ip_ratio=1.40 aq=1:1.00
Output #0, hls, to '/config/cache/transcodes/e29222e76729f032467e0a962c8ff449.m3u8':
  Metadata:
    encoder         : Lavf61.7.100
  Stream #0:0: Video: h264, yuv420p(tv, bt709, progressive), 1920x804 [SAR 1:1 DAR 160:67], q=2-31, 24 fps, 90k tbn (default)
      Metadata:
        encoder         : Lavc61.19.101 libx264
      Side data:
        cpb: bitrate max/min/avg: 8038000/0/0 buffer size: 16076000 vbv_delay: N/A
  Stream #0:1: Audio: aac (LC), 48000 Hz, 5.1, fltp (default)
[Parsed_subtitles_3 @ 0xffff780108b0] fontselect: (sans-serif, 400, 0) -> /usr/share/fonts/truetype/dejavu/DejaVuSans.ttf, 0, DejaVuSans
[hls @ 0xaaaae7544420] Opening '/config/cache/transcodes/e29222e76729f032467e0a962c8ff4492110.ts' for writing
frame=  125 fps=0.0 q=28.0 size=N/A time=00:00:00.00 bitrate=N/A speed=   0x    
[hls @ 0xaaaae7544420] Opening '/config/cache/transcodes/e29222e76729f032467e0a962c8ff4492111.ts' for writing
[hls @ 0xaaaae7544420] Opening '/config/cache/transcodes/e29222e76729f032467e0a962c8ff4492112.ts' for writing
frame=  233 fps=232 q=28.0 size=N/A time=00:00:04.50 bitrate=N/A speed=4.48x    
[hls @ 0xaaaae7544420] Opening '/config/cache/transcodes/e29222e76729f032467e0a962c8ff4492113.ts' for writing
[hls @ 0xaaaae7544420] Opening '/config/cache/transcodes/e29222e76729f032467e0a962c8ff4492114.ts' for writing
frame=  372 fps=247 q=28.0 size=N/A time=00:00:10.29 bitrate=N/A speed=6.84x    
[hls @ 0xaaaae7544420] Opening '/config/cache/transcodes/e29222e76729f032467e0a962c8ff4492115.ts' for writing
[hls @ 0xaaaae7544420] Opening '/config/cache/transcodes/e29222e76729f032467e0a962c8ff4492116.ts' for writing
frame=  552 fps=275 q=28.0 size=N/A time=00:00:17.79 bitrate=N/A speed=8.87x    
[hls @ 0xaaaae7544420] Opening '/config/cache/transcodes/e29222e76729f032467e0a962c8ff4492117.ts' for writing
[hls @ 0xaaaae7544420] Opening '/config/cache/transcodes/e29222e76729f032467e0a962c8ff4492118.ts' for writing
frame=  675 fps=269 q=28.0 size=N/A time=00:00:22.91 bitrate=N/A speed=9.14x    
[hls @ 0xaaaae7544420] Opening '/config/cache/transcodes/e29222e76729f032467e0a962c8ff4492119.ts' for writing
frame=  769 fps=256 q=28.0 size=N/A time=00:00:26.83 bitrate=N/A speed=8.92x    
[hls @ 0xaaaae7544420] Opening '/config/cache/transcodes/e29222e76729f032467e0a962c8ff4492120.ts' for writing
[hls @ 0xaaaae7544420] Opening '/config/cache/transcodes/e29222e76729f032467e0a962c8ff4492121.ts' for writing
frame=  875 fps=249 q=28.0 size=N/A time=00:00:31.25 bitrate=N/A speed= 8.9x    
[hls @ 0xaaaae7544420] Opening '/config/cache/transcodes/e29222e76729f032467e0a962c8ff4492122.ts' for writing
frame=  997 fps=249 q=28.0 size=N/A time=00:00:36.33 bitrate=N/A speed=9.06x    
[hls @ 0xaaaae7544420] Opening '/config/cache/transcodes/e29222e76729f032467e0a962c8ff4492123.ts' for writing
[hls @ 0xaaaae7544420] Opening '/config/cache/transcodes/e29222e76729f032467e0a962c8ff4492124.ts' for writing
frame= 1136 fps=252 q=28.0 size=N/A time=00:00:42.12 bitrate=N/A speed=9.33x    
[hls @ 0xaaaae7544420] Opening '/config/cache/transcodes/e29222e76729f032467e0a962c8ff4492125.ts' for writing
[hls @ 0xaaaae7544420] Opening '/config/cache/transcodes/e29222e76729f032467e0a962c8ff4492126.ts' for writing
frame= 1255 fps=250 q=28.0 size=N/A time=00:00:47.08 bitrate=N/A speed=9.39x    
[hls @ 0xaaaae7544420] Opening '/config/cache/transcodes/e29222e76729f032467e0a962c8ff4492127.ts' for writing
[hls @ 0xaaaae7544420] Opening '/config/cache/transcodes/e29222e76729f032467e0a962c8ff4492128.ts' for writing
frame= 1431 fps=259 q=28.0 size=N/A time=00:00:54.41 bitrate=N/A speed=9.87x    
[hls @ 0xaaaae7544420] Opening '/config/cache/transcodes/e29222e76729f032467e0a962c8ff4492129.ts' for writing
[hls @ 0xaaaae7544420] Opening '/config/cache/transcodes/e29222e76729f032467e0a962c8ff4492130.ts' for writing
[hls @ 0xaaaae7544420] Opening '/config/cache/transcodes/e29222e76729f032467e0a962c8ff4492131.ts' for writing
frame= 1589 fps=264 q=28.0 size=N/A time=00:01:01.00 bitrate=N/A speed=10.1x    
[hls @ 0xaaaae7544420] Opening '/config/cache/transcodes/e29222e76729f032467e0a962c8ff4492132.ts' for writing
[hls @ 0xaaaae7544420] Opening '/config/cache/transcodes/e29222e76729f032467e0a962c8ff4492133.ts' for writing
frame= 1729 fps=265 q=28.0 size=N/A time=00:01:06.87 bitrate=N/A speed=10.3x    
[hls @ 0xaaaae7544420] Opening '/config/cache/transcodes/e29222e76729f032467e0a962c8ff4492134.ts' for writing
frame= 1861 fps=265 q=28.0 size=N/A time=00:01:12.33 bitrate=N/A speed=10.3x    
[hls @ 0xaaaae7544420] Opening '/config/cache/transcodes/e29222e76729f032467e0a962c8ff4492135.ts' for writing
[hls @ 0xaaaae7544420] Opening '/config/cache/transcodes/e29222e76729f032467e0a962c8ff4492136.ts' for writing
frame= 2005 fps=267 q=28.0 size=N/A time=00:01:18.33 bitrate=N/A speed=10.4x    
[hls @ 0xaaaae7544420] Opening '/config/cache/transcodes/e29222e76729f032467e0a962c8ff4492137.ts' for writing
[hls @ 0xaaaae7544420] Opening '/config/cache/transcodes/e29222e76729f032467e0a962c8ff4492138.ts' for writing
frame= 2126 fps=265 q=28.0 size=N/A time=00:01:23.37 bitrate=N/A speed=10.4x    
[hls @ 0xaaaae7544420] Opening '/config/cache/transcodes/e29222e76729f032467e0a962c8ff4492139.ts' for writing
[hls @ 0xaaaae7544420] Opening '/config/cache/transcodes/e29222e76729f032467e0a962c8ff4492140.ts' for writing
frame= 2260 fps=265 q=28.0 size=N/A time=00:01:28.95 bitrate=N/A speed=10.4x    
[hls @ 0xaaaae7544420] Opening '/config/cache/transcodes/e29222e76729f032467e0a962c8ff4492141.ts' for writing
frame= 2358 fps=261 q=34.0 size=N/A time=00:01:33.04 bitrate=N/A speed=10.3x    
[hls @ 0xaaaae7544420] Opening '/config/cache/transcodes/e29222e76729f032467e0a962c8ff4492142.ts' for writing
[hls @ 0xaaaae7544420] Opening '/config/cache/transcodes/e29222e76729f032467e0a962c8ff4492143.ts' for writing
frame= 2476 fps=260 q=28.0 size=N/A time=00:01:37.95 bitrate=N/A speed=10.3x    
[hls @ 0xaaaae7544420] Opening '/config/cache/transcodes/e29222e76729f032467e0a962c8ff4492144.ts' for writing
frame= 2562 fps=256 q=33.0 size=N/A time=00:01:41.54 bitrate=N/A speed=10.1x    
[hls @ 0xaaaae7544420] Opening '/config/cache/transcodes/e29222e76729f032467e0a962c8ff4492145.ts' for writing
frame= 2656 fps=252 q=28.0 size=N/A time=00:01:45.45 bitrate=N/A speed=  10x    
[hls @ 0xaaaae7544420] Opening '/config/cache/transcodes/e29222e76729f032467e0a962c8ff4492146.ts' for writing
[hls @ 0xaaaae7544420] Opening '/config/cache/transcodes/e29222e76729f032467e0a962c8ff4492147.ts' for writing
frame= 2774 fps=252 q=28.0 size=N/A time=00:01:50.37 bitrate=N/A speed=  10x    
[hls @ 0xaaaae7544420] Opening '/config/cache/transcodes/e29222e76729f032467e0a962c8ff4492148.ts' for writing
[hls @ 0xaaaae7544420] Opening '/config/cache/transcodes/e29222e76729f032467e0a962c8ff4492149.ts' for writing
frame= 2881 fps=250 q=28.0 size=N/A time=00:01:54.87 bitrate=N/A speed=9.97x    
[hls @ 0xaaaae7544420] Opening '/config/cache/transcodes/e29222e76729f032467e0a962c8ff4492150.ts' for writing
frame= 2983 fps=248 q=28.0 size=N/A time=00:01:59.08 bitrate=N/A speed= 9.9x    
[hls @ 0xaaaae7544420] Opening '/config/cache/transcodes/e29222e76729f032467e0a962c8ff4492151.ts' for writing
frame= 3085 fps=246 q=28.0 size=N/A time=00:02:03.33 bitrate=N/A speed=9.84x    
[hls @ 0xaaaae7544420] Opening '/config/cache/transcodes/e29222e76729f032467e0a962c8ff4492152.ts' for writing
[hls @ 0xaaaae7544420] Opening '/config/cache/transcodes/e29222e76729f032467e0a962c8ff4492153.ts' for writing
frame= 3202 fps=246 q=28.0 size=N/A time=00:02:08.20 bitrate=N/A speed=9.84x    
[hls @ 0xaaaae7544420] Opening '/config/cache/transcodes/e29222e76729f032467e0a962c8ff4492154.ts' for writing
[hls @ 0xaaaae7544420] Opening '/config/cache/transcodes/e29222e76729f032467e0a962c8ff4492155.ts' for writing
frame= 3316 fps=245 q=28.0 size=N/A time=00:02:12.95 bitrate=N/A speed=9.83x    
[hls @ 0xaaaae7544420] Opening '/config/cache/transcodes/e29222e76729f032467e0a962c8ff4492156.ts' for writing
[hls @ 0xaaaae7544420] Opening '/config/cache/transcodes/e29222e76729f032467e0a962c8ff4492157.ts' for writing
frame= 3463 fps=247 q=28.0 size=N/A time=00:02:19.08 bitrate=N/A speed=9.91x    
[hls @ 0xaaaae7544420] Opening '/config/cache/transcodes/e29222e76729f032467e0a962c8ff4492158.ts' for writing
frame= 3563 fps=245 q=28.0 size=N/A time=00:02:23.25 bitrate=N/A speed=9.86x    
[hls @ 0xaaaae7544420] Opening '/config/cache/transcodes/e29222e76729f032467e0a962c8ff4492159.ts' for writing
[hls @ 0xaaaae7544420] Opening '/config/cache/transcodes/e29222e76729f032467e0a962c8ff4492160.ts' for writing
frame= 3685 fps=245 q=28.0 size=N/A time=00:02:28.33 bitrate=N/A speed=9.87x    
[hls @ 0xaaaae7544420] Opening '/config/cache/transcodes/e29222e76729f032467e0a962c8ff4492161.ts' for writing
frame= 3810 fps=245 q=28.0 size=N/A time=00:02:33.54 bitrate=N/A speed=9.88x    
[hls @ 0xaaaae7544420] Opening '/config/cache/transcodes/e29222e76729f032467e0a962c8ff4492162.ts' for writing
[hls @ 0xaaaae7544420] Opening '/config/cache/transcodes/e29222e76729f032467e0a962c8ff4492163.ts' for writing
[hls @ 0xaaaae7544420] Opening '/config/cache/transcodes/e29222e76729f032467e0a962c8ff4492164.ts' for writing
frame= 4010 fps=250 q=28.0 size=N/A time=00:02:41.87 bitrate=N/A speed=10.1x    
[hls @ 0xaaaae7544420] Opening '/config/cache/transcodes/e29222e76729f032467e0a962c8ff4492165.ts' for writing
[hls @ 0xaaaae7544420] Opening '/config/cache/transcodes/e29222e76729f032467e0a962c8ff4492166.ts' for writing
frame= 4130 fps=250 q=28.0 size=N/A time=00:02:46.87 bitrate=N/A speed=10.1x    
[hls @ 0xaaaae7544420] Opening '/config/cache/transcodes/e29222e76729f032467e0a962c8ff4492167.ts' for writing


[q] command received. Exiting.

[hls @ 0xaaaae7544420] Opening '/config/cache/transcodes/e29222e76729f032467e0a962c8ff4492168.ts' for writing
[hls @ 0xaaaae7544420] Opening '/config/cache/transcodes/e29222e76729f032467e0a962c8ff4492169.ts' for writing
[out#0/hls @ 0xaaaae7545b40] video:95745KiB audio:5640KiB subtitle:0KiB other streams:0KiB global headers:0KiB muxing overhead: unknown
frame= 4286 fps=250 q=-1.0 Lsize=N/A time=00:02:53.24 bitrate=N/A dup=2 drop=0 speed=10.1x    
[libx264 @ 0xaaaae74bb1b0] frame I:60    Avg QP:19.27  size: 85321
[libx264 @ 0xaaaae74bb1b0] frame P:1504  Avg QP:22.48  size: 36759
[libx264 @ 0xaaaae74bb1b0] frame B:2722  Avg QP:25.27  size: 13827
[libx264 @ 0xaaaae74bb1b0] consecutive B-frames: 11.6%  9.0%  6.7% 72.7%
[libx264 @ 0xaaaae74bb1b0] mb I  I16..4: 17.9% 50.1% 32.0%
[libx264 @ 0xaaaae74bb1b0] mb P  I16..4: 18.2% 36.5%  6.9%  P16..4: 13.4%  6.5%  3.1%  0.0%  0.0%    skip:15.4%
[libx264 @ 0xaaaae74bb1b0] mb B  I16..4:  3.6%  8.2%  0.8%  B16..8: 17.9%  7.0%  0.8%  direct: 6.7%  skip:54.9%  L0:40.7% L1:44.3% BI:15.0%
[libx264 @ 0xaaaae74bb1b0] 8x8 transform intra:60.2% inter:45.6%
[libx264 @ 0xaaaae74bb1b0] coded y,uvDC,uvAC intra: 37.5% 51.3% 21.6% inter: 8.4% 19.1% 1.4%
[libx264 @ 0xaaaae74bb1b0] i16 v,h,dc,p: 36% 31% 11% 22%
[libx264 @ 0xaaaae74bb1b0] i8 v,h,dc,ddl,ddr,vr,hd,vl,hu: 15% 20% 20%  5%  9%  7%  9%  6% 10%
[libx264 @ 0xaaaae74bb1b0] i4 v,h,dc,ddl,ddr,vr,hd,vl,hu: 21% 25% 13%  5%  9%  6%  7%  5% 10%
[libx264 @ 0xaaaae74bb1b0] i8c dc,h,v,p: 43% 25% 19% 13%
[libx264 @ 0xaaaae74bb1b0] Weighted P-Frames: Y:6.0% UV:3.5%
[libx264 @ 0xaaaae74bb1b0] kb/s:4392.00