[2026-05-03 15:34:32.542 -04:00] [INF] [1] Emby.Server.Implementations.AppBase.BaseConfigurationManager: Setting cache path: "/config/cache"
[2026-05-03 15:34:32.733 -04:00] [INF] [7] Jellyfin.Server.ServerSetupApp.SetupServer: Kestrel is listening on "all interfaces"
[2026-05-03 15:34:32.749 -04:00] [INF] [7] Main: Jellyfin version: "10.11.8"
[2026-05-03 15:34:32.750 -04:00] [INF] [7] Main: Environment Variables: ["[JELLYFIN_CONFIG_DIR, /config]", "[JELLYFIN_CACHE_DIR, /config/cache]", "[JELLYFIN_DATA_DIR, /config/data]", "[JELLYFIN_WEB_DIR, /usr/share/jellyfin/web]", "[JELLYFIN_LOG_DIR, /config/log]"]
[2026-05-03 15:34:32.751 -04:00] [INF] [7] Main: Arguments: ["/usr/lib/jellyfin/bin/jellyfin.dll", "--ffmpeg=/usr/lib/jellyfin-ffmpeg/ffmpeg"]
[2026-05-03 15:34:32.751 -04:00] [INF] [7] Main: Operating system: "Ubuntu 24.04.4 LTS"
[2026-05-03 15:34:32.752 -04:00] [INF] [7] Main: Architecture: Arm64
[2026-05-03 15:34:32.752 -04:00] [INF] [7] Main: 64-Bit Process: True
[2026-05-03 15:34:32.752 -04:00] [INF] [7] Main: User Interactive: True
[2026-05-03 15:34:32.752 -04:00] [INF] [7] Main: Processor count: 8
[2026-05-03 15:34:32.752 -04:00] [INF] [7] Main: Program data path: "/config/data"
[2026-05-03 15:34:32.752 -04:00] [INF] [7] Main: Log directory path: "/config/log"
[2026-05-03 15:34:32.752 -04:00] [INF] [7] Main: Config directory path: "/config"
[2026-05-03 15:34:32.752 -04:00] [INF] [7] Main: Cache path: "/config/cache"
[2026-05-03 15:34:32.752 -04:00] [INF] [7] Main: Temp directory path: "/tmp/jellyfin"
[2026-05-03 15:34:32.752 -04:00] [INF] [7] Main: Web resources path: "/usr/share/jellyfin/web"
[2026-05-03 15:34:32.752 -04:00] [INF] [7] Main: Application directory: "/usr/lib/jellyfin/bin/"
[2026-05-03 15:34:32.759 -04:00] [INF] [7] Jellyfin.Server.Startup: Storage path `"/config/data/data"` (Unknown) successfully checked with "186.4TiB" free which is over the minimum of "2GiB".
[2026-05-03 15:34:32.760 -04:00] [INF] [7] Jellyfin.Server.Startup: Storage path `"/config/cache"` (Unknown) successfully checked with "186.4TiB" free which is over the minimum of "2GiB".
[2026-05-03 15:34:32.760 -04:00] [INF] [7] Jellyfin.Server.Startup: Storage path `"/config/data"` (Unknown) successfully checked with "186.4TiB" free which is over the minimum of "2GiB".
[2026-05-03 15:34:32.762 -04:00] [INF] [7] Emby.Server.Implementations.AppBase.BaseConfigurationManager: Setting cache path: "/config/cache"
[2026-05-03 15:34:32.813 -04:00] [INF] [7] Jellyfin.Database.Providers.Sqlite.SqliteDatabaseProvider: SQLite connection string: "Data Source=/config/data/data/jellyfin.db;Cache=Default;Default Timeout=30;Pooling=True"
[2026-05-03 15:34:32.815 -04:00] [INF] [7] Jellyfin.Database.Providers.Sqlite.SqliteDatabaseProvider: SQLITE connection pragma command set to: 
"PRAGMA locking_mode=NORMAL;
PRAGMA journal_size_limit=134217728;
PRAGMA synchronous=1;
PRAGMA temp_store=2;
"
[2026-05-03 15:34:32.816 -04:00] [INF] [7] Jellyfin.Database.Implementations.Locking.NoLockBehavior: The database locking mode has been set to: NoLock.
[2026-05-03 15:34:32.848 -04:00] [INF] [7] Jellyfin.Server.Migrations.JellyfinMigrationService: Initialise Migration service.
[2026-05-03 15:34:32.898 -04:00] [WRN] [10] Microsoft.Extensions.Diagnostics.HealthChecks.DefaultHealthCheckService: Health check "StartupCheck" with status Degraded completed after 0.5673ms with message '"Server is still starting up."'
[2026-05-03 15:34:33.255 -04:00] [INF] [7] Jellyfin.Server.Migrations.JellyfinMigrationService: There are 0 migrations for stage PreInitialisation.
[2026-05-03 15:34:33.261 -04:00] [INF] [7] Emby.Server.Implementations.AppBase.BaseConfigurationManager: Setting cache path: "/config/cache"
[2026-05-03 15:34:33.363 -04:00] [INF] [7] Emby.Server.Implementations.ApplicationHost: Loading assemblies
[2026-05-03 15:34:33.391 -04:00] [INF] [7] Jellyfin.Networking.Manager.NetworkManager: Defined LAN subnets: ["192.168.2.0/24"]
[2026-05-03 15:34:33.391 -04:00] [INF] [7] Jellyfin.Networking.Manager.NetworkManager: Defined LAN exclusions: []
[2026-05-03 15:34:33.391 -04:00] [INF] [7] Jellyfin.Networking.Manager.NetworkManager: Used LAN subnets: ["192.168.2.0/24"]
[2026-05-03 15:34:33.391 -04:00] [INF] [7] Jellyfin.Networking.Manager.NetworkManager: Filtered interface addresses: []
[2026-05-03 15:34:33.392 -04:00] [INF] [7] Jellyfin.Networking.Manager.NetworkManager: Bind Addresses ["::"]
[2026-05-03 15:34:33.392 -04:00] [INF] [7] Jellyfin.Networking.Manager.NetworkManager: Remote IP filter is "Allowlist"
[2026-05-03 15:34:33.392 -04:00] [INF] [7] Jellyfin.Networking.Manager.NetworkManager: Filtered subnets: []
[2026-05-03 15:34:33.500 -04:00] [INF] [7] Jellyfin.Database.Providers.Sqlite.SqliteDatabaseProvider: SQLite connection string: "Data Source=/config/data/data/jellyfin.db;Cache=Default;Default Timeout=30;Pooling=True"
[2026-05-03 15:34:33.500 -04:00] [INF] [7] Jellyfin.Database.Providers.Sqlite.SqliteDatabaseProvider: SQLITE connection pragma command set to: 
"PRAGMA locking_mode=NORMAL;
PRAGMA journal_size_limit=134217728;
PRAGMA synchronous=1;
PRAGMA temp_store=2;
"
[2026-05-03 15:34:33.500 -04:00] [INF] [7] Jellyfin.Database.Implementations.Locking.NoLockBehavior: The database locking mode has been set to: NoLock.
[2026-05-03 15:34:33.503 -04:00] [INF] [7] Main: Prepare system for possible migrations
[2026-05-03 15:34:33.514 -04:00] [INF] [7] Jellyfin.Server.Migrations.JellyfinMigrationService: There are 0 migrations for stage CoreInitialisation.
[2026-05-03 15:34:33.788 -04:00] [INF] [7] Emby.Server.Implementations.Plugins.PluginManager: Loaded plugin: "TMDb" "10.11.8.0"
[2026-05-03 15:34:33.788 -04:00] [INF] [7] Emby.Server.Implementations.Plugins.PluginManager: Loaded plugin: "Studio Images" "10.11.8.0"
[2026-05-03 15:34:33.788 -04:00] [INF] [7] Emby.Server.Implementations.Plugins.PluginManager: Loaded plugin: "OMDb" "10.11.8.0"
[2026-05-03 15:34:33.793 -04:00] [INF] [7] Emby.Server.Implementations.Plugins.PluginManager: Loaded plugin: "MusicBrainz" "10.11.8.0"
[2026-05-03 15:34:33.793 -04:00] [INF] [7] Emby.Server.Implementations.Plugins.PluginManager: Loaded plugin: "AudioDB" "10.11.8.0"
[2026-05-03 15:34:33.828 -04:00] [INF] [7] Jellyfin.Server.Migrations.JellyfinMigrationService: There are 0 migrations for stage AppInitialisation.
[2026-05-03 15:34:33.857 -04:00] [INF] [14] Main: Kestrel is listening on "all interfaces"
[2026-05-03 15:34:34.216 -04:00] [WRN] [14] Microsoft.AspNetCore.StaticFiles.StaticFileMiddleware: The WebRootPath was not found: "/run/s6-rc:s6-rc-init:cLjkoE/servicedirs/svc-jellyfin/wwwroot". Static files may be unavailable.
[2026-05-03 15:34:34.231 -04:00] [INF] [14] Emby.Server.Implementations.ApplicationHost: Running startup tasks
[2026-05-03 15:34:34.233 -04:00] [INF] [7] Emby.Server.Implementations.IO.LibraryMonitor: Watching directory "/data/media/tv"
[2026-05-03 15:34:34.234 -04:00] [INF] [10] Emby.Server.Implementations.IO.LibraryMonitor: Watching directory "/data/media/movies"
[2026-05-03 15:34:34.236 -04:00] [INF] [14] Emby.Server.Implementations.ScheduledTasks.TaskManager: Daily trigger for "Generate Trickplay Images" set to fire at 2026-05-04 03:00:00.000 -04:00, which is 11:25:25.7638792 from now.
[2026-05-03 15:34:34.240 -04:00] [INF] [14] Emby.Server.Implementations.ScheduledTasks.TaskManager: Daily trigger for "Extract Chapter Images" set to fire at 2026-05-04 02:00:00.000 -04:00, which is 10:25:25.7599875 from now.
[2026-05-03 15:34:34.293 -04:00] [INF] [14] MediaBrowser.MediaEncoding.Encoder.MediaEncoder: Found ffmpeg version "7.1.3"
[2026-05-03 15:34:34.307 -04:00] [INF] [14] MediaBrowser.MediaEncoding.Encoder.MediaEncoder: Available "decoders": ["libdav1d", "av1", "av1_cuvid", "av1_rkmpp", "h264", "h264_rkmpp", "h264_cuvid", "hevc", "hevc_rkmpp", "hevc_cuvid", "mpeg1_rkmpp", "mpeg2video", "mpeg2_rkmpp", "mpeg2_cuvid", "mpeg4", "mpeg4_rkmpp", "mpeg4_cuvid", "msmpeg4", "vc1_cuvid", "vp8", "vp8_rkmpp", "libvpx", "vp8_cuvid", "vp9", "vp9_rkmpp", "libvpx-vp9", "vp9_cuvid", "aac", "ac3", "ac4", "dca", "flac", "mp3", "truehd"]
[2026-05-03 15:34:34.313 -04:00] [INF] [14] MediaBrowser.MediaEncoding.Encoder.MediaEncoder: Available "encoders": ["libsvtav1", "av1_nvenc", "libx264", "h264_nvenc", "h264_v4l2m2m", "h264_rkmpp", "libx265", "hevc_nvenc", "hevc_rkmpp", "mjpeg_rkmpp", "aac", "libfdk_aac", "ac3", "alac", "dca", "flac", "libmp3lame", "libopus", "truehd", "libvorbis", "srt"]
[2026-05-03 15:34:34.321 -04:00] [INF] [14] MediaBrowser.MediaEncoding.Encoder.MediaEncoder: Available filters: ["bwdif_cuda", "bwdif_opencl", "hwupload_cuda", "overlay_opencl", "overlay_cuda", "overlay_rkrga", "scale_cuda", "scale_opencl", "scale_rkrga", "tonemapx", "tonemap_cuda", "tonemap_opencl", "transpose_cuda", "transpose_opencl", "vpp_rkrga", "yadif_cuda", "yadif_opencl", "zscale", "alphasrc"]
[2026-05-03 15:34:34.346 -04:00] [WRN] [14] MediaBrowser.MediaEncoding.Encoder.MediaEncoder: Filter: "overlay_vaapi" with option "Action to take when encountering EOF from secondary input" is not available
[2026-05-03 15:34:34.351 -04:00] [WRN] [14] MediaBrowser.MediaEncoding.Encoder.MediaEncoder: Filter: "overlay_vulkan" with option "Action to take when encountering EOF from secondary input" is not available
[2026-05-03 15:34:34.394 -04:00] [INF] [14] MediaBrowser.MediaEncoding.Encoder.MediaEncoder: Available hwaccel types: ["cuda", "drm", "opencl", "rkmpp"]
[2026-05-03 15:34:52.443 -04:00] [INF] [1] Emby.Server.Implementations.AppBase.BaseConfigurationManager: Setting cache path: "/config/cache"
[2026-05-03 15:34:52.559 -04:00] [INF] [9] Jellyfin.Server.ServerSetupApp.SetupServer: Kestrel is listening on "all interfaces"
[2026-05-03 15:34:52.572 -04:00] [INF] [9] Main: Jellyfin version: "10.11.8"
[2026-05-03 15:34:52.573 -04:00] [INF] [9] Main: Environment Variables: ["[JELLYFIN_WEB_DIR, /usr/share/jellyfin/web]", "[JELLYFIN_CONFIG_DIR, /config]", "[JELLYFIN_CACHE_DIR, /config/cache]", "[JELLYFIN_LOG_DIR, /config/log]", "[JELLYFIN_DATA_DIR, /config/data]"]
[2026-05-03 15:34:52.575 -04:00] [INF] [9] Main: Arguments: ["/usr/lib/jellyfin/bin/jellyfin.dll", "--ffmpeg=/usr/lib/jellyfin-ffmpeg/ffmpeg"]
[2026-05-03 15:34:52.575 -04:00] [INF] [9] Main: Operating system: "Ubuntu 24.04.4 LTS"
[2026-05-03 15:34:52.575 -04:00] [INF] [9] Main: Architecture: Arm64
[2026-05-03 15:34:52.575 -04:00] [INF] [9] Main: 64-Bit Process: True
[2026-05-03 15:34:52.575 -04:00] [INF] [9] Main: User Interactive: True
[2026-05-03 15:34:52.575 -04:00] [INF] [9] Main: Processor count: 8
[2026-05-03 15:34:52.575 -04:00] [INF] [9] Main: Program data path: "/config/data"
[2026-05-03 15:34:52.575 -04:00] [INF] [9] Main: Log directory path: "/config/log"
[2026-05-03 15:34:52.575 -04:00] [INF] [9] Main: Config directory path: "/config"
[2026-05-03 15:34:52.575 -04:00] [INF] [9] Main: Cache path: "/config/cache"
[2026-05-03 15:34:52.575 -04:00] [INF] [9] Main: Temp directory path: "/tmp/jellyfin"
[2026-05-03 15:34:52.575 -04:00] [INF] [9] Main: Web resources path: "/usr/share/jellyfin/web"
[2026-05-03 15:34:52.575 -04:00] [INF] [9] Main: Application directory: "/usr/lib/jellyfin/bin/"
[2026-05-03 15:34:52.581 -04:00] [INF] [9] Jellyfin.Server.Startup: Storage path `"/config/data/data"` (Unknown) successfully checked with "186.4TiB" free which is over the minimum of "2GiB".
[2026-05-03 15:34:52.582 -04:00] [INF] [9] Jellyfin.Server.Startup: Storage path `"/config/cache"` (Unknown) successfully checked with "186.4TiB" free which is over the minimum of "2GiB".
[2026-05-03 15:34:52.583 -04:00] [INF] [9] Jellyfin.Server.Startup: Storage path `"/config/data"` (Unknown) successfully checked with "186.4TiB" free which is over the minimum of "2GiB".
[2026-05-03 15:34:52.589 -04:00] [INF] [9] Emby.Server.Implementations.AppBase.BaseConfigurationManager: Setting cache path: "/config/cache"
[2026-05-03 15:34:52.617 -04:00] [INF] [9] Jellyfin.Database.Providers.Sqlite.SqliteDatabaseProvider: SQLite connection string: "Data Source=/config/data/data/jellyfin.db;Cache=Default;Default Timeout=30;Pooling=True"
[2026-05-03 15:34:52.619 -04:00] [INF] [9] Jellyfin.Database.Providers.Sqlite.SqliteDatabaseProvider: SQLITE connection pragma command set to: 
"PRAGMA locking_mode=NORMAL;
PRAGMA journal_size_limit=134217728;
PRAGMA synchronous=1;
PRAGMA temp_store=2;
"
[2026-05-03 15:34:52.619 -04:00] [INF] [9] Jellyfin.Database.Implementations.Locking.NoLockBehavior: The database locking mode has been set to: NoLock.
[2026-05-03 15:34:52.630 -04:00] [INF] [9] Jellyfin.Server.Migrations.JellyfinMigrationService: Initialise Migration service.
[2026-05-03 15:34:52.992 -04:00] [INF] [9] Jellyfin.Server.Migrations.JellyfinMigrationService: There are 0 migrations for stage PreInitialisation.
[2026-05-03 15:34:52.996 -04:00] [INF] [9] Emby.Server.Implementations.AppBase.BaseConfigurationManager: Setting cache path: "/config/cache"
[2026-05-03 15:34:53.068 -04:00] [INF] [9] Emby.Server.Implementations.ApplicationHost: Loading assemblies
[2026-05-03 15:34:53.083 -04:00] [INF] [9] Jellyfin.Networking.Manager.NetworkManager: Defined LAN subnets: ["192.168.2.0/24"]
[2026-05-03 15:34:53.083 -04:00] [INF] [9] Jellyfin.Networking.Manager.NetworkManager: Defined LAN exclusions: []
[2026-05-03 15:34:53.083 -04:00] [INF] [9] Jellyfin.Networking.Manager.NetworkManager: Used LAN subnets: ["192.168.2.0/24"]
[2026-05-03 15:34:53.083 -04:00] [INF] [9] Jellyfin.Networking.Manager.NetworkManager: Filtered interface addresses: []
[2026-05-03 15:34:53.083 -04:00] [INF] [9] Jellyfin.Networking.Manager.NetworkManager: Bind Addresses ["::"]
[2026-05-03 15:34:53.083 -04:00] [INF] [9] Jellyfin.Networking.Manager.NetworkManager: Remote IP filter is "Allowlist"
[2026-05-03 15:34:53.083 -04:00] [INF] [9] Jellyfin.Networking.Manager.NetworkManager: Filtered subnets: []
[2026-05-03 15:34:53.103 -04:00] [WRN] [7] Microsoft.Extensions.Diagnostics.HealthChecks.DefaultHealthCheckService: Health check "StartupCheck" with status Degraded completed after 0.7427ms with message '"Server is still starting up."'
[2026-05-03 15:34:53.138 -04:00] [INF] [9] Jellyfin.Database.Providers.Sqlite.SqliteDatabaseProvider: SQLite connection string: "Data Source=/config/data/data/jellyfin.db;Cache=Default;Default Timeout=30;Pooling=True"
[2026-05-03 15:34:53.139 -04:00] [INF] [9] Jellyfin.Database.Providers.Sqlite.SqliteDatabaseProvider: SQLITE connection pragma command set to: 
"PRAGMA locking_mode=NORMAL;
PRAGMA journal_size_limit=134217728;
PRAGMA synchronous=1;
PRAGMA temp_store=2;
"
[2026-05-03 15:34:53.139 -04:00] [INF] [9] Jellyfin.Database.Implementations.Locking.NoLockBehavior: The database locking mode has been set to: NoLock.
[2026-05-03 15:34:53.141 -04:00] [INF] [9] Main: Prepare system for possible migrations
[2026-05-03 15:34:53.160 -04:00] [INF] [9] Jellyfin.Server.Migrations.JellyfinMigrationService: There are 0 migrations for stage CoreInitialisation.
[2026-05-03 15:34:53.386 -04:00] [INF] [9] Emby.Server.Implementations.Plugins.PluginManager: Loaded plugin: "TMDb" "10.11.8.0"
[2026-05-03 15:34:53.387 -04:00] [INF] [9] Emby.Server.Implementations.Plugins.PluginManager: Loaded plugin: "Studio Images" "10.11.8.0"
[2026-05-03 15:34:53.387 -04:00] [INF] [9] Emby.Server.Implementations.Plugins.PluginManager: Loaded plugin: "OMDb" "10.11.8.0"
[2026-05-03 15:34:53.391 -04:00] [INF] [9] Emby.Server.Implementations.Plugins.PluginManager: Loaded plugin: "MusicBrainz" "10.11.8.0"
[2026-05-03 15:34:53.391 -04:00] [INF] [9] Emby.Server.Implementations.Plugins.PluginManager: Loaded plugin: "AudioDB" "10.11.8.0"
[2026-05-03 15:34:53.412 -04:00] [INF] [9] Jellyfin.Server.Migrations.JellyfinMigrationService: There are 0 migrations for stage AppInitialisation.
[2026-05-03 15:34:53.429 -04:00] [INF] [9] Main: Kestrel is listening on "all interfaces"
[2026-05-03 15:34:53.755 -04:00] [WRN] [9] Microsoft.AspNetCore.StaticFiles.StaticFileMiddleware: The WebRootPath was not found: "/run/s6-rc:s6-rc-init:HbciFa/servicedirs/svc-jellyfin/wwwroot". Static files may be unavailable.
[2026-05-03 15:34:53.770 -04:00] [INF] [9] Emby.Server.Implementations.ApplicationHost: Running startup tasks
[2026-05-03 15:34:53.771 -04:00] [INF] [16] Emby.Server.Implementations.IO.LibraryMonitor: Watching directory "/data/media/tv"
[2026-05-03 15:34:53.772 -04:00] [INF] [13] Emby.Server.Implementations.IO.LibraryMonitor: Watching directory "/data/media/movies"
[2026-05-03 15:34:53.775 -04:00] [INF] [9] Emby.Server.Implementations.ScheduledTasks.TaskManager: Daily trigger for "Generate Trickplay Images" set to fire at 2026-05-04 03:00:00.000 -04:00, which is 11:25:06.2247509 from now.
[2026-05-03 15:34:53.780 -04:00] [INF] [9] Emby.Server.Implementations.ScheduledTasks.TaskManager: Daily trigger for "Extract Chapter Images" set to fire at 2026-05-04 02:00:00.000 -04:00, which is 10:25:06.2192933 from now.
[2026-05-03 15:34:53.799 -04:00] [INF] [9] MediaBrowser.MediaEncoding.Encoder.MediaEncoder: Found ffmpeg version "7.1.3"
[2026-05-03 15:34:53.810 -04:00] [INF] [9] MediaBrowser.MediaEncoding.Encoder.MediaEncoder: Available "decoders": ["libdav1d", "av1", "av1_cuvid", "av1_rkmpp", "h264", "h264_rkmpp", "h264_cuvid", "hevc", "hevc_rkmpp", "hevc_cuvid", "mpeg1_rkmpp", "mpeg2video", "mpeg2_rkmpp", "mpeg2_cuvid", "mpeg4", "mpeg4_rkmpp", "mpeg4_cuvid", "msmpeg4", "vc1_cuvid", "vp8", "vp8_rkmpp", "libvpx", "vp8_cuvid", "vp9", "vp9_rkmpp", "libvpx-vp9", "vp9_cuvid", "aac", "ac3", "ac4", "dca", "flac", "mp3", "truehd"]
[2026-05-03 15:34:53.819 -04:00] [INF] [9] MediaBrowser.MediaEncoding.Encoder.MediaEncoder: Available "encoders": ["libsvtav1", "av1_nvenc", "libx264", "h264_nvenc", "h264_v4l2m2m", "h264_rkmpp", "libx265", "hevc_nvenc", "hevc_rkmpp", "mjpeg_rkmpp", "aac", "libfdk_aac", "ac3", "alac", "dca", "flac", "libmp3lame", "libopus", "truehd", "libvorbis", "srt"]
[2026-05-03 15:34:53.825 -04:00] [INF] [9] MediaBrowser.MediaEncoding.Encoder.MediaEncoder: Available filters: ["bwdif_cuda", "bwdif_opencl", "hwupload_cuda", "overlay_opencl", "overlay_cuda", "overlay_rkrga", "scale_cuda", "scale_opencl", "scale_rkrga", "tonemapx", "tonemap_cuda", "tonemap_opencl", "transpose_cuda", "transpose_opencl", "vpp_rkrga", "yadif_cuda", "yadif_opencl", "zscale", "alphasrc"]
[2026-05-03 15:34:53.867 -04:00] [WRN] [9] MediaBrowser.MediaEncoding.Encoder.MediaEncoder: Filter: "overlay_vaapi" with option "Action to take when encountering EOF from secondary input" is not available
[2026-05-03 15:34:53.871 -04:00] [WRN] [9] MediaBrowser.MediaEncoding.Encoder.MediaEncoder: Filter: "overlay_vulkan" with option "Action to take when encountering EOF from secondary input" is not available
[2026-05-03 15:34:53.921 -04:00] [INF] [9] MediaBrowser.MediaEncoding.Encoder.MediaEncoder: Available hwaccel types: ["cuda", "drm", "opencl", "rkmpp"]
[2026-05-03 15:34:56.789 -04:00] [INF] [17] Emby.Server.Implementations.ScheduledTasks.TaskManager: "Clean up collections and playlists" Completed after 0 minute(s) and 0 seconds
[2026-05-03 15:34:56.789 -04:00] [INF] [10] Emby.Server.Implementations.ScheduledTasks.TaskManager: "Clean Transcode Directory" Completed after 0 minute(s) and 0 seconds
[2026-05-03 15:34:57.262 -04:00] [INF] [13] Emby.Server.Implementations.ScheduledTasks.TaskManager: "Update Plugins" Completed after 0 minute(s) and 0 seconds
[2026-05-03 15:35:00.738 -04:00] [INF] [9] MediaBrowser.MediaEncoding.Encoder.MediaEncoder: FFmpeg: "/usr/lib/jellyfin-ffmpeg/ffmpeg"
[2026-05-03 15:35:00.740 -04:00] [INF] [9] Emby.Server.Implementations.ApplicationHost: ServerId: "3b7bf31d74a4418a8d9b202fcb638c73"
[2026-05-03 15:35:00.740 -04:00] [INF] [9] Emby.Server.Implementations.ApplicationHost: Core startup complete
[2026-05-03 15:35:00.740 -04:00] [INF] [9] Main: Startup complete 0:00:08.611489
[2026-05-03 15:35:26.341 -04:00] [INF] [19] Emby.Server.Implementations.Session.SessionManager: Sending shutdown notifications
[2026-05-03 15:35:26.346 -04:00] [INF] [13] Main: Running query planner optimizations in the database... This might take a while
[2026-05-03 15:35:26.366 -04:00] [INF] [10] Emby.Server.Implementations.IO.LibraryMonitor: Stopping directory watching for path "/data/media/movies"
[2026-05-03 15:35:26.366 -04:00] [INF] [10] Emby.Server.Implementations.IO.LibraryMonitor: Stopping directory watching for path "/data/media/tv"
[2026-05-03 15:35:26.368 -04:00] [INF] [13] Emby.Server.Implementations.ApplicationHost: Disposing "CoreAppHost"
[2026-05-03 15:35:26.368 -04:00] [INF] [13] Emby.Server.Implementations.ApplicationHost: Disposing "MusicBrainzArtistProvider"
[2026-05-03 15:35:26.368 -04:00] [INF] [13] Emby.Server.Implementations.ApplicationHost: Disposing "MusicBrainzAlbumProvider"
[2026-05-03 15:35:26.368 -04:00] [INF] [13] Emby.Server.Implementations.ApplicationHost: Disposing "PluginManager"
[2026-05-03 15:35:28.364 -04:00] [INF] [1] Emby.Server.Implementations.AppBase.BaseConfigurationManager: Setting cache path: "/config/cache"
[2026-05-03 15:35:28.452 -04:00] [INF] [10] Jellyfin.Server.ServerSetupApp.SetupServer: Kestrel is listening on "all interfaces"
[2026-05-03 15:35:28.462 -04:00] [INF] [10] Main: Jellyfin version: "10.11.8"
[2026-05-03 15:35:28.463 -04:00] [INF] [10] Main: Environment Variables: ["[JELLYFIN_CACHE_DIR, /config/cache]", "[JELLYFIN_WEB_DIR, /usr/share/jellyfin/web]", "[JELLYFIN_CONFIG_DIR, /config]", "[JELLYFIN_LOG_DIR, /config/log]", "[JELLYFIN_DATA_DIR, /config/data]"]
[2026-05-03 15:35:28.464 -04:00] [INF] [10] Main: Arguments: ["/usr/lib/jellyfin/bin/jellyfin.dll", "--ffmpeg=/usr/lib/jellyfin-ffmpeg/ffmpeg"]
[2026-05-03 15:35:28.464 -04:00] [INF] [10] Main: Operating system: "Ubuntu 24.04.4 LTS"
[2026-05-03 15:35:28.464 -04:00] [INF] [10] Main: Architecture: Arm64
[2026-05-03 15:35:28.464 -04:00] [INF] [10] Main: 64-Bit Process: True
[2026-05-03 15:35:28.464 -04:00] [INF] [10] Main: User Interactive: True
[2026-05-03 15:35:28.464 -04:00] [INF] [10] Main: Processor count: 8
[2026-05-03 15:35:28.464 -04:00] [INF] [10] Main: Program data path: "/config/data"
[2026-05-03 15:35:28.464 -04:00] [INF] [10] Main: Log directory path: "/config/log"
[2026-05-03 15:35:28.464 -04:00] [INF] [10] Main: Config directory path: "/config"
[2026-05-03 15:35:28.464 -04:00] [INF] [10] Main: Cache path: "/config/cache"
[2026-05-03 15:35:28.464 -04:00] [INF] [10] Main: Temp directory path: "/tmp/jellyfin"
[2026-05-03 15:35:28.464 -04:00] [INF] [10] Main: Web resources path: "/usr/share/jellyfin/web"
[2026-05-03 15:35:28.464 -04:00] [INF] [10] Main: Application directory: "/usr/lib/jellyfin/bin/"
[2026-05-03 15:35:28.471 -04:00] [INF] [10] Jellyfin.Server.Startup: Storage path `"/config/data/data"` (Unknown) successfully checked with "186.6TiB" free which is over the minimum of "2GiB".
[2026-05-03 15:35:28.471 -04:00] [INF] [10] Jellyfin.Server.Startup: Storage path `"/config/cache"` (Unknown) successfully checked with "186.6TiB" free which is over the minimum of "2GiB".
[2026-05-03 15:35:28.472 -04:00] [INF] [10] Jellyfin.Server.Startup: Storage path `"/config/data"` (Unknown) successfully checked with "186.6TiB" free which is over the minimum of "2GiB".
[2026-05-03 15:35:28.473 -04:00] [INF] [10] Emby.Server.Implementations.AppBase.BaseConfigurationManager: Setting cache path: "/config/cache"
[2026-05-03 15:35:28.496 -04:00] [INF] [10] Jellyfin.Database.Providers.Sqlite.SqliteDatabaseProvider: SQLite connection string: "Data Source=/config/data/data/jellyfin.db;Cache=Default;Default Timeout=30;Pooling=True"
[2026-05-03 15:35:28.498 -04:00] [INF] [10] Jellyfin.Database.Providers.Sqlite.SqliteDatabaseProvider: SQLITE connection pragma command set to: 
"PRAGMA locking_mode=NORMAL;
PRAGMA journal_size_limit=134217728;
PRAGMA synchronous=1;
PRAGMA temp_store=2;
"
[2026-05-03 15:35:28.499 -04:00] [INF] [10] Jellyfin.Database.Implementations.Locking.NoLockBehavior: The database locking mode has been set to: NoLock.
[2026-05-03 15:35:28.508 -04:00] [INF] [10] Jellyfin.Server.Migrations.JellyfinMigrationService: Initialise Migration service.
[2026-05-03 15:35:28.838 -04:00] [INF] [10] Jellyfin.Server.Migrations.JellyfinMigrationService: There are 0 migrations for stage PreInitialisation.
[2026-05-03 15:35:28.845 -04:00] [INF] [10] Emby.Server.Implementations.AppBase.BaseConfigurationManager: Setting cache path: "/config/cache"
[2026-05-03 15:35:28.922 -04:00] [INF] [10] Emby.Server.Implementations.ApplicationHost: Loading assemblies
[2026-05-03 15:35:28.937 -04:00] [INF] [10] Jellyfin.Networking.Manager.NetworkManager: Defined LAN subnets: ["192.168.2.0/24"]
[2026-05-03 15:35:28.938 -04:00] [INF] [10] Jellyfin.Networking.Manager.NetworkManager: Defined LAN exclusions: []
[2026-05-03 15:35:28.939 -04:00] [INF] [10] Jellyfin.Networking.Manager.NetworkManager: Used LAN subnets: ["192.168.2.0/24"]
[2026-05-03 15:35:28.939 -04:00] [INF] [10] Jellyfin.Networking.Manager.NetworkManager: Filtered interface addresses: []
[2026-05-03 15:35:28.941 -04:00] [INF] [10] Jellyfin.Networking.Manager.NetworkManager: Bind Addresses ["::"]
[2026-05-03 15:35:28.941 -04:00] [INF] [10] Jellyfin.Networking.Manager.NetworkManager: Remote IP filter is "Allowlist"
[2026-05-03 15:35:28.941 -04:00] [INF] [10] Jellyfin.Networking.Manager.NetworkManager: Filtered subnets: []
[2026-05-03 15:35:28.978 -04:00] [INF] [10] Jellyfin.Database.Providers.Sqlite.SqliteDatabaseProvider: SQLite connection string: "Data Source=/config/data/data/jellyfin.db;Cache=Default;Default Timeout=30;Pooling=True"
[2026-05-03 15:35:28.978 -04:00] [INF] [10] Jellyfin.Database.Providers.Sqlite.SqliteDatabaseProvider: SQLITE connection pragma command set to: 
"PRAGMA locking_mode=NORMAL;
PRAGMA journal_size_limit=134217728;
PRAGMA synchronous=1;
PRAGMA temp_store=2;
"
[2026-05-03 15:35:28.978 -04:00] [INF] [10] Jellyfin.Database.Implementations.Locking.NoLockBehavior: The database locking mode has been set to: NoLock.
[2026-05-03 15:35:28.981 -04:00] [INF] [10] Main: Prepare system for possible migrations
[2026-05-03 15:35:28.999 -04:00] [INF] [10] Jellyfin.Server.Migrations.JellyfinMigrationService: There are 0 migrations for stage CoreInitialisation.
[2026-05-03 15:35:29.043 -04:00] [WRN] [11] Microsoft.Extensions.Diagnostics.HealthChecks.DefaultHealthCheckService: Health check "StartupCheck" with status Degraded completed after 0.2078ms with message '"Server is still starting up."'
[2026-05-03 15:35:29.283 -04:00] [INF] [10] Emby.Server.Implementations.Plugins.PluginManager: Loaded plugin: "TMDb" "10.11.8.0"
[2026-05-03 15:35:29.283 -04:00] [INF] [10] Emby.Server.Implementations.Plugins.PluginManager: Loaded plugin: "Studio Images" "10.11.8.0"
[2026-05-03 15:35:29.283 -04:00] [INF] [10] Emby.Server.Implementations.Plugins.PluginManager: Loaded plugin: "OMDb" "10.11.8.0"
[2026-05-03 15:35:29.289 -04:00] [INF] [10] Emby.Server.Implementations.Plugins.PluginManager: Loaded plugin: "MusicBrainz" "10.11.8.0"
[2026-05-03 15:35:29.290 -04:00] [INF] [10] Emby.Server.Implementations.Plugins.PluginManager: Loaded plugin: "AudioDB" "10.11.8.0"
[2026-05-03 15:35:29.310 -04:00] [INF] [10] Jellyfin.Server.Migrations.JellyfinMigrationService: There are 0 migrations for stage AppInitialisation.
[2026-05-03 15:35:29.332 -04:00] [INF] [10] Main: Kestrel is listening on "all interfaces"
[2026-05-03 15:35:29.608 -04:00] [WRN] [10] Microsoft.AspNetCore.StaticFiles.StaticFileMiddleware: The WebRootPath was not found: "/run/s6-rc:s6-rc-init:IOJOkP/servicedirs/svc-jellyfin/wwwroot". Static files may be unavailable.
[2026-05-03 15:35:29.617 -04:00] [INF] [10] Emby.Server.Implementations.ApplicationHost: Running startup tasks
[2026-05-03 15:35:29.618 -04:00] [INF] [7] Emby.Server.Implementations.IO.LibraryMonitor: Watching directory "/data/media/tv"
[2026-05-03 15:35:29.619 -04:00] [INF] [11] Emby.Server.Implementations.IO.LibraryMonitor: Watching directory "/data/media/movies"
[2026-05-03 15:35:29.621 -04:00] [INF] [10] Emby.Server.Implementations.ScheduledTasks.TaskManager: Daily trigger for "Generate Trickplay Images" set to fire at 2026-05-04 03:00:00.000 -04:00, which is 11:24:30.3786801 from now.
[2026-05-03 15:35:29.625 -04:00] [INF] [10] Emby.Server.Implementations.ScheduledTasks.TaskManager: Daily trigger for "Extract Chapter Images" set to fire at 2026-05-04 02:00:00.000 -04:00, which is 10:24:30.3748421 from now.
[2026-05-03 15:35:29.635 -04:00] [INF] [10] MediaBrowser.MediaEncoding.Encoder.MediaEncoder: Found ffmpeg version "7.1.3"
[2026-05-03 15:35:29.646 -04:00] [INF] [10] MediaBrowser.MediaEncoding.Encoder.MediaEncoder: Available "decoders": ["libdav1d", "av1", "av1_cuvid", "av1_rkmpp", "h264", "h264_rkmpp", "h264_cuvid", "hevc", "hevc_rkmpp", "hevc_cuvid", "mpeg1_rkmpp", "mpeg2video", "mpeg2_rkmpp", "mpeg2_cuvid", "mpeg4", "mpeg4_rkmpp", "mpeg4_cuvid", "msmpeg4", "vc1_cuvid", "vp8", "vp8_rkmpp", "libvpx", "vp8_cuvid", "vp9", "vp9_rkmpp", "libvpx-vp9", "vp9_cuvid", "aac", "ac3", "ac4", "dca", "flac", "mp3", "truehd"]
[2026-05-03 15:35:29.652 -04:00] [INF] [10] MediaBrowser.MediaEncoding.Encoder.MediaEncoder: Available "encoders": ["libsvtav1", "av1_nvenc", "libx264", "h264_nvenc", "h264_v4l2m2m", "h264_rkmpp", "libx265", "hevc_nvenc", "hevc_rkmpp", "mjpeg_rkmpp", "aac", "libfdk_aac", "ac3", "alac", "dca", "flac", "libmp3lame", "libopus", "truehd", "libvorbis", "srt"]
[2026-05-03 15:35:29.658 -04:00] [INF] [10] MediaBrowser.MediaEncoding.Encoder.MediaEncoder: Available filters: ["bwdif_cuda", "bwdif_opencl", "hwupload_cuda", "overlay_opencl", "overlay_cuda", "overlay_rkrga", "scale_cuda", "scale_opencl", "scale_rkrga", "tonemapx", "tonemap_cuda", "tonemap_opencl", "transpose_cuda", "transpose_opencl", "vpp_rkrga", "yadif_cuda", "yadif_opencl", "zscale", "alphasrc"]
[2026-05-03 15:35:29.682 -04:00] [WRN] [10] MediaBrowser.MediaEncoding.Encoder.MediaEncoder: Filter: "overlay_vaapi" with option "Action to take when encountering EOF from secondary input" is not available
[2026-05-03 15:35:29.687 -04:00] [WRN] [10] MediaBrowser.MediaEncoding.Encoder.MediaEncoder: Filter: "overlay_vulkan" with option "Action to take when encountering EOF from secondary input" is not available
[2026-05-03 15:35:29.726 -04:00] [INF] [10] MediaBrowser.MediaEncoding.Encoder.MediaEncoder: Available hwaccel types: ["cuda", "drm", "opencl", "rkmpp"]
[2026-05-03 15:35:32.632 -04:00] [INF] [16] Emby.Server.Implementations.ScheduledTasks.TaskManager: "Clean up collections and playlists" Completed after 0 minute(s) and 0 seconds
[2026-05-03 15:35:32.632 -04:00] [INF] [23] Emby.Server.Implementations.ScheduledTasks.TaskManager: "Clean Transcode Directory" Completed after 0 minute(s) and 0 seconds
[2026-05-03 15:35:32.864 -04:00] [INF] [16] Emby.Server.Implementations.ScheduledTasks.TaskManager: "Update Plugins" Completed after 0 minute(s) and 0 seconds
[2026-05-03 15:35:36.052 -04:00] [INF] [10] MediaBrowser.MediaEncoding.Encoder.MediaEncoder: FFmpeg: "/usr/lib/jellyfin-ffmpeg/ffmpeg"
[2026-05-03 15:35:36.053 -04:00] [INF] [10] Emby.Server.Implementations.ApplicationHost: ServerId: "3b7bf31d74a4418a8d9b202fcb638c73"
[2026-05-03 15:35:36.053 -04:00] [INF] [10] Emby.Server.Implementations.ApplicationHost: Core startup complete
[2026-05-03 15:35:36.053 -04:00] [INF] [10] Main: Startup complete 0:00:07.9812933
[2026-05-03 15:36:54.168 -04:00] [WRN] [26] Jellyfin.Networking.Manager.NetworkManager: "::ffff:172.20.0.16": Only loopback "::1" returned, using that as bind address.
[2026-05-03 15:36:54.183 -04:00] [WRN] [3] Jellyfin.Networking.Manager.NetworkManager: "::ffff:172.20.0.16": Only loopback "::1" returned, using that as bind address.
[2026-05-03 15:37:20.798 -04:00] [WRN] [27] Jellyfin.Networking.Manager.NetworkManager: "::ffff:172.20.0.16": Only loopback "::1" returned, using that as bind address.
[2026-05-03 15:37:20.799 -04:00] [WRN] [27] Jellyfin.Networking.Manager.NetworkManager: "::ffff:172.20.0.16": Only loopback "::1" returned, using that as bind address.
[2026-05-03 15:38:04.650 -04:00] [WRN] [31] Jellyfin.Networking.Manager.NetworkManager: "::ffff:172.20.0.1": Only loopback "::1" returned, using that as bind address.
[2026-05-03 15:38:04.762 -04:00] [WRN] [31] Jellyfin.Networking.Manager.NetworkManager: "::ffff:172.20.0.1": Only loopback "::1" returned, using that as bind address.
[2026-05-03 15:38:04.807 -04:00] [WRN] [34] Jellyfin.Networking.Manager.NetworkManager: "::ffff:172.20.0.1": Only loopback "::1" returned, using that as bind address.
[2026-05-03 15:38:04.813 -04:00] [WRN] [31] Jellyfin.Networking.Manager.NetworkManager: "::ffff:172.20.0.1": Only loopback "::1" returned, using that as bind address.
[2026-05-03 15:38:04.819 -04:00] [INF] [36] Emby.Server.Implementations.HttpServer.WebSocketManager: WS "::ffff:172.20.0.1" request
[2026-05-03 15:38:16.585 -04:00] [INF] [26] Jellyfin.Api.Helpers.MediaInfoHelper: User policy for "admin". EnablePlaybackRemuxing: True EnableVideoPlaybackTranscoding: True EnableAudioPlaybackTranscoding: True
[2026-05-03 15:38:27.191 -04:00] [INF] [31] Emby.Server.Implementations.Session.SessionManager: Playback stopped reported by app "Jellyfin Web" "10.11.8" playing "The Super Mario Galaxy Movie". Stopped at "9971" ms
[2026-05-03 15:41:52.853 -04:00] [INF] [42] Emby.Server.Implementations.Session.SessionWebSocketListener: Sending ForceKeepAlive message to 1 inactive WebSockets.
[2026-05-03 15:46:16.851 -04:00] [INF] [47] Emby.Server.Implementations.Session.SessionWebSocketListener: Sending ForceKeepAlive message to 1 inactive WebSockets.
[2026-05-03 15:50:04.850 -04:00] [INF] [26] Emby.Server.Implementations.Session.SessionWebSocketListener: Sending ForceKeepAlive message to 1 inactive WebSockets.
[2026-05-03 15:52:10.821 -04:00] [INF] [3] Emby.Server.Implementations.Session.SessionManager: Sending shutdown notifications
[2026-05-03 15:52:10.845 -04:00] [INF] [26] Emby.Server.Implementations.HttpServer.WebSocketManager: WS "::ffff:172.20.0.1" closed
[2026-05-03 15:52:10.852 -04:00] [INF] [43] Main: Running query planner optimizations in the database... This might take a while
[2026-05-03 15:52:10.886 -04:00] [INF] [53] Emby.Server.Implementations.IO.LibraryMonitor: Stopping directory watching for path "/data/media/movies"
[2026-05-03 15:52:10.886 -04:00] [INF] [53] Emby.Server.Implementations.IO.LibraryMonitor: Stopping directory watching for path "/data/media/tv"
[2026-05-03 15:52:10.889 -04:00] [INF] [43] Emby.Server.Implementations.ApplicationHost: Disposing "CoreAppHost"
[2026-05-03 15:52:10.889 -04:00] [INF] [43] Emby.Server.Implementations.ApplicationHost: Disposing "MusicBrainzArtistProvider"
[2026-05-03 15:52:10.889 -04:00] [INF] [43] Emby.Server.Implementations.ApplicationHost: Disposing "MusicBrainzAlbumProvider"
[2026-05-03 15:52:10.889 -04:00] [INF] [43] Emby.Server.Implementations.ApplicationHost: Disposing "PluginManager"
[2026-05-03 20:36:30.427 -04:00] [INF] [1] Emby.Server.Implementations.AppBase.BaseConfigurationManager: Setting cache path: "/config/cache"
[2026-05-03 20:36:30.536 -04:00] [INF] [9] Jellyfin.Server.ServerSetupApp.SetupServer: Kestrel is listening on "all interfaces"
[2026-05-03 20:36:30.583 -04:00] [INF] [9] Main: Jellyfin version: "10.11.8"
[2026-05-03 20:36:30.584 -04:00] [INF] [9] Main: Environment Variables: ["[JELLYFIN_WEB_DIR, /usr/share/jellyfin/web]", "[JELLYFIN_CACHE_DIR, /config/cache]", "[JELLYFIN_DATA_DIR, /config/data]", "[JELLYFIN_LOG_DIR, /config/log]", "[JELLYFIN_CONFIG_DIR, /config]"]
[2026-05-03 20:36:30.585 -04:00] [INF] [9] Main: Arguments: ["/usr/lib/jellyfin/bin/jellyfin.dll", "--ffmpeg=/usr/lib/jellyfin-ffmpeg/ffmpeg"]
[2026-05-03 20:36:30.585 -04:00] [INF] [9] Main: Operating system: "Ubuntu 24.04.4 LTS"
[2026-05-03 20:36:30.585 -04:00] [INF] [9] Main: Architecture: Arm64
[2026-05-03 20:36:30.585 -04:00] [INF] [9] Main: 64-Bit Process: True
[2026-05-03 20:36:30.585 -04:00] [INF] [9] Main: User Interactive: True
[2026-05-03 20:36:30.585 -04:00] [INF] [9] Main: Processor count: 8
[2026-05-03 20:36:30.585 -04:00] [INF] [9] Main: Program data path: "/config/data"
[2026-05-03 20:36:30.585 -04:00] [INF] [9] Main: Log directory path: "/config/log"
[2026-05-03 20:36:30.585 -04:00] [INF] [9] Main: Config directory path: "/config"
[2026-05-03 20:36:30.585 -04:00] [INF] [9] Main: Cache path: "/config/cache"
[2026-05-03 20:36:30.585 -04:00] [INF] [9] Main: Temp directory path: "/tmp/jellyfin"
[2026-05-03 20:36:30.585 -04:00] [INF] [9] Main: Web resources path: "/usr/share/jellyfin/web"
[2026-05-03 20:36:30.586 -04:00] [INF] [9] Main: Application directory: "/usr/lib/jellyfin/bin/"
[2026-05-03 20:36:30.593 -04:00] [INF] [9] Jellyfin.Server.Startup: Storage path `"/config/data/data"` (Unknown) successfully checked with "186TiB" free which is over the minimum of "2GiB".
[2026-05-03 20:36:30.594 -04:00] [INF] [9] Jellyfin.Server.Startup: Storage path `"/config/cache"` (Unknown) successfully checked with "186TiB" free which is over the minimum of "2GiB".
[2026-05-03 20:36:30.595 -04:00] [INF] [9] Jellyfin.Server.Startup: Storage path `"/config/data"` (Unknown) successfully checked with "186TiB" free which is over the minimum of "2GiB".
[2026-05-03 20:36:30.598 -04:00] [INF] [9] Emby.Server.Implementations.AppBase.BaseConfigurationManager: Setting cache path: "/config/cache"
[2026-05-03 20:36:30.633 -04:00] [INF] [9] Jellyfin.Database.Providers.Sqlite.SqliteDatabaseProvider: SQLite connection string: "Data Source=/config/data/data/jellyfin.db;Cache=Default;Default Timeout=30;Pooling=True"
[2026-05-03 20:36:30.635 -04:00] [INF] [9] Jellyfin.Database.Providers.Sqlite.SqliteDatabaseProvider: SQLITE connection pragma command set to: 
"PRAGMA locking_mode=NORMAL;
PRAGMA journal_size_limit=134217728;
PRAGMA synchronous=1;
PRAGMA temp_store=2;
"
[2026-05-03 20:36:30.636 -04:00] [INF] [9] Jellyfin.Database.Implementations.Locking.NoLockBehavior: The database locking mode has been set to: NoLock.
[2026-05-03 20:36:30.648 -04:00] [INF] [9] Jellyfin.Server.Migrations.JellyfinMigrationService: Initialise Migration service.
[2026-05-03 20:36:30.932 -04:00] [WRN] [13] Microsoft.Extensions.Diagnostics.HealthChecks.DefaultHealthCheckService: Health check "StartupCheck" with status Degraded completed after 0.4048ms with message '"Server is still starting up."'
[2026-05-03 20:36:31.118 -04:00] [INF] [9] Jellyfin.Server.Migrations.JellyfinMigrationService: There are 0 migrations for stage PreInitialisation.
[2026-05-03 20:36:31.126 -04:00] [INF] [9] Emby.Server.Implementations.AppBase.BaseConfigurationManager: Setting cache path: "/config/cache"
[2026-05-03 20:36:31.204 -04:00] [INF] [9] Emby.Server.Implementations.ApplicationHost: Loading assemblies
[2026-05-03 20:36:31.230 -04:00] [INF] [9] Jellyfin.Networking.Manager.NetworkManager: Defined LAN subnets: ["192.168.2.0/24"]
[2026-05-03 20:36:31.230 -04:00] [INF] [9] Jellyfin.Networking.Manager.NetworkManager: Defined LAN exclusions: []
[2026-05-03 20:36:31.231 -04:00] [INF] [9] Jellyfin.Networking.Manager.NetworkManager: Used LAN subnets: ["192.168.2.0/24"]
[2026-05-03 20:36:31.231 -04:00] [INF] [9] Jellyfin.Networking.Manager.NetworkManager: Filtered interface addresses: []
[2026-05-03 20:36:31.232 -04:00] [INF] [9] Jellyfin.Networking.Manager.NetworkManager: Bind Addresses ["::"]
[2026-05-03 20:36:31.232 -04:00] [INF] [9] Jellyfin.Networking.Manager.NetworkManager: Remote IP filter is "Allowlist"
[2026-05-03 20:36:31.232 -04:00] [INF] [9] Jellyfin.Networking.Manager.NetworkManager: Filtered subnets: []
[2026-05-03 20:36:31.312 -04:00] [INF] [9] Jellyfin.Database.Providers.Sqlite.SqliteDatabaseProvider: SQLite connection string: "Data Source=/config/data/data/jellyfin.db;Cache=Default;Default Timeout=30;Pooling=True"
[2026-05-03 20:36:31.312 -04:00] [INF] [9] Jellyfin.Database.Providers.Sqlite.SqliteDatabaseProvider: SQLITE connection pragma command set to: 
"PRAGMA locking_mode=NORMAL;
PRAGMA journal_size_limit=134217728;
PRAGMA synchronous=1;
PRAGMA temp_store=2;
"
[2026-05-03 20:36:31.312 -04:00] [INF] [9] Jellyfin.Database.Implementations.Locking.NoLockBehavior: The database locking mode has been set to: NoLock.
[2026-05-03 20:36:31.314 -04:00] [INF] [9] Main: Prepare system for possible migrations
[2026-05-03 20:36:31.331 -04:00] [INF] [9] Jellyfin.Server.Migrations.JellyfinMigrationService: There are 0 migrations for stage CoreInitialisation.
[2026-05-03 20:36:31.618 -04:00] [INF] [9] Emby.Server.Implementations.Plugins.PluginManager: Loaded plugin: "TMDb" "10.11.8.0"
[2026-05-03 20:36:31.619 -04:00] [INF] [9] Emby.Server.Implementations.Plugins.PluginManager: Loaded plugin: "Studio Images" "10.11.8.0"
[2026-05-03 20:36:31.619 -04:00] [INF] [9] Emby.Server.Implementations.Plugins.PluginManager: Loaded plugin: "OMDb" "10.11.8.0"
[2026-05-03 20:36:31.628 -04:00] [INF] [9] Emby.Server.Implementations.Plugins.PluginManager: Loaded plugin: "MusicBrainz" "10.11.8.0"
[2026-05-03 20:36:31.629 -04:00] [INF] [9] Emby.Server.Implementations.Plugins.PluginManager: Loaded plugin: "AudioDB" "10.11.8.0"
[2026-05-03 20:36:31.647 -04:00] [INF] [9] Jellyfin.Server.Migrations.JellyfinMigrationService: There are 0 migrations for stage AppInitialisation.
[2026-05-03 20:36:31.684 -04:00] [INF] [13] Main: Kestrel is listening on "all interfaces"
[2026-05-03 20:36:31.955 -04:00] [WRN] [13] Microsoft.AspNetCore.StaticFiles.StaticFileMiddleware: The WebRootPath was not found: "/run/s6-rc:s6-rc-init:JmFojJ/servicedirs/svc-jellyfin/wwwroot". Static files may be unavailable.
[2026-05-03 20:36:31.965 -04:00] [INF] [13] Emby.Server.Implementations.ApplicationHost: Running startup tasks
[2026-05-03 20:36:31.966 -04:00] [INF] [9] Emby.Server.Implementations.IO.LibraryMonitor: Watching directory "/data/media/tv"
[2026-05-03 20:36:31.968 -04:00] [INF] [7] Emby.Server.Implementations.IO.LibraryMonitor: Watching directory "/data/media/movies"
[2026-05-03 20:36:31.969 -04:00] [INF] [13] Emby.Server.Implementations.ScheduledTasks.TaskManager: Daily trigger for "Generate Trickplay Images" set to fire at 2026-05-04 03:00:00.000 -04:00, which is 06:23:28.0308296 from now.
[2026-05-03 20:36:31.973 -04:00] [INF] [13] Emby.Server.Implementations.ScheduledTasks.TaskManager: Daily trigger for "Extract Chapter Images" set to fire at 2026-05-04 02:00:00.000 -04:00, which is 05:23:28.0261509 from now.
[2026-05-03 20:36:31.988 -04:00] [INF] [13] MediaBrowser.MediaEncoding.Encoder.MediaEncoder: Found ffmpeg version "7.1.3"
[2026-05-03 20:36:31.999 -04:00] [INF] [13] MediaBrowser.MediaEncoding.Encoder.MediaEncoder: Available "decoders": ["libdav1d", "av1", "av1_cuvid", "av1_rkmpp", "h264", "h264_rkmpp", "h264_cuvid", "hevc", "hevc_rkmpp", "hevc_cuvid", "mpeg1_rkmpp", "mpeg2video", "mpeg2_rkmpp", "mpeg2_cuvid", "mpeg4", "mpeg4_rkmpp", "mpeg4_cuvid", "msmpeg4", "vc1_cuvid", "vp8", "vp8_rkmpp", "libvpx", "vp8_cuvid", "vp9", "vp9_rkmpp", "libvpx-vp9", "vp9_cuvid", "aac", "ac3", "ac4", "dca", "flac", "mp3", "truehd"]
[2026-05-03 20:36:32.006 -04:00] [INF] [13] MediaBrowser.MediaEncoding.Encoder.MediaEncoder: Available "encoders": ["libsvtav1", "av1_nvenc", "libx264", "h264_nvenc", "h264_v4l2m2m", "h264_rkmpp", "libx265", "hevc_nvenc", "hevc_rkmpp", "mjpeg_rkmpp", "aac", "libfdk_aac", "ac3", "alac", "dca", "flac", "libmp3lame", "libopus", "truehd", "libvorbis", "srt"]
[2026-05-03 20:36:32.012 -04:00] [INF] [13] MediaBrowser.MediaEncoding.Encoder.MediaEncoder: Available filters: ["bwdif_cuda", "bwdif_opencl", "hwupload_cuda", "overlay_opencl", "overlay_cuda", "overlay_rkrga", "scale_cuda", "scale_opencl", "scale_rkrga", "tonemapx", "tonemap_cuda", "tonemap_opencl", "transpose_cuda", "transpose_opencl", "vpp_rkrga", "yadif_cuda", "yadif_opencl", "zscale", "alphasrc"]
[2026-05-03 20:36:32.040 -04:00] [WRN] [13] MediaBrowser.MediaEncoding.Encoder.MediaEncoder: Filter: "overlay_vaapi" with option "Action to take when encountering EOF from secondary input" is not available
[2026-05-03 20:36:32.046 -04:00] [WRN] [13] MediaBrowser.MediaEncoding.Encoder.MediaEncoder: Filter: "overlay_vulkan" with option "Action to take when encountering EOF from secondary input" is not available
[2026-05-03 20:36:32.090 -04:00] [INF] [13] MediaBrowser.MediaEncoding.Encoder.MediaEncoder: Available hwaccel types: ["cuda", "drm", "opencl", "rkmpp"]
[2026-05-03 20:36:34.981 -04:00] [INF] [7] Emby.Server.Implementations.ScheduledTasks.TaskManager: "Clean Transcode Directory" Completed after 0 minute(s) and 0 seconds
[2026-05-03 20:36:34.982 -04:00] [INF] [10] Emby.Server.Implementations.ScheduledTasks.TaskManager: "Clean up collections and playlists" Completed after 0 minute(s) and 0 seconds
[2026-05-03 20:36:35.312 -04:00] [INF] [16] Emby.Server.Implementations.ScheduledTasks.TaskManager: "Update Plugins" Completed after 0 minute(s) and 0 seconds
[2026-05-03 20:36:39.272 -04:00] [INF] [13] MediaBrowser.MediaEncoding.Encoder.MediaEncoder: FFmpeg: "/usr/lib/jellyfin-ffmpeg/ffmpeg"
[2026-05-03 20:36:39.273 -04:00] [INF] [13] Emby.Server.Implementations.ApplicationHost: ServerId: "3b7bf31d74a4418a8d9b202fcb638c73"
[2026-05-03 20:36:39.273 -04:00] [INF] [13] Emby.Server.Implementations.ApplicationHost: Core startup complete
[2026-05-03 20:36:39.273 -04:00] [INF] [13] Main: Startup complete 0:00:09.3179302
[2026-05-03 20:37:24.370 -04:00] [WRN] [13] Jellyfin.Networking.Manager.NetworkManager: "::ffff:172.20.0.16": Only loopback "::1" returned, using that as bind address.
[2026-05-03 20:37:24.370 -04:00] [WRN] [19] Jellyfin.Networking.Manager.NetworkManager: "::ffff:172.20.0.16": Only loopback "::1" returned, using that as bind address.
[2026-05-03 20:38:10.510 -04:00] [WRN] [28] Jellyfin.Networking.Manager.NetworkManager: "::ffff:172.20.0.16": Only loopback "::1" returned, using that as bind address.
[2026-05-03 20:38:10.510 -04:00] [WRN] [24] Jellyfin.Networking.Manager.NetworkManager: "::ffff:172.20.0.16": Only loopback "::1" returned, using that as bind address.
[2026-05-03 20:41:12.167 -04:00] [WRN] [28] Jellyfin.Networking.Manager.NetworkManager: "::ffff:172.20.0.16": Only loopback "::1" returned, using that as bind address.
[2026-05-03 20:41:12.165 -04:00] [WRN] [29] Jellyfin.Networking.Manager.NetworkManager: "::ffff:172.20.0.16": Only loopback "::1" returned, using that as bind address.
[2026-05-03 20:42:31.487 -04:00] [INF] [28] Emby.Server.Implementations.IO.LibraryMonitor: "movies" ("/data/media/movies") will be refreshed.
[2026-05-03 21:00:00.081 -04:00] [WRN] [34] Jellyfin.Networking.Manager.NetworkManager: "::ffff:172.20.0.15": Only loopback "::1" returned, using that as bind address.
[2026-05-03 21:08:20.091 -04:00] [WRN] [31] Jellyfin.Networking.Manager.NetworkManager: "::ffff:172.20.0.16": Only loopback "::1" returned, using that as bind address.
[2026-05-03 21:08:20.093 -04:00] [WRN] [38] Jellyfin.Networking.Manager.NetworkManager: "::ffff:172.20.0.16": Only loopback "::1" returned, using that as bind address.
[2026-05-03 21:19:11.494 -04:00] [INF] [40] Emby.Server.Implementations.Session.SessionManager: Sending shutdown notifications
[2026-05-03 21:19:11.526 -04:00] [INF] [56] Main: Running query planner optimizations in the database... This might take a while
[2026-05-03 21:19:11.554 -04:00] [INF] [60] Emby.Server.Implementations.IO.LibraryMonitor: Stopping directory watching for path "/data/media/movies"
[2026-05-03 21:19:11.555 -04:00] [INF] [60] Emby.Server.Implementations.IO.LibraryMonitor: Stopping directory watching for path "/data/media/tv"
[2026-05-03 21:19:11.557 -04:00] [INF] [56] Emby.Server.Implementations.ApplicationHost: Disposing "CoreAppHost"
[2026-05-03 21:19:11.557 -04:00] [INF] [56] Emby.Server.Implementations.ApplicationHost: Disposing "MusicBrainzArtistProvider"
[2026-05-03 21:19:11.557 -04:00] [INF] [56] Emby.Server.Implementations.ApplicationHost: Disposing "MusicBrainzAlbumProvider"
[2026-05-03 21:19:11.557 -04:00] [INF] [56] Emby.Server.Implementations.ApplicationHost: Disposing "PluginManager"
[2026-05-03 21:26:58.377 -04:00] [INF] [1] Emby.Server.Implementations.AppBase.BaseConfigurationManager: Setting cache path: "/config/cache"
[2026-05-03 21:26:58.500 -04:00] [INF] [10] Jellyfin.Server.ServerSetupApp.SetupServer: Kestrel is listening on "all interfaces"
[2026-05-03 21:26:58.517 -04:00] [INF] [10] Main: Jellyfin version: "10.11.8"
[2026-05-03 21:26:58.519 -04:00] [INF] [10] Main: Environment Variables: ["[JELLYFIN_CACHE_DIR, /config/cache]", "[JELLYFIN_LOG_DIR, /config/log]", "[JELLYFIN_DATA_DIR, /config/data]", "[JELLYFIN_CONFIG_DIR, /config]", "[JELLYFIN_WEB_DIR, /usr/share/jellyfin/web]"]
[2026-05-03 21:26:58.520 -04:00] [INF] [10] Main: Arguments: ["/usr/lib/jellyfin/bin/jellyfin.dll", "--ffmpeg=/usr/lib/jellyfin-ffmpeg/ffmpeg"]
[2026-05-03 21:26:58.520 -04:00] [INF] [10] Main: Operating system: "Ubuntu 24.04.4 LTS"
[2026-05-03 21:26:58.520 -04:00] [INF] [10] Main: Architecture: Arm64
[2026-05-03 21:26:58.521 -04:00] [INF] [10] Main: 64-Bit Process: True
[2026-05-03 21:26:58.521 -04:00] [INF] [10] Main: User Interactive: True
[2026-05-03 21:26:58.521 -04:00] [INF] [10] Main: Processor count: 8
[2026-05-03 21:26:58.521 -04:00] [INF] [10] Main: Program data path: "/config/data"
[2026-05-03 21:26:58.521 -04:00] [INF] [10] Main: Log directory path: "/config/log"
[2026-05-03 21:26:58.521 -04:00] [INF] [10] Main: Config directory path: "/config"
[2026-05-03 21:26:58.521 -04:00] [INF] [10] Main: Cache path: "/config/cache"
[2026-05-03 21:26:58.521 -04:00] [INF] [10] Main: Temp directory path: "/tmp/jellyfin"
[2026-05-03 21:26:58.521 -04:00] [INF] [10] Main: Web resources path: "/usr/share/jellyfin/web"
[2026-05-03 21:26:58.521 -04:00] [INF] [10] Main: Application directory: "/usr/lib/jellyfin/bin/"
[2026-05-03 21:26:58.530 -04:00] [INF] [10] Jellyfin.Server.Startup: Storage path `"/config/data/data"` (Unknown) successfully checked with "186TiB" free which is over the minimum of "2GiB".
[2026-05-03 21:26:58.531 -04:00] [INF] [10] Jellyfin.Server.Startup: Storage path `"/config/cache"` (Unknown) successfully checked with "186TiB" free which is over the minimum of "2GiB".
[2026-05-03 21:26:58.532 -04:00] [INF] [10] Jellyfin.Server.Startup: Storage path `"/config/data"` (Unknown) successfully checked with "186TiB" free which is over the minimum of "2GiB".
[2026-05-03 21:26:58.536 -04:00] [INF] [10] Emby.Server.Implementations.AppBase.BaseConfigurationManager: Setting cache path: "/config/cache"
[2026-05-03 21:26:58.570 -04:00] [INF] [10] Jellyfin.Database.Providers.Sqlite.SqliteDatabaseProvider: SQLite connection string: "Data Source=/config/data/data/jellyfin.db;Cache=Default;Default Timeout=30;Pooling=True"
[2026-05-03 21:26:58.572 -04:00] [INF] [10] Jellyfin.Database.Providers.Sqlite.SqliteDatabaseProvider: SQLITE connection pragma command set to: 
"PRAGMA locking_mode=NORMAL;
PRAGMA journal_size_limit=134217728;
PRAGMA synchronous=1;
PRAGMA temp_store=2;
"
[2026-05-03 21:26:58.573 -04:00] [INF] [10] Jellyfin.Database.Implementations.Locking.NoLockBehavior: The database locking mode has been set to: NoLock.
[2026-05-03 21:26:58.585 -04:00] [INF] [10] Jellyfin.Server.Migrations.JellyfinMigrationService: Initialise Migration service.
[2026-05-03 21:26:58.853 -04:00] [WRN] [9] Microsoft.Extensions.Diagnostics.HealthChecks.DefaultHealthCheckService: Health check "StartupCheck" with status Degraded completed after 0.2603ms with message '"Server is still starting up."'
[2026-05-03 21:26:59.068 -04:00] [INF] [10] Jellyfin.Server.Migrations.JellyfinMigrationService: There are 0 migrations for stage PreInitialisation.
[2026-05-03 21:26:59.073 -04:00] [INF] [10] Emby.Server.Implementations.AppBase.BaseConfigurationManager: Setting cache path: "/config/cache"
[2026-05-03 21:26:59.171 -04:00] [INF] [10] Emby.Server.Implementations.ApplicationHost: Loading assemblies
[2026-05-03 21:26:59.205 -04:00] [INF] [10] Jellyfin.Networking.Manager.NetworkManager: Defined LAN subnets: ["192.168.2.0/24"]
[2026-05-03 21:26:59.206 -04:00] [INF] [10] Jellyfin.Networking.Manager.NetworkManager: Defined LAN exclusions: []
[2026-05-03 21:26:59.206 -04:00] [INF] [10] Jellyfin.Networking.Manager.NetworkManager: Used LAN subnets: ["192.168.2.0/24"]
[2026-05-03 21:26:59.207 -04:00] [INF] [10] Jellyfin.Networking.Manager.NetworkManager: Filtered interface addresses: []
[2026-05-03 21:26:59.207 -04:00] [INF] [10] Jellyfin.Networking.Manager.NetworkManager: Bind Addresses ["::"]
[2026-05-03 21:26:59.207 -04:00] [INF] [10] Jellyfin.Networking.Manager.NetworkManager: Remote IP filter is "Allowlist"
[2026-05-03 21:26:59.207 -04:00] [INF] [10] Jellyfin.Networking.Manager.NetworkManager: Filtered subnets: []
[2026-05-03 21:26:59.258 -04:00] [INF] [10] Jellyfin.Database.Providers.Sqlite.SqliteDatabaseProvider: SQLite connection string: "Data Source=/config/data/data/jellyfin.db;Cache=Default;Default Timeout=30;Pooling=True"
[2026-05-03 21:26:59.258 -04:00] [INF] [10] Jellyfin.Database.Providers.Sqlite.SqliteDatabaseProvider: SQLITE connection pragma command set to: 
"PRAGMA locking_mode=NORMAL;
PRAGMA journal_size_limit=134217728;
PRAGMA synchronous=1;
PRAGMA temp_store=2;
"
[2026-05-03 21:26:59.259 -04:00] [INF] [10] Jellyfin.Database.Implementations.Locking.NoLockBehavior: The database locking mode has been set to: NoLock.
[2026-05-03 21:26:59.264 -04:00] [INF] [10] Main: Prepare system for possible migrations
[2026-05-03 21:26:59.291 -04:00] [INF] [10] Jellyfin.Server.Migrations.JellyfinMigrationService: There are 0 migrations for stage CoreInitialisation.
[2026-05-03 21:26:59.576 -04:00] [INF] [10] Emby.Server.Implementations.Plugins.PluginManager: Loaded plugin: "TMDb" "10.11.8.0"
[2026-05-03 21:26:59.577 -04:00] [INF] [10] Emby.Server.Implementations.Plugins.PluginManager: Loaded plugin: "Studio Images" "10.11.8.0"
[2026-05-03 21:26:59.577 -04:00] [INF] [10] Emby.Server.Implementations.Plugins.PluginManager: Loaded plugin: "OMDb" "10.11.8.0"
[2026-05-03 21:26:59.583 -04:00] [INF] [10] Emby.Server.Implementations.Plugins.PluginManager: Loaded plugin: "MusicBrainz" "10.11.8.0"
[2026-05-03 21:26:59.584 -04:00] [INF] [10] Emby.Server.Implementations.Plugins.PluginManager: Loaded plugin: "AudioDB" "10.11.8.0"
[2026-05-03 21:26:59.606 -04:00] [INF] [10] Jellyfin.Server.Migrations.JellyfinMigrationService: There are 0 migrations for stage AppInitialisation.
[2026-05-03 21:26:59.644 -04:00] [INF] [13] Main: Kestrel is listening on "all interfaces"
[2026-05-03 21:26:59.911 -04:00] [WRN] [13] Microsoft.AspNetCore.StaticFiles.StaticFileMiddleware: The WebRootPath was not found: "/run/s6-rc:s6-rc-init:gLJloH/servicedirs/svc-jellyfin/wwwroot". Static files may be unavailable.
[2026-05-03 21:26:59.921 -04:00] [INF] [13] Emby.Server.Implementations.ApplicationHost: Running startup tasks
[2026-05-03 21:26:59.922 -04:00] [INF] [9] Emby.Server.Implementations.IO.LibraryMonitor: Watching directory "/data/media/tv"
[2026-05-03 21:26:59.927 -04:00] [INF] [10] Emby.Server.Implementations.IO.LibraryMonitor: Watching directory "/data/media/movies"
[2026-05-03 21:26:59.928 -04:00] [INF] [13] Emby.Server.Implementations.ScheduledTasks.TaskManager: Daily trigger for "Generate Trickplay Images" set to fire at 2026-05-04 03:00:00.000 -04:00, which is 05:33:00.0711395 from now.
[2026-05-03 21:26:59.934 -04:00] [INF] [13] Emby.Server.Implementations.ScheduledTasks.TaskManager: Daily trigger for "Extract Chapter Images" set to fire at 2026-05-04 02:00:00.000 -04:00, which is 04:33:00.0660117 from now.
[2026-05-03 21:26:59.949 -04:00] [INF] [13] MediaBrowser.MediaEncoding.Encoder.MediaEncoder: Found ffmpeg version "7.1.3"
[2026-05-03 21:26:59.964 -04:00] [INF] [13] MediaBrowser.MediaEncoding.Encoder.MediaEncoder: Available "decoders": ["libdav1d", "av1", "av1_cuvid", "av1_rkmpp", "h264", "h264_rkmpp", "h264_cuvid", "hevc", "hevc_rkmpp", "hevc_cuvid", "mpeg1_rkmpp", "mpeg2video", "mpeg2_rkmpp", "mpeg2_cuvid", "mpeg4", "mpeg4_rkmpp", "mpeg4_cuvid", "msmpeg4", "vc1_cuvid", "vp8", "vp8_rkmpp", "libvpx", "vp8_cuvid", "vp9", "vp9_rkmpp", "libvpx-vp9", "vp9_cuvid", "aac", "ac3", "ac4", "dca", "flac", "mp3", "truehd"]
[2026-05-03 21:26:59.971 -04:00] [INF] [13] MediaBrowser.MediaEncoding.Encoder.MediaEncoder: Available "encoders": ["libsvtav1", "av1_nvenc", "libx264", "h264_nvenc", "h264_v4l2m2m", "h264_rkmpp", "libx265", "hevc_nvenc", "hevc_rkmpp", "mjpeg_rkmpp", "aac", "libfdk_aac", "ac3", "alac", "dca", "flac", "libmp3lame", "libopus", "truehd", "libvorbis", "srt"]
[2026-05-03 21:26:59.977 -04:00] [INF] [13] MediaBrowser.MediaEncoding.Encoder.MediaEncoder: Available filters: ["bwdif_cuda", "bwdif_opencl", "hwupload_cuda", "overlay_opencl", "overlay_cuda", "overlay_rkrga", "scale_cuda", "scale_opencl", "scale_rkrga", "tonemapx", "tonemap_cuda", "tonemap_opencl", "transpose_cuda", "transpose_opencl", "vpp_rkrga", "yadif_cuda", "yadif_opencl", "zscale", "alphasrc"]
[2026-05-03 21:27:00.005 -04:00] [WRN] [13] MediaBrowser.MediaEncoding.Encoder.MediaEncoder: Filter: "overlay_vaapi" with option "Action to take when encountering EOF from secondary input" is not available
[2026-05-03 21:27:00.011 -04:00] [WRN] [13] MediaBrowser.MediaEncoding.Encoder.MediaEncoder: Filter: "overlay_vulkan" with option "Action to take when encountering EOF from secondary input" is not available
[2026-05-03 21:27:00.059 -04:00] [INF] [13] MediaBrowser.MediaEncoding.Encoder.MediaEncoder: Available hwaccel types: ["cuda", "drm", "opencl", "rkmpp"]
[2026-05-03 21:27:02.945 -04:00] [INF] [9] Emby.Server.Implementations.ScheduledTasks.TaskManager: "Clean Transcode Directory" Completed after 0 minute(s) and 0 seconds
[2026-05-03 21:27:02.945 -04:00] [INF] [10] Emby.Server.Implementations.ScheduledTasks.TaskManager: "Clean up collections and playlists" Completed after 0 minute(s) and 0 seconds
[2026-05-03 21:27:03.313 -04:00] [INF] [15] Emby.Server.Implementations.ScheduledTasks.TaskManager: "Update Plugins" Completed after 0 minute(s) and 0 seconds
[2026-05-03 21:27:07.227 -04:00] [INF] [13] MediaBrowser.MediaEncoding.Encoder.MediaEncoder: FFmpeg: "/usr/lib/jellyfin-ffmpeg/ffmpeg"
[2026-05-03 21:27:07.228 -04:00] [INF] [13] Emby.Server.Implementations.ApplicationHost: ServerId: "3b7bf31d74a4418a8d9b202fcb638c73"
[2026-05-03 21:27:07.228 -04:00] [INF] [13] Emby.Server.Implementations.ApplicationHost: Core startup complete
[2026-05-03 21:27:07.228 -04:00] [INF] [13] Main: Startup complete 0:00:09.2900667
[2026-05-03 21:27:08.282 -04:00] [WRN] [9] Jellyfin.Networking.Manager.NetworkManager: "::ffff:172.20.0.17": Only loopback "::1" returned, using that as bind address.
[2026-05-03 21:27:08.384 -04:00] [WRN] [13] Jellyfin.Networking.Manager.NetworkManager: "::ffff:172.20.0.17": Only loopback "::1" returned, using that as bind address.
[2026-05-03 21:27:08.511 -04:00] [WRN] [9] Jellyfin.Networking.Manager.NetworkManager: "::ffff:172.20.0.17": Only loopback "::1" returned, using that as bind address.
[2026-05-03 21:27:09.658 -04:00] [WRN] [15] Jellyfin.Networking.Manager.NetworkManager: "::ffff:172.20.0.17": Only loopback "::1" returned, using that as bind address.
[2026-05-03 21:27:09.761 -04:00] [WRN] [9] Jellyfin.Networking.Manager.NetworkManager: "::ffff:172.20.0.17": Only loopback "::1" returned, using that as bind address.
[2026-05-03 21:27:09.862 -04:00] [WRN] [15] Jellyfin.Networking.Manager.NetworkManager: "::ffff:172.20.0.17": Only loopback "::1" returned, using that as bind address.
[2026-05-03 21:27:11.238 -04:00] [WRN] [9] Jellyfin.Networking.Manager.NetworkManager: "::ffff:172.20.0.17": Only loopback "::1" returned, using that as bind address.
[2026-05-03 21:27:11.391 -04:00] [WRN] [13] Jellyfin.Networking.Manager.NetworkManager: "::ffff:172.20.0.17": Only loopback "::1" returned, using that as bind address.
[2026-05-03 21:27:11.494 -04:00] [WRN] [13] Jellyfin.Networking.Manager.NetworkManager: "::ffff:172.20.0.17": Only loopback "::1" returned, using that as bind address.
[2026-05-03 21:27:12.706 -04:00] [WRN] [13] Jellyfin.Networking.Manager.NetworkManager: "::ffff:172.20.0.17": Only loopback "::1" returned, using that as bind address.
[2026-05-03 21:27:12.985 -04:00] [WRN] [13] Jellyfin.Networking.Manager.NetworkManager: "::ffff:172.20.0.17": Only loopback "::1" returned, using that as bind address.
[2026-05-03 21:27:13.104 -04:00] [WRN] [9] Jellyfin.Networking.Manager.NetworkManager: "::ffff:172.20.0.17": Only loopback "::1" returned, using that as bind address.
[2026-05-03 21:27:13.230 -04:00] [WRN] [9] Jellyfin.Networking.Manager.NetworkManager: "::ffff:172.20.0.17": Only loopback "::1" returned, using that as bind address.
[2026-05-03 21:27:13.306 -04:00] [WRN] [9] Jellyfin.Networking.Manager.NetworkManager: "::ffff:172.20.0.17": Only loopback "::1" returned, using that as bind address.
[2026-05-03 21:27:13.482 -04:00] [WRN] [9] Jellyfin.Networking.Manager.NetworkManager: "::ffff:172.20.0.17": Only loopback "::1" returned, using that as bind address.
[2026-05-03 21:27:26.381 -04:00] [WRN] [9] Jellyfin.Networking.Manager.NetworkManager: "::ffff:172.20.0.17": Only loopback "::1" returned, using that as bind address.
[2026-05-03 21:27:26.519 -04:00] [WRN] [9] Jellyfin.Networking.Manager.NetworkManager: "::ffff:172.20.0.17": Only loopback "::1" returned, using that as bind address.
[2026-05-03 21:27:26.620 -04:00] [WRN] [9] Jellyfin.Networking.Manager.NetworkManager: "::ffff:172.20.0.17": Only loopback "::1" returned, using that as bind address.
[2026-05-03 21:27:26.694 -04:00] [WRN] [9] Jellyfin.Networking.Manager.NetworkManager: "::ffff:172.20.0.17": Only loopback "::1" returned, using that as bind address.
[2026-05-03 21:27:32.363 -04:00] [WRN] [15] Jellyfin.Networking.Manager.NetworkManager: "::ffff:172.20.0.1": Only loopback "::1" returned, using that as bind address.
[2026-05-03 21:27:32.548 -04:00] [WRN] [15] Jellyfin.Networking.Manager.NetworkManager: "::ffff:172.20.0.1": Only loopback "::1" returned, using that as bind address.
[2026-05-03 21:27:32.746 -04:00] [WRN] [9] Jellyfin.Networking.Manager.NetworkManager: "::ffff:172.20.0.1": Only loopback "::1" returned, using that as bind address.
[2026-05-03 21:27:32.766 -04:00] [WRN] [15] Jellyfin.Networking.Manager.NetworkManager: "::ffff:172.20.0.1": Only loopback "::1" returned, using that as bind address.
[2026-05-03 21:27:32.772 -04:00] [INF] [23] Emby.Server.Implementations.HttpServer.WebSocketManager: WS "::ffff:172.20.0.1" request
[2026-05-03 21:27:39.313 -04:00] [WRN] [23] Jellyfin.Networking.Manager.NetworkManager: "::ffff:172.20.0.1": Only loopback "::1" returned, using that as bind address.
[2026-05-03 21:27:53.388 -04:00] [WRN] [10] Jellyfin.Networking.Manager.NetworkManager: "::ffff:172.20.0.1": Only loopback "::1" returned, using that as bind address.
[2026-05-03 21:28:06.322 -04:00] [INF] [25] Emby.Server.Implementations.Session.SessionManager: Sending shutdown notifications
[2026-05-03 21:28:06.345 -04:00] [INF] [24] Emby.Server.Implementations.HttpServer.WebSocketManager: WS "::ffff:172.20.0.1" closed
[2026-05-03 21:28:06.352 -04:00] [INF] [24] Main: Running query planner optimizations in the database... This might take a while
[2026-05-03 21:28:06.374 -04:00] [INF] [9] Emby.Server.Implementations.IO.LibraryMonitor: Stopping directory watching for path "/data/media/movies"
[2026-05-03 21:28:06.374 -04:00] [INF] [9] Emby.Server.Implementations.IO.LibraryMonitor: Stopping directory watching for path "/data/media/tv"
[2026-05-03 21:28:06.378 -04:00] [INF] [24] Emby.Server.Implementations.ApplicationHost: Disposing "CoreAppHost"
[2026-05-03 21:28:06.378 -04:00] [INF] [24] Emby.Server.Implementations.ApplicationHost: Disposing "MusicBrainzArtistProvider"
[2026-05-03 21:28:06.379 -04:00] [INF] [24] Emby.Server.Implementations.ApplicationHost: Disposing "MusicBrainzAlbumProvider"
[2026-05-03 21:28:06.379 -04:00] [INF] [24] Emby.Server.Implementations.ApplicationHost: Disposing "PluginManager"
[2026-05-03 21:37:41.320 -04:00] [INF] [1] Emby.Server.Implementations.AppBase.BaseConfigurationManager: Setting cache path: "/config/cache"
[2026-05-03 21:37:41.433 -04:00] [INF] [7] Jellyfin.Server.ServerSetupApp.SetupServer: Kestrel is listening on "all interfaces"
[2026-05-03 21:37:41.447 -04:00] [INF] [7] Main: Jellyfin version: "10.11.8"
[2026-05-03 21:37:41.448 -04:00] [INF] [7] Main: Environment Variables: ["[JELLYFIN_LOG_DIR, /config/log]", "[JELLYFIN_DATA_DIR, /config/data]", "[JELLYFIN_CONFIG_DIR, /config]", "[JELLYFIN_CACHE_DIR, /config/cache]", "[JELLYFIN_WEB_DIR, /usr/share/jellyfin/web]"]
[2026-05-03 21:37:41.448 -04:00] [INF] [7] Main: Arguments: ["/usr/lib/jellyfin/bin/jellyfin.dll", "--ffmpeg=/usr/lib/jellyfin-ffmpeg/ffmpeg"]
[2026-05-03 21:37:41.449 -04:00] [INF] [7] Main: Operating system: "Ubuntu 24.04.4 LTS"
[2026-05-03 21:37:41.449 -04:00] [INF] [7] Main: Architecture: Arm64
[2026-05-03 21:37:41.449 -04:00] [INF] [7] Main: 64-Bit Process: True
[2026-05-03 21:37:41.449 -04:00] [INF] [7] Main: User Interactive: True
[2026-05-03 21:37:41.449 -04:00] [INF] [7] Main: Processor count: 8
[2026-05-03 21:37:41.449 -04:00] [INF] [7] Main: Program data path: "/config/data"
[2026-05-03 21:37:41.449 -04:00] [INF] [7] Main: Log directory path: "/config/log"
[2026-05-03 21:37:41.449 -04:00] [INF] [7] Main: Config directory path: "/config"
[2026-05-03 21:37:41.449 -04:00] [INF] [7] Main: Cache path: "/config/cache"
[2026-05-03 21:37:41.449 -04:00] [INF] [7] Main: Temp directory path: "/tmp/jellyfin"
[2026-05-03 21:37:41.449 -04:00] [INF] [7] Main: Web resources path: "/usr/share/jellyfin/web"
[2026-05-03 21:37:41.449 -04:00] [INF] [7] Main: Application directory: "/usr/lib/jellyfin/bin/"
[2026-05-03 21:37:41.456 -04:00] [INF] [7] Jellyfin.Server.Startup: Storage path `"/config/data/data"` (Unknown) successfully checked with "186TiB" free which is over the minimum of "2GiB".
[2026-05-03 21:37:41.456 -04:00] [INF] [7] Jellyfin.Server.Startup: Storage path `"/config/cache"` (Unknown) successfully checked with "186TiB" free which is over the minimum of "2GiB".
[2026-05-03 21:37:41.456 -04:00] [INF] [7] Jellyfin.Server.Startup: Storage path `"/config/data"` (Unknown) successfully checked with "186TiB" free which is over the minimum of "2GiB".
[2026-05-03 21:37:41.459 -04:00] [INF] [7] Emby.Server.Implementations.AppBase.BaseConfigurationManager: Setting cache path: "/config/cache"
[2026-05-03 21:37:41.487 -04:00] [INF] [7] Jellyfin.Database.Providers.Sqlite.SqliteDatabaseProvider: SQLite connection string: "Data Source=/config/data/data/jellyfin.db;Cache=Default;Default Timeout=30;Pooling=True"
[2026-05-03 21:37:41.489 -04:00] [INF] [7] Jellyfin.Database.Providers.Sqlite.SqliteDatabaseProvider: SQLITE connection pragma command set to: 
"PRAGMA locking_mode=NORMAL;
PRAGMA journal_size_limit=134217728;
PRAGMA synchronous=1;
PRAGMA temp_store=2;
"
[2026-05-03 21:37:41.489 -04:00] [INF] [7] Jellyfin.Database.Implementations.Locking.NoLockBehavior: The database locking mode has been set to: NoLock.
[2026-05-03 21:37:41.501 -04:00] [INF] [7] Jellyfin.Server.Migrations.JellyfinMigrationService: Initialise Migration service.
[2026-05-03 21:37:41.930 -04:00] [INF] [7] Jellyfin.Server.Migrations.JellyfinMigrationService: There are 0 migrations for stage PreInitialisation.
[2026-05-03 21:37:41.943 -04:00] [WRN] [9] Microsoft.Extensions.Diagnostics.HealthChecks.DefaultHealthCheckService: Health check "StartupCheck" with status Degraded completed after 0.228ms with message '"Server is still starting up."'
[2026-05-03 21:37:41.944 -04:00] [INF] [7] Emby.Server.Implementations.AppBase.BaseConfigurationManager: Setting cache path: "/config/cache"
[2026-05-03 21:37:42.040 -04:00] [INF] [7] Emby.Server.Implementations.ApplicationHost: Loading assemblies
[2026-05-03 21:37:42.063 -04:00] [INF] [7] Jellyfin.Networking.Manager.NetworkManager: Defined LAN subnets: ["192.168.2.0/24"]
[2026-05-03 21:37:42.063 -04:00] [INF] [7] Jellyfin.Networking.Manager.NetworkManager: Defined LAN exclusions: []
[2026-05-03 21:37:42.064 -04:00] [INF] [7] Jellyfin.Networking.Manager.NetworkManager: Used LAN subnets: ["192.168.2.0/24"]
[2026-05-03 21:37:42.064 -04:00] [INF] [7] Jellyfin.Networking.Manager.NetworkManager: Filtered interface addresses: []
[2026-05-03 21:37:42.065 -04:00] [INF] [7] Jellyfin.Networking.Manager.NetworkManager: Bind Addresses ["::"]
[2026-05-03 21:37:42.065 -04:00] [INF] [7] Jellyfin.Networking.Manager.NetworkManager: Remote IP filter is "Allowlist"
[2026-05-03 21:37:42.065 -04:00] [INF] [7] Jellyfin.Networking.Manager.NetworkManager: Filtered subnets: []
[2026-05-03 21:37:42.113 -04:00] [INF] [7] Jellyfin.Database.Providers.Sqlite.SqliteDatabaseProvider: SQLite connection string: "Data Source=/config/data/data/jellyfin.db;Cache=Default;Default Timeout=30;Pooling=True"
[2026-05-03 21:37:42.113 -04:00] [INF] [7] Jellyfin.Database.Providers.Sqlite.SqliteDatabaseProvider: SQLITE connection pragma command set to: 
"PRAGMA locking_mode=NORMAL;
PRAGMA journal_size_limit=134217728;
PRAGMA synchronous=1;
PRAGMA temp_store=2;
"
[2026-05-03 21:37:42.113 -04:00] [INF] [7] Jellyfin.Database.Implementations.Locking.NoLockBehavior: The database locking mode has been set to: NoLock.
[2026-05-03 21:37:42.115 -04:00] [INF] [7] Main: Prepare system for possible migrations
[2026-05-03 21:37:42.126 -04:00] [INF] [7] Jellyfin.Server.Migrations.JellyfinMigrationService: There are 0 migrations for stage CoreInitialisation.
[2026-05-03 21:37:42.395 -04:00] [INF] [7] Emby.Server.Implementations.Plugins.PluginManager: Loaded plugin: "TMDb" "10.11.8.0"
[2026-05-03 21:37:42.395 -04:00] [INF] [7] Emby.Server.Implementations.Plugins.PluginManager: Loaded plugin: "Studio Images" "10.11.8.0"
[2026-05-03 21:37:42.395 -04:00] [INF] [7] Emby.Server.Implementations.Plugins.PluginManager: Loaded plugin: "OMDb" "10.11.8.0"
[2026-05-03 21:37:42.401 -04:00] [INF] [7] Emby.Server.Implementations.Plugins.PluginManager: Loaded plugin: "MusicBrainz" "10.11.8.0"
[2026-05-03 21:37:42.402 -04:00] [INF] [7] Emby.Server.Implementations.Plugins.PluginManager: Loaded plugin: "AudioDB" "10.11.8.0"
[2026-05-03 21:37:42.428 -04:00] [INF] [7] Jellyfin.Server.Migrations.JellyfinMigrationService: There are 0 migrations for stage AppInitialisation.
[2026-05-03 21:37:42.458 -04:00] [INF] [9] Main: Kestrel is listening on "all interfaces"
[2026-05-03 21:37:42.782 -04:00] [WRN] [9] Microsoft.AspNetCore.StaticFiles.StaticFileMiddleware: The WebRootPath was not found: "/run/s6-rc:s6-rc-init:LdIMPK/servicedirs/svc-jellyfin/wwwroot". Static files may be unavailable.
[2026-05-03 21:37:42.798 -04:00] [INF] [9] Emby.Server.Implementations.ApplicationHost: Running startup tasks
[2026-05-03 21:37:42.800 -04:00] [INF] [16] Emby.Server.Implementations.IO.LibraryMonitor: Watching directory "/data/media/tv"
[2026-05-03 21:37:42.801 -04:00] [INF] [7] Emby.Server.Implementations.IO.LibraryMonitor: Watching directory "/data/media/movies"
[2026-05-03 21:37:42.803 -04:00] [INF] [9] Emby.Server.Implementations.ScheduledTasks.TaskManager: Daily trigger for "Generate Trickplay Images" set to fire at 2026-05-04 03:00:00.000 -04:00, which is 05:22:17.1967458 from now.
[2026-05-03 21:37:42.807 -04:00] [INF] [9] Emby.Server.Implementations.ScheduledTasks.TaskManager: Daily trigger for "Extract Chapter Images" set to fire at 2026-05-04 02:00:00.000 -04:00, which is 04:22:17.1922410 from now.
[2026-05-03 21:37:42.822 -04:00] [INF] [9] MediaBrowser.MediaEncoding.Encoder.MediaEncoder: Found ffmpeg version "7.1.3"
[2026-05-03 21:37:42.835 -04:00] [INF] [9] MediaBrowser.MediaEncoding.Encoder.MediaEncoder: Available "decoders": ["libdav1d", "av1", "av1_cuvid", "av1_rkmpp", "h264", "h264_rkmpp", "h264_cuvid", "hevc", "hevc_rkmpp", "hevc_cuvid", "mpeg1_rkmpp", "mpeg2video", "mpeg2_rkmpp", "mpeg2_cuvid", "mpeg4", "mpeg4_rkmpp", "mpeg4_cuvid", "msmpeg4", "vc1_cuvid", "vp8", "vp8_rkmpp", "libvpx", "vp8_cuvid", "vp9", "vp9_rkmpp", "libvpx-vp9", "vp9_cuvid", "aac", "ac3", "ac4", "dca", "flac", "mp3", "truehd"]
[2026-05-03 21:37:42.842 -04:00] [INF] [9] MediaBrowser.MediaEncoding.Encoder.MediaEncoder: Available "encoders": ["libsvtav1", "av1_nvenc", "libx264", "h264_nvenc", "h264_v4l2m2m", "h264_rkmpp", "libx265", "hevc_nvenc", "hevc_rkmpp", "mjpeg_rkmpp", "aac", "libfdk_aac", "ac3", "alac", "dca", "flac", "libmp3lame", "libopus", "truehd", "libvorbis", "srt"]
[2026-05-03 21:37:42.848 -04:00] [INF] [9] MediaBrowser.MediaEncoding.Encoder.MediaEncoder: Available filters: ["bwdif_cuda", "bwdif_opencl", "hwupload_cuda", "overlay_opencl", "overlay_cuda", "overlay_rkrga", "scale_cuda", "scale_opencl", "scale_rkrga", "tonemapx", "tonemap_cuda", "tonemap_opencl", "transpose_cuda", "transpose_opencl", "vpp_rkrga", "yadif_cuda", "yadif_opencl", "zscale", "alphasrc"]
[2026-05-03 21:37:42.875 -04:00] [WRN] [9] MediaBrowser.MediaEncoding.Encoder.MediaEncoder: Filter: "overlay_vaapi" with option "Action to take when encountering EOF from secondary input" is not available
[2026-05-03 21:37:42.880 -04:00] [WRN] [9] MediaBrowser.MediaEncoding.Encoder.MediaEncoder: Filter: "overlay_vulkan" with option "Action to take when encountering EOF from secondary input" is not available
[2026-05-03 21:37:42.924 -04:00] [INF] [9] MediaBrowser.MediaEncoding.Encoder.MediaEncoder: Available hwaccel types: ["cuda", "drm", "opencl", "rkmpp"]
[2026-05-03 21:37:45.813 -04:00] [INF] [22] Emby.Server.Implementations.ScheduledTasks.TaskManager: "Clean Transcode Directory" Completed after 0 minute(s) and 0 seconds
[2026-05-03 21:37:45.813 -04:00] [INF] [10] Emby.Server.Implementations.ScheduledTasks.TaskManager: "Clean up collections and playlists" Completed after 0 minute(s) and 0 seconds
[2026-05-03 21:37:46.250 -04:00] [INF] [22] Emby.Server.Implementations.ScheduledTasks.TaskManager: "Update Plugins" Completed after 0 minute(s) and 0 seconds
[2026-05-03 21:37:47.623 -04:00] [INF] [16] Emby.Server.Implementations.HttpServer.WebSocketManager: WS "::ffff:172.20.0.1" request
[2026-05-03 21:37:47.997 -04:00] [INF] [16] Emby.Server.Implementations.HttpServer.WebSocketManager: WS "::ffff:172.20.0.1" closed
[2026-05-03 21:37:50.177 -04:00] [INF] [9] MediaBrowser.MediaEncoding.Encoder.MediaEncoder: FFmpeg: "/usr/lib/jellyfin-ffmpeg/ffmpeg"
[2026-05-03 21:37:50.177 -04:00] [INF] [9] Emby.Server.Implementations.ApplicationHost: ServerId: "3b7bf31d74a4418a8d9b202fcb638c73"
[2026-05-03 21:37:50.177 -04:00] [INF] [9] Emby.Server.Implementations.ApplicationHost: Core startup complete
[2026-05-03 21:37:50.177 -04:00] [INF] [9] Main: Startup complete 0:00:09.216578
[2026-05-03 21:38:16.574 -04:00] [INF] [10] Jellyfin.Server.Implementations.Users.UserManager: Authentication request for "Sandeep" has succeeded.
[2026-05-03 21:38:16.574 -04:00] [INF] [10] Emby.Server.Implementations.Session.SessionManager: Current/Max sessions for user "Sandeep": 0/0
[2026-05-03 21:38:16.575 -04:00] [INF] [10] Emby.Server.Implementations.Session.SessionManager: Creating new access token for user 9e565cd9-95d1-46a6-b504-1e823ddf5850
[2026-05-03 21:38:25.829 -04:00] [INF] [27] Emby.Server.Implementations.Session.SessionManager: Sending shutdown notifications
[2026-05-03 21:38:25.849 -04:00] [INF] [18] Main: Running query planner optimizations in the database... This might take a while
[2026-05-03 21:38:25.877 -04:00] [INF] [9] Emby.Server.Implementations.IO.LibraryMonitor: Stopping directory watching for path "/data/media/movies"
[2026-05-03 21:38:25.878 -04:00] [INF] [9] Emby.Server.Implementations.IO.LibraryMonitor: Stopping directory watching for path "/data/media/tv"
[2026-05-03 21:38:25.880 -04:00] [INF] [18] Emby.Server.Implementations.ApplicationHost: Disposing "CoreAppHost"
[2026-05-03 21:38:25.880 -04:00] [INF] [18] Emby.Server.Implementations.ApplicationHost: Disposing "MusicBrainzArtistProvider"
[2026-05-03 21:38:25.880 -04:00] [INF] [18] Emby.Server.Implementations.ApplicationHost: Disposing "MusicBrainzAlbumProvider"
[2026-05-03 21:38:25.880 -04:00] [INF] [18] Emby.Server.Implementations.ApplicationHost: Disposing "PluginManager"
[2026-05-03 22:33:58.605 -04:00] [INF] [1] Emby.Server.Implementations.AppBase.BaseConfigurationManager: Setting cache path: "/config/cache"
[2026-05-03 22:33:58.766 -04:00] [INF] [10] Jellyfin.Server.ServerSetupApp.SetupServer: Kestrel is listening on "all interfaces"
[2026-05-03 22:33:58.782 -04:00] [INF] [10] Main: Jellyfin version: "10.11.8"
[2026-05-03 22:33:58.783 -04:00] [INF] [10] Main: Environment Variables: ["[JELLYFIN_CACHE_DIR, /config/cache]", "[JELLYFIN_LOG_DIR, /config/log]", "[JELLYFIN_WEB_DIR, /usr/share/jellyfin/web]", "[JELLYFIN_CONFIG_DIR, /config]", "[JELLYFIN_DATA_DIR, /config/data]"]
[2026-05-03 22:33:58.784 -04:00] [INF] [10] Main: Arguments: ["/usr/lib/jellyfin/bin/jellyfin.dll", "--ffmpeg=/usr/lib/jellyfin-ffmpeg/ffmpeg"]
[2026-05-03 22:33:58.784 -04:00] [INF] [10] Main: Operating system: "Ubuntu 24.04.4 LTS"
[2026-05-03 22:33:58.784 -04:00] [INF] [10] Main: Architecture: Arm64
[2026-05-03 22:33:58.785 -04:00] [INF] [10] Main: 64-Bit Process: True
[2026-05-03 22:33:58.785 -04:00] [INF] [10] Main: User Interactive: True
[2026-05-03 22:33:58.785 -04:00] [INF] [10] Main: Processor count: 8
[2026-05-03 22:33:58.785 -04:00] [INF] [10] Main: Program data path: "/config/data"
[2026-05-03 22:33:58.785 -04:00] [INF] [10] Main: Log directory path: "/config/log"
[2026-05-03 22:33:58.785 -04:00] [INF] [10] Main: Config directory path: "/config"
[2026-05-03 22:33:58.785 -04:00] [INF] [10] Main: Cache path: "/config/cache"
[2026-05-03 22:33:58.785 -04:00] [INF] [10] Main: Temp directory path: "/tmp/jellyfin"
[2026-05-03 22:33:58.785 -04:00] [INF] [10] Main: Web resources path: "/usr/share/jellyfin/web"
[2026-05-03 22:33:58.785 -04:00] [INF] [10] Main: Application directory: "/usr/lib/jellyfin/bin/"
[2026-05-03 22:33:58.795 -04:00] [INF] [10] Jellyfin.Server.Startup: Storage path `"/config/data/data"` (Unknown) successfully checked with "187.4TiB" free which is over the minimum of "2GiB".
[2026-05-03 22:33:58.795 -04:00] [INF] [10] Jellyfin.Server.Startup: Storage path `"/config/cache"` (Unknown) successfully checked with "187.4TiB" free which is over the minimum of "2GiB".
[2026-05-03 22:33:58.796 -04:00] [INF] [10] Jellyfin.Server.Startup: Storage path `"/config/data"` (Unknown) successfully checked with "187.4TiB" free which is over the minimum of "2GiB".
[2026-05-03 22:33:58.798 -04:00] [INF] [10] Emby.Server.Implementations.AppBase.BaseConfigurationManager: Setting cache path: "/config/cache"
[2026-05-03 22:33:58.848 -04:00] [INF] [10] Jellyfin.Database.Providers.Sqlite.SqliteDatabaseProvider: SQLite connection string: "Data Source=/config/data/data/jellyfin.db;Cache=Default;Default Timeout=30;Pooling=True"
[2026-05-03 22:33:58.851 -04:00] [INF] [10] Jellyfin.Database.Providers.Sqlite.SqliteDatabaseProvider: SQLITE connection pragma command set to: 
"PRAGMA locking_mode=NORMAL;
PRAGMA journal_size_limit=134217728;
PRAGMA synchronous=1;
PRAGMA temp_store=2;
"
[2026-05-03 22:33:58.851 -04:00] [INF] [10] Jellyfin.Database.Implementations.Locking.NoLockBehavior: The database locking mode has been set to: NoLock.
[2026-05-03 22:33:58.869 -04:00] [INF] [10] Jellyfin.Server.Migrations.JellyfinMigrationService: Initialise Migration service.
[2026-05-03 22:33:59.110 -04:00] [WRN] [7] Microsoft.Extensions.Diagnostics.HealthChecks.DefaultHealthCheckService: Health check "StartupCheck" with status Degraded completed after 0.2363ms with message '"Server is still starting up."'
[2026-05-03 22:33:59.283 -04:00] [INF] [10] Jellyfin.Server.Migrations.JellyfinMigrationService: There are 0 migrations for stage PreInitialisation.
[2026-05-03 22:33:59.290 -04:00] [INF] [10] Emby.Server.Implementations.AppBase.BaseConfigurationManager: Setting cache path: "/config/cache"
[2026-05-03 22:33:59.374 -04:00] [INF] [10] Emby.Server.Implementations.ApplicationHost: Loading assemblies
[2026-05-03 22:33:59.394 -04:00] [INF] [10] Jellyfin.Networking.Manager.NetworkManager: Defined LAN subnets: ["192.168.2.0/24"]
[2026-05-03 22:33:59.395 -04:00] [INF] [10] Jellyfin.Networking.Manager.NetworkManager: Defined LAN exclusions: []
[2026-05-03 22:33:59.395 -04:00] [INF] [10] Jellyfin.Networking.Manager.NetworkManager: Used LAN subnets: ["192.168.2.0/24"]
[2026-05-03 22:33:59.395 -04:00] [INF] [10] Jellyfin.Networking.Manager.NetworkManager: Filtered interface addresses: []
[2026-05-03 22:33:59.395 -04:00] [INF] [10] Jellyfin.Networking.Manager.NetworkManager: Bind Addresses ["::"]
[2026-05-03 22:33:59.395 -04:00] [INF] [10] Jellyfin.Networking.Manager.NetworkManager: Remote IP filter is "Allowlist"
[2026-05-03 22:33:59.395 -04:00] [INF] [10] Jellyfin.Networking.Manager.NetworkManager: Filtered subnets: []
[2026-05-03 22:33:59.464 -04:00] [INF] [10] Jellyfin.Database.Providers.Sqlite.SqliteDatabaseProvider: SQLite connection string: "Data Source=/config/data/data/jellyfin.db;Cache=Default;Default Timeout=30;Pooling=True"
[2026-05-03 22:33:59.464 -04:00] [INF] [10] Jellyfin.Database.Providers.Sqlite.SqliteDatabaseProvider: SQLITE connection pragma command set to: 
"PRAGMA locking_mode=NORMAL;
PRAGMA journal_size_limit=134217728;
PRAGMA synchronous=1;
PRAGMA temp_store=2;
"
[2026-05-03 22:33:59.464 -04:00] [INF] [10] Jellyfin.Database.Implementations.Locking.NoLockBehavior: The database locking mode has been set to: NoLock.
[2026-05-03 22:33:59.467 -04:00] [INF] [10] Main: Prepare system for possible migrations
[2026-05-03 22:33:59.479 -04:00] [INF] [10] Jellyfin.Server.Migrations.JellyfinMigrationService: There are 0 migrations for stage CoreInitialisation.
[2026-05-03 22:33:59.738 -04:00] [INF] [10] Emby.Server.Implementations.Plugins.PluginManager: Loaded plugin: "TMDb" "10.11.8.0"
[2026-05-03 22:33:59.738 -04:00] [INF] [10] Emby.Server.Implementations.Plugins.PluginManager: Loaded plugin: "Studio Images" "10.11.8.0"
[2026-05-03 22:33:59.738 -04:00] [INF] [10] Emby.Server.Implementations.Plugins.PluginManager: Loaded plugin: "OMDb" "10.11.8.0"
[2026-05-03 22:33:59.743 -04:00] [INF] [10] Emby.Server.Implementations.Plugins.PluginManager: Loaded plugin: "MusicBrainz" "10.11.8.0"
[2026-05-03 22:33:59.743 -04:00] [INF] [10] Emby.Server.Implementations.Plugins.PluginManager: Loaded plugin: "AudioDB" "10.11.8.0"
[2026-05-03 22:33:59.766 -04:00] [INF] [10] Jellyfin.Server.Migrations.JellyfinMigrationService: There are 0 migrations for stage AppInitialisation.
[2026-05-03 22:33:59.788 -04:00] [INF] [15] Main: Kestrel is listening on "all interfaces"
[2026-05-03 22:34:00.071 -04:00] [WRN] [15] Microsoft.AspNetCore.StaticFiles.StaticFileMiddleware: The WebRootPath was not found: "/run/s6-rc:s6-rc-init:gLofkN/servicedirs/svc-jellyfin/wwwroot". Static files may be unavailable.
[2026-05-03 22:34:00.083 -04:00] [INF] [15] Emby.Server.Implementations.ApplicationHost: Running startup tasks
[2026-05-03 22:34:00.086 -04:00] [INF] [10] Emby.Server.Implementations.IO.LibraryMonitor: Watching directory "/data/media/tv"
[2026-05-03 22:34:00.087 -04:00] [INF] [9] Emby.Server.Implementations.IO.LibraryMonitor: Watching directory "/data/media/movies"
[2026-05-03 22:34:00.088 -04:00] [INF] [15] Emby.Server.Implementations.ScheduledTasks.TaskManager: Daily trigger for "Generate Trickplay Images" set to fire at 2026-05-04 03:00:00.000 -04:00, which is 04:25:59.9116725 from now.
[2026-05-03 22:34:00.095 -04:00] [INF] [15] Emby.Server.Implementations.ScheduledTasks.TaskManager: Daily trigger for "Extract Chapter Images" set to fire at 2026-05-04 02:00:00.000 -04:00, which is 03:25:59.9043758 from now.
[2026-05-03 22:34:00.164 -04:00] [INF] [15] MediaBrowser.MediaEncoding.Encoder.MediaEncoder: Found ffmpeg version "7.1.3"
[2026-05-03 22:34:00.184 -04:00] [INF] [15] MediaBrowser.MediaEncoding.Encoder.MediaEncoder: Available "decoders": ["libdav1d", "av1", "av1_cuvid", "av1_rkmpp", "h264", "h264_rkmpp", "h264_cuvid", "hevc", "hevc_rkmpp", "hevc_cuvid", "mpeg1_rkmpp", "mpeg2video", "mpeg2_rkmpp", "mpeg2_cuvid", "mpeg4", "mpeg4_rkmpp", "mpeg4_cuvid", "msmpeg4", "vc1_cuvid", "vp8", "vp8_rkmpp", "libvpx", "vp8_cuvid", "vp9", "vp9_rkmpp", "libvpx-vp9", "vp9_cuvid", "aac", "ac3", "ac4", "dca", "flac", "mp3", "truehd"]
[2026-05-03 22:34:00.191 -04:00] [INF] [15] MediaBrowser.MediaEncoding.Encoder.MediaEncoder: Available "encoders": ["libsvtav1", "av1_nvenc", "libx264", "h264_nvenc", "h264_v4l2m2m", "h264_rkmpp", "libx265", "hevc_nvenc", "hevc_rkmpp", "mjpeg_rkmpp", "aac", "libfdk_aac", "ac3", "alac", "dca", "flac", "libmp3lame", "libopus", "truehd", "libvorbis", "srt"]
[2026-05-03 22:34:00.200 -04:00] [INF] [15] MediaBrowser.MediaEncoding.Encoder.MediaEncoder: Available filters: ["bwdif_cuda", "bwdif_opencl", "hwupload_cuda", "overlay_opencl", "overlay_cuda", "overlay_rkrga", "scale_cuda", "scale_opencl", "scale_rkrga", "tonemapx", "tonemap_cuda", "tonemap_opencl", "transpose_cuda", "transpose_opencl", "vpp_rkrga", "yadif_cuda", "yadif_opencl", "zscale", "alphasrc"]
[2026-05-03 22:34:00.227 -04:00] [WRN] [15] MediaBrowser.MediaEncoding.Encoder.MediaEncoder: Filter: "overlay_vaapi" with option "Action to take when encountering EOF from secondary input" is not available
[2026-05-03 22:34:00.233 -04:00] [WRN] [15] MediaBrowser.MediaEncoding.Encoder.MediaEncoder: Filter: "overlay_vulkan" with option "Action to take when encountering EOF from secondary input" is not available
[2026-05-03 22:34:00.286 -04:00] [INF] [15] MediaBrowser.MediaEncoding.Encoder.MediaEncoder: Available hwaccel types: ["cuda", "drm", "opencl", "rkmpp"]
[2026-05-03 22:34:03.106 -04:00] [INF] [7] Emby.Server.Implementations.ScheduledTasks.TaskManager: "Clean up collections and playlists" Completed after 0 minute(s) and 0 seconds
[2026-05-03 22:34:03.106 -04:00] [INF] [13] Emby.Server.Implementations.ScheduledTasks.TaskManager: "Clean Transcode Directory" Completed after 0 minute(s) and 0 seconds
[2026-05-03 22:34:03.602 -04:00] [INF] [7] Emby.Server.Implementations.ScheduledTasks.TaskManager: "Update Plugins" Completed after 0 minute(s) and 0 seconds
[2026-05-03 22:34:07.387 -04:00] [INF] [15] MediaBrowser.MediaEncoding.Encoder.MediaEncoder: FFmpeg: "/usr/lib/jellyfin-ffmpeg/ffmpeg"
[2026-05-03 22:34:07.388 -04:00] [INF] [15] Emby.Server.Implementations.ApplicationHost: ServerId: "3b7bf31d74a4418a8d9b202fcb638c73"
[2026-05-03 22:34:07.388 -04:00] [INF] [15] Emby.Server.Implementations.ApplicationHost: Core startup complete
[2026-05-03 22:34:07.388 -04:00] [INF] [15] Main: Startup complete 0:00:09.184354
